ARM Linker, 5.03 [Build 24] [MDK-ARM Professional]

==============================================================================

Section Cross References

    stm32f1xx_hal_dma.o(i.HAL_DMA_Abort) refers to stm32f1xx_hal.o(i.HAL_GetTick) for HAL_GetTick
    stm32f1xx_hal_dma.o(i.HAL_DMA_PollForTransfer) refers to stm32f1xx_hal.o(i.HAL_GetTick) for HAL_GetTick
    stm32f1xx_hal_dma.o(i.HAL_DMA_Start) refers to stm32f1xx_hal_dma.o(i.DMA_SetConfig) for DMA_SetConfig
    stm32f1xx_hal_dma.o(i.HAL_DMA_Start_IT) refers to stm32f1xx_hal_dma.o(i.DMA_SetConfig) for DMA_SetConfig
    stm32f1xx_hal_pwr.o(i.HAL_PWR_EnterSTOPMode) refers to stm32f1xx_hal_pwr.o(i.PWR_OverloadWfe) for PWR_OverloadWfe
    stm32f1xx_hal_pwr.o(i.HAL_PWR_PVD_IRQHandler) refers to stm32f1xx_hal_pwr.o(i.HAL_PWR_PVDCallback) for HAL_PWR_PVDCallback
    stm32f1xx_hal_gpio.o(i.HAL_GPIO_EXTI_IRQHandler) refers to stm32f1xx_hal_gpio.o(i.HAL_GPIO_EXTI_Callback) for HAL_GPIO_EXTI_Callback
    stm32f1xx_hal_spi.o(i.HAL_SPI_DMAStop) refers to stm32f1xx_hal_dma.o(i.HAL_DMA_Abort) for HAL_DMA_Abort
    stm32f1xx_hal_spi.o(i.HAL_SPI_DeInit) refers to stm32f1xx_hal_msp.o(i.HAL_SPI_MspDeInit) for HAL_SPI_MspDeInit
    stm32f1xx_hal_spi.o(i.HAL_SPI_IRQHandler) refers to stm32f1xx_hal_spi.o(i.HAL_SPI_ErrorCallback) for HAL_SPI_ErrorCallback
    stm32f1xx_hal_spi.o(i.HAL_SPI_Init) refers to stm32f1xx_hal_msp.o(i.HAL_SPI_MspInit) for HAL_SPI_MspInit
    stm32f1xx_hal_spi.o(i.HAL_SPI_Receive) refers to stm32f1xx_hal_spi.o(i.HAL_SPI_TransmitReceive) for HAL_SPI_TransmitReceive
    stm32f1xx_hal_spi.o(i.HAL_SPI_Receive) refers to stm32f1xx_hal_spi.o(i.SPI_WaitOnFlagUntilTimeout) for SPI_WaitOnFlagUntilTimeout
    stm32f1xx_hal_spi.o(i.HAL_SPI_Receive) refers to stm32f1xx_hal_spi_ex.o(i.SPI_ISCRCErrorValid) for SPI_ISCRCErrorValid
    stm32f1xx_hal_spi.o(i.HAL_SPI_Receive_DMA) refers to stm32f1xx_hal_spi.o(i.HAL_SPI_TransmitReceive_DMA) for HAL_SPI_TransmitReceive_DMA
    stm32f1xx_hal_spi.o(i.HAL_SPI_Receive_DMA) refers to stm32f1xx_hal_dma.o(i.HAL_DMA_Start_IT) for HAL_DMA_Start_IT
    stm32f1xx_hal_spi.o(i.HAL_SPI_Receive_DMA) refers to stm32f1xx_hal_spi.o(i.SPI_DMAHalfReceiveCplt) for SPI_DMAHalfReceiveCplt
    stm32f1xx_hal_spi.o(i.HAL_SPI_Receive_DMA) refers to stm32f1xx_hal_spi.o(i.SPI_DMAReceiveCplt) for SPI_DMAReceiveCplt
    stm32f1xx_hal_spi.o(i.HAL_SPI_Receive_DMA) refers to stm32f1xx_hal_spi.o(i.SPI_DMAError) for SPI_DMAError
    stm32f1xx_hal_spi.o(i.HAL_SPI_Receive_IT) refers to stm32f1xx_hal_spi.o(i.HAL_SPI_TransmitReceive_IT) for HAL_SPI_TransmitReceive_IT
    stm32f1xx_hal_spi.o(i.HAL_SPI_Receive_IT) refers to stm32f1xx_hal_spi.o(i.SPI_RxISR) for SPI_RxISR
    stm32f1xx_hal_spi.o(i.HAL_SPI_Transmit) refers to stm32f1xx_hal_spi.o(i.SPI_WaitOnFlagUntilTimeout) for SPI_WaitOnFlagUntilTimeout
    stm32f1xx_hal_spi.o(i.HAL_SPI_TransmitReceive) refers to stm32f1xx_hal_spi.o(i.SPI_WaitOnFlagUntilTimeout) for SPI_WaitOnFlagUntilTimeout
    stm32f1xx_hal_spi.o(i.HAL_SPI_TransmitReceive_DMA) refers to stm32f1xx_hal_dma.o(i.HAL_DMA_Start_IT) for HAL_DMA_Start_IT
    stm32f1xx_hal_spi.o(i.HAL_SPI_TransmitReceive_DMA) refers to stm32f1xx_hal_spi.o(i.SPI_DMAHalfTransmitReceiveCplt) for SPI_DMAHalfTransmitReceiveCplt
    stm32f1xx_hal_spi.o(i.HAL_SPI_TransmitReceive_DMA) refers to stm32f1xx_hal_spi.o(i.SPI_DMATransmitReceiveCplt) for SPI_DMATransmitReceiveCplt
    stm32f1xx_hal_spi.o(i.HAL_SPI_TransmitReceive_DMA) refers to stm32f1xx_hal_spi.o(i.SPI_DMAError) for SPI_DMAError
    stm32f1xx_hal_spi.o(i.HAL_SPI_TransmitReceive_DMA) refers to stm32f1xx_hal_spi.o(i.SPI_DMAHalfReceiveCplt) for SPI_DMAHalfReceiveCplt
    stm32f1xx_hal_spi.o(i.HAL_SPI_TransmitReceive_DMA) refers to stm32f1xx_hal_spi.o(i.SPI_DMAReceiveCplt) for SPI_DMAReceiveCplt
    stm32f1xx_hal_spi.o(i.HAL_SPI_TransmitReceive_IT) refers to stm32f1xx_hal_spi.o(i.SPI_TxISR) for SPI_TxISR
    stm32f1xx_hal_spi.o(i.HAL_SPI_TransmitReceive_IT) refers to stm32f1xx_hal_spi.o(i.SPI_2LinesRxISR) for SPI_2LinesRxISR
    stm32f1xx_hal_spi.o(i.HAL_SPI_Transmit_DMA) refers to stm32f1xx_hal_dma.o(i.HAL_DMA_Start_IT) for HAL_DMA_Start_IT
    stm32f1xx_hal_spi.o(i.HAL_SPI_Transmit_DMA) refers to stm32f1xx_hal_spi.o(i.SPI_DMAHalfTransmitCplt) for SPI_DMAHalfTransmitCplt
    stm32f1xx_hal_spi.o(i.HAL_SPI_Transmit_DMA) refers to stm32f1xx_hal_spi.o(i.SPI_DMATransmitCplt) for SPI_DMATransmitCplt
    stm32f1xx_hal_spi.o(i.HAL_SPI_Transmit_DMA) refers to stm32f1xx_hal_spi.o(i.SPI_DMAError) for SPI_DMAError
    stm32f1xx_hal_spi.o(i.HAL_SPI_Transmit_IT) refers to stm32f1xx_hal_spi.o(i.SPI_TxISR) for SPI_TxISR
    stm32f1xx_hal_spi.o(i.SPI_2LinesRxISR) refers to stm32f1xx_hal_spi.o(i.SPI_RxCloseIRQHandler) for SPI_RxCloseIRQHandler
    stm32f1xx_hal_spi.o(i.SPI_DMAError) refers to stm32f1xx_hal_spi.o(i.HAL_SPI_ErrorCallback) for HAL_SPI_ErrorCallback
    stm32f1xx_hal_spi.o(i.SPI_DMAHalfReceiveCplt) refers to stm32f1xx_hal_spi.o(i.HAL_SPI_RxHalfCpltCallback) for HAL_SPI_RxHalfCpltCallback
[...]
    ../Drivers/STM32F1xx_HAL_Driver/Src/stm32f1xx_hal_flash_ex.c 0x00000000   Number         0  stm32f1xx_hal_flash_ex.o ABSOLUTE
    ../Drivers/STM32F1xx_HAL_Driver/Src/stm32f1xx_hal_gpio.c 0x00000000   Number         0  stm32f1xx_hal_gpio.o ABSOLUTE
    ../Drivers/STM32F1xx_HAL_Driver/Src/stm32f1xx_hal_pwr.c 0x00000000   Number         0  stm32f1xx_hal_pwr.o ABSOLUTE
    ../Drivers/STM32F1xx_HAL_Driver/Src/stm32f1xx_hal_rcc.c 0x00000000   Number         0  stm32f1xx_hal_rcc.o ABSOLUTE
    ../Drivers/STM32F1xx_HAL_Driver/Src/stm32f1xx_hal_rcc_ex.c 0x00000000   Number         0  stm32f1xx_hal_rcc_ex.o ABSOLUTE
    ../Drivers/STM32F1xx_HAL_Driver/Src/stm32f1xx_hal_rtc.c 0x00000000   Number         0  stm32f1xx_hal_rtc.o ABSOLUTE
    ../Drivers/STM32F1xx_HAL_Driver/Src/stm32f1xx_hal_rtc_ex.c 0x00000000   Number         0  stm32f1xx_hal_rtc_ex.o ABSOLUTE
    ../Drivers/STM32F1xx_HAL_Driver/Src/stm32f1xx_hal_spi.c 0x00000000   Number         0  stm32f1xx_hal_spi.o ABSOLUTE
    ../Drivers/STM32F1xx_HAL_Driver/Src/stm32f1xx_hal_spi_ex.c 0x00000000   Number         0  stm32f1xx_hal_spi_ex.o ABSOLUTE
    ../Drivers/STM32F1xx_HAL_Driver/Src/stm32f1xx_hal_tim.c 0x00000000   Number         0  stm32f1xx_hal_tim.o ABSOLUTE
    ../Drivers/STM32F1xx_HAL_Driver/Src/stm32f1xx_hal_tim_ex.c 0x00000000   Number         0  stm32f1xx_hal_tim_ex.o ABSOLUTE
    ../Src/main.c                            0x00000000   Number         0  main.o ABSOLUTE
    ../Src/stm32f1xx_hal_msp.c               0x00000000   Number         0  stm32f1xx_hal_msp.o ABSOLUTE
    ../Src/stm32f1xx_it.c                    0x00000000   Number         0  stm32f1xx_it.o ABSOLUTE
    ../clib/../cmprslib/zerorunl2.c          0x00000000   Number         0  __dczerorl2.o ABSOLUTE
    ../clib/microlib/errno.c                 0x00000000   Number         0  errno.o ABSOLUTE
    ../clib/microlib/init/entry.s            0x00000000   Number         0  entry9b.o ABSOLUTE
    ../clib/microlib/init/entry.s            0x00000000   Number         0  entry8a.o ABSOLUTE
    ../clib/microlib/init/entry.s            0x00000000   Number         0  entry9a.o ABSOLUTE
    ../clib/microlib/init/entry.s            0x00000000   Number         0  entry2.o ABSOLUTE
    ../clib/microlib/init/entry.s            0x00000000   Number         0  entry.o ABSOLUTE
    ../clib/microlib/init/entry.s            0x00000000   Number         0  entry11b.o ABSOLUTE
    ../clib/microlib/init/entry.s            0x00000000   Number         0  entry5.o ABSOLUTE
    ../clib/microlib/init/entry.s            0x00000000   Number         0  entry8b.o ABSOLUTE
    ../clib/microlib/init/entry.s            0x00000000   Number         0  entry10b.o ABSOLUTE
    ../clib/microlib/init/entry.s            0x00000000   Number         0  entry11a.o ABSOLUTE
    ../clib/microlib/init/entry.s            0x00000000   Number         0  entry7a.o ABSOLUTE
    ../clib/microlib/init/entry.s            0x00000000   Number         0  entry10a.o ABSOLUTE
    ../clib/microlib/init/entry.s            0x00000000   Number         0  entry7b.o ABSOLUTE
    ../clib/microlib/longlong.c              0x00000000   Number         0  llshl.o ABSOLUTE
    ../clib/microlib/longlong.c              0x00000000   Number         0  llushr.o ABSOLUTE
    ../clib/microlib/longlong.c              0x00000000   Number         0  llsshr.o ABSOLUTE
    ../clib/microlib/string/strlen.c         0x00000000   Number         0  strlen.o ABSOLUTE
    ../clib/microlib/stubs.s                 0x00000000   Number         0  iusefp.o ABSOLUTE
    ../fplib/microlib/d2f.c                  0x00000000   Number         0  d2f.o ABSOLUTE
    ../fplib/microlib/f2d.c                  0x00000000   Number         0  f2d.o ABSOLUTE
    ../fplib/microlib/fpadd.c                0x00000000   Number         0  dadd.o ABSOLUTE
    ../fplib/microlib/fpadd.c                0x00000000   Number         0  fadd.o ABSOLUTE
    ../fplib/microlib/fpdiv.c                0x00000000   Number         0  ddiv.o ABSOLUTE
    ../fplib/microlib/fpdiv.c                0x00000000   Number         0  fdiv.o ABSOLUTE
    ../fplib/microlib/fpepilogue.c           0x00000000   Number         0  depilogue.o ABSOLUTE
    ../fplib/microlib/fpepilogue.c           0x00000000   Number         0  fepilogue.o ABSOLUTE
    ../fplib/microlib/fpfix.c                0x00000000   Number         0  dfixui.o ABSOLUTE
    ../fplib/microlib/fpfix.c                0x00000000   Number         0  dfixi.o ABSOLUTE
    ../fplib/microlib/fpfix.c                0x00000000   Number         0  ffixui.o ABSOLUTE
    ../fplib/microlib/fpflt.c                0x00000000   Number         0  ffltui.o ABSOLUTE
    ../fplib/microlib/fpflt.c                0x00000000   Number         0  dflti.o ABSOLUTE
    ../fplib/microlib/fpflt.c                0x00000000   Number         0  dfltui.o ABSOLUTE
    ../fplib/microlib/fpmul.c                0x00000000   Number         0  dmul.o ABSOLUTE
    ../fplib/microlib/fpmul.c                0x00000000   Number         0  fmul.o ABSOLUTE
    ../fplib/microlib/fpscalb.c              0x00000000   Number         0  fscalb.o ABSOLUTE
    ../fplib/microlib/fpscalb.c              0x00000000   Number         0  dscalb.o ABSOLUTE
    ../mathlib/cos.c                         0x00000000   Number         0  cos_x.o ABSOLUTE
    ../mathlib/cos.c                         0x00000000   Number         0  cos.o ABSOLUTE
    ../mathlib/cos_i.c                       0x00000000   Number         0  cos_i.o ABSOLUTE
    ../mathlib/dunder.c                      0x00000000   Number         0  dunder.o ABSOLUTE
    ../mathlib/fpclassify.c                  0x00000000   Number         0  fpclassify.o ABSOLUTE
    ../mathlib/poly.c                        0x00000000   Number         0  poly.o ABSOLUTE
    ../mathlib/rred.c                        0x00000000   Number         0  rred.o ABSOLUTE
    ../mathlib/sin_i.c                       0x00000000   Number         0  sin_i_x.o ABSOLUTE
    ../mathlib/sin_i.c                       0x00000000   Number         0  sin_i.o ABSOLUTE
    ..\Drivers\CMSIS\Device\ST\STM32F1xx\Source\Templates\system_stm32f1xx.c 0x00000000   Number         0  system_stm32f1xx.o ABSOLUTE
    ..\Drivers\STM32F1xx_HAL_Driver\Src\stm32f1xx_hal.c 0x00000000   Number         0  stm32f1xx_hal.o ABSOLUTE
    ..\Drivers\STM32F1xx_HAL_Driver\Src\stm32f1xx_hal_adc.c 0x00000000   Number         0  stm32f1xx_hal_adc.o ABSOLUTE
    ..\Drivers\STM32F1xx_HAL_Driver\Src\stm32f1xx_hal_adc_ex.c 0x00000000   Number         0  stm32f1xx_hal_adc_ex.o ABSOLUTE
    ..\Drivers\STM32F1xx_HAL_Driver\Src\stm32f1xx_hal_cortex.c 0x00000000   Number         0  stm32f1xx_hal_cortex.o ABSOLUTE
    ..\Drivers\STM32F1xx_HAL_Driver\Src\stm32f1xx_hal_dma.c 0x00000000   Number         0  stm32f1xx_hal_dma.o ABSOLUTE
    ..\Drivers\STM32F1xx_HAL_Driver\Src\stm32f1xx_hal_flash.c 0x00000000   Number         0  stm32f1xx_hal_flash.o ABSOLUTE
    ..\Drivers\STM32F1xx_HAL_Driver\Src\stm32f1xx_hal_flash_ex.c 0x00000000   Number         0  stm32f1xx_hal_flash_ex.o ABSOLUTE
    ..\Drivers\STM32F1xx_HAL_Driver\Src\stm32f1xx_hal_gpio.c 0x00000000   Number         0  stm32f1xx_hal_gpio.o ABSOLUTE
    ..\Drivers\STM32F1xx_HAL_Driver\Src\stm32f1xx_hal_pwr.c 0x00000000   Number         0  stm32f1xx_hal_pwr.o ABSOLUTE
    ..\Drivers\STM32F1xx_HAL_Driver\Src\stm32f1xx_hal_rcc.c 0x00000000   Number         0  stm32f1xx_hal_rcc.o ABSOLUTE
    ..\Drivers\STM32F1xx_HAL_Driver\Src\stm32f1xx_hal_rcc_ex.c 0x00000000   Number         0  stm32f1xx_hal_rcc_ex.o ABSOLUTE
    ..\Drivers\STM32F1xx_HAL_Driver\Src\stm32f1xx_hal_rtc.c 0x00000000   Number         0  stm32f1xx_hal_rtc.o ABSOLUTE
    ..\Drivers\STM32F1xx_HAL_Driver\Src\stm32f1xx_hal_rtc_ex.c 0x00000000   Number         0  stm32f1xx_hal_rtc_ex.o ABSOLUTE
    ..\Drivers\STM32F1xx_HAL_Driver\Src\stm32f1xx_hal_spi.c 0x00000000   Number         0  stm32f1xx_hal_spi.o ABSOLUTE
    ..\Drivers\STM32F1xx_HAL_Driver\Src\stm32f1xx_hal_spi_ex.c 0x00000000   Number         0  stm32f1xx_hal_spi_ex.o ABSOLUTE
    ..\Drivers\STM32F1xx_HAL_Driver\Src\stm32f1xx_hal_tim.c 0x00000000   Number         0  stm32f1xx_hal_tim.o ABSOLUTE
    ..\Drivers\STM32F1xx_HAL_Driver\Src\stm32f1xx_hal_tim_ex.c 0x00000000   Number         0  stm32f1xx_hal_tim_ex.o ABSOLUTE
    ..\Src\main.c                            0x00000000   Number         0  main.o ABSOLUTE
    ..\Src\stm32f1xx_hal_msp.c               0x00000000   Number         0  stm32f1xx_hal_msp.o ABSOLUTE
    ..\Src\stm32f1xx_it.c                    0x00000000   Number         0  stm32f1xx_it.o ABSOLUTE
    cfcmple.s                                0x00000000   Number         0  cfcmple.o ABSOLUTE
    dc.s                                     0x00000000   Number         0  dc.o ABSOLUTE
    handlers.s                               0x00000000   Number         0  handlers.o ABSOLUTE
    init.s                                   0x00000000   Number         0  init.o ABSOLUTE
    startup_stm32f100xb.s                    0x00000000   Number         0  startup_stm32f100xb.o ABSOLUTE
    RESET                                    0x08000000   Section      288  startup_stm32f100xb.o(RESET)
    .ARM.Collect$$$$00000000                 0x08000120   Section        0  entry.o(.ARM.Collect$$$$00000000)
    .ARM.Collect$$$$00000001                 0x08000120   Section        4  entry2.o(.ARM.Collect$$$$00000001)
    .ARM.Collect$$$$00000004                 0x08000124   Section        4  entry5.o(.ARM.Collect$$$$00000004)
    .ARM.Collect$$$$00000008                 0x08000128   Section        0  entry7b.o(.ARM.Collect$$$$00000008)
    .ARM.Collect$$$$0000000A                 0x08000128   Section        0  entry8b.o(.ARM.Collect$$$$0000000A)
    .ARM.Collect$$$$0000000B                 0x08000128   Section        8  entry9a.o(.ARM.Collect$$$$0000000B)
    .ARM.Collect$$$$0000000D                 0x08000130   Section        0  entry10a.o(.ARM.Collect$$$$0000000D)
    .ARM.Collect$$$$0000000F                 0x08000130   Section        0  entry11a.o(.ARM.Collect$$$$0000000F)
    .ARM.Collect$$$$00002712                 0x08000130   Section        4  entry2.o(.ARM.Collect$$$$00002712)
    __lit__00000000                          0x08000130   Data           4  entry2.o(.ARM.Collect$$$$00002712)
    .text                                    0x08000134   Section       36  startup_stm32f100xb.o(.text)
    .text                                    0x08000158   Section        0  llushr.o(.text)
    .text                                    0x08000178   Section        0  fmul.o(.text)
    .text                                    0x080001e4   Section        0  dmul.o(.text)
    .text                                    0x080002c8   Section        0  ddiv.o(.text)
    .text                                    0x080003a6   Section        0  dscalb.o(.text)
    .text                                    0x080003d4   Section        0  ffltui.o(.text)
    .text                                    0x080003de   Section        0  dfltui.o(.text)
    .text                                    0x080003f8   Section        0  ffixui.o(.text)
    .text                                    0x08000420   Section        0  dfixui.o(.text)
    .text                                    0x08000452   Section        0  f2d.o(.text)
    .text                                    0x08000478   Section        0  d2f.o(.text)
    .text                                    0x080004b0   Section        0  fepilogue.o(.text)
    .text                                    0x080004b0   Section        0  iusefp.o(.text)
    .text                                    0x0800051c   Section        0  depilogue.o(.text)
    .text                                    0x080005dc   Section       36  init.o(.text)
    .text                                    0x08000600   Section        0  llshl.o(.text)
    .text                                    0x0800061e   Section        0  __dczerorl2.o(.text)
    i.ADC_ConversionStop_Disable             0x0800067c   Section        0  stm32f1xx_hal_adc.o(i.ADC_ConversionStop_Disable)
    i.ADC_Enable                             0x080006c8   Section        0  stm32f1xx_hal_adc.o(i.ADC_Enable)
    i.BusFault_Handler                       0x08000738   Section        0  stm32f1xx_it.o(i.BusFault_Handler)
    i.ButtonPressed                          0x0800073c   Section        0  main.o(i.ButtonPressed)
    i.ChangeBacklight                        0x080007a0   Section        0  main.o(i.ChangeBacklight)
    i.Core0                                  0x080007bc   Section        0  main.o(i.Core0)
    i.DebugMon_Handler                       0x080007e4   Section        0  stm32f1xx_it.o(i.DebugMon_Handler)
    i.EXTI4_IRQHandler                       0x080007e8   Section        0  stm32f1xx_it.o(i.EXTI4_IRQHandler)
    i.EXTI9_5_IRQHandler                     0x08000804   Section        0  stm32f1xx_it.o(i.EXTI9_5_IRQHandler)
    i.EncoderInit                            0x08000838   Section        0  main.o(i.EncoderInit)
    i.GUI_Line                               0x08000874   Section        0  main.o(i.GUI_Line)
    i.GUI_Rectangle                          0x08000a5a   Section        0  main.o(i.GUI_Rectangle)
    i.GetInUmV                               0x08000adc   Section        0  main.o(i.GetInUmV)
    i.HAL_ADC_ConfigChannel                  0x08000b40   Section        0  stm32f1xx_hal_adc.o(i.HAL_ADC_ConfigChannel)
    i.HAL_ADC_Init                           0x08000ca8   Section        0  stm32f1xx_hal_adc.o(i.HAL_ADC_Init)
    i.HAL_ADC_MspInit                        0x08000ddc   Section        0  stm32f1xx_hal_msp.o(i.HAL_ADC_MspInit)
    i.HAL_ADC_Start                          0x08000e1c   Section        0  stm32f1xx_hal_adc.o(i.HAL_ADC_Start)
    i.HAL_Delay                              0x08000eaa   Section        0  stm32f1xx_hal.o(i.HAL_Delay)
    i.HAL_GPIO_EXTI_Callback                 0x08000ec0   Section        0  stm32f1xx_hal_gpio.o(i.HAL_GPIO_EXTI_Callback)
    i.HAL_GPIO_EXTI_IRQHandler               0x08000ec4   Section        0  stm32f1xx_hal_gpio.o(i.HAL_GPIO_EXTI_IRQHandler)
    i.HAL_GPIO_Init                          0x08000edc   Section        0  stm32f1xx_hal_gpio.o(i.HAL_GPIO_Init)
    i.HAL_GPIO_WritePin                      0x080010b4   Section        0  stm32f1xx_hal_gpio.o(i.HAL_GPIO_WritePin)
    i.HAL_GetTick                            0x080010c0   Section        0  stm32f1xx_hal.o(i.HAL_GetTick)
    i.HAL_IncTick                            0x080010cc   Section        0  stm32f1xx_hal.o(i.HAL_IncTick)
    i.HAL_Init                               0x080010dc   Section        0  stm32f1xx_hal.o(i.HAL_Init)
    i.HAL_InitTick                           0x080010f2   Section        0  stm32f1xx_hal.o(i.HAL_InitTick)
    i.HAL_MspInit                            0x08001114   Section        0  stm32f1xx_hal_msp.o(i.HAL_MspInit)
    i.HAL_NVIC_EnableIRQ                     0x08001180   Section        0  stm32f1xx_hal_cortex.o(i.HAL_NVIC_EnableIRQ)
    i.HAL_NVIC_SetPriority                   0x08001198   Section        0  stm32f1xx_hal_cortex.o(i.HAL_NVIC_SetPriority)
    i.HAL_NVIC_SetPriorityGrouping           0x080011d8   Section        0  stm32f1xx_hal_cortex.o(i.HAL_NVIC_SetPriorityGrouping)
    i.HAL_PWR_EnableBkUpAccess               0x080011fc   Section        0  stm32f1xx_hal_pwr.o(i.HAL_PWR_EnableBkUpAccess)
    i.HAL_PWR_EnterSTOPMode                  0x08001214   Section        0  stm32f1xx_hal_pwr.o(i.HAL_PWR_EnterSTOPMode)
    i.HAL_RCCEx_GetPeriphCLKFreq             0x08001258   Section        0  stm32f1xx_hal_rcc_ex.o(i.HAL_RCCEx_GetPeriphCLKFreq)
    i.HAL_RCCEx_PeriphCLKConfig              0x080012c0   Section        0  stm32f1xx_hal_rcc_ex.o(i.HAL_RCCEx_PeriphCLKConfig)
    i.HAL_RCC_ClockConfig                    0x080013cc   Section        0  stm32f1xx_hal_rcc.o(i.HAL_RCC_ClockConfig)
    i.HAL_RCC_GetHCLKFreq                    0x080014d4   Section        0  stm32f1xx_hal_rcc.o(i.HAL_RCC_GetHCLKFreq)
    i.HAL_RCC_GetPCLK2Freq                   0x08001508   Section        0  stm32f1xx_hal_rcc.o(i.HAL_RCC_GetPCLK2Freq)
    i.HAL_RCC_GetSysClockFreq                0x08001534   Section        0  stm32f1xx_hal_rcc.o(i.HAL_RCC_GetSysClockFreq)
    i.HAL_RCC_OscConfig                      0x080015dc   Section        0  stm32f1xx_hal_rcc.o(i.HAL_RCC_OscConfig)
    i.HAL_RTC_GetTime                        0x08001c22   Section        0  stm32f1xx_hal_rtc.o(i.HAL_RTC_GetTime)
    i.HAL_RTC_Init                           0x08001ce8   Section        0  stm32f1xx_hal_rtc.o(i.HAL_RTC_Init)
    i.HAL_RTC_MspInit                        0x08001d88   Section        0  stm32f1xx_hal_msp.o(i.HAL_RTC_MspInit)
    i.HAL_RTC_SetDate                        0x08001dc8   Section        0  stm32f1xx_hal_rtc.o(i.HAL_RTC_SetDate)
    i.HAL_RTC_SetTime                        0x08001e8c   Section        0  stm32f1xx_hal_rtc.o(i.HAL_RTC_SetTime)
    i.HAL_RTC_WaitForSynchro                 0x08001f38   Section        0  stm32f1xx_hal_rtc.o(i.HAL_RTC_WaitForSynchro)
    i.HAL_SPI_Init                           0x08001f74   Section        0  stm32f1xx_hal_spi_ex.o(i.HAL_SPI_Init)
    i.HAL_SPI_MspInit                        0x08001ff4   Section        0  stm32f1xx_hal_msp.o(i.HAL_SPI_MspInit)
    i.HAL_SPI_TransmitReceive                0x08002084   Section        0  stm32f1xx_hal_spi.o(i.HAL_SPI_TransmitReceive)
    i.HAL_SYSTICK_CLKSourceConfig            0x08002336   Section        0  stm32f1xx_hal_cortex.o(i.HAL_SYSTICK_CLKSourceConfig)
    i.HAL_SYSTICK_Callback                   0x0800234e   Section        0  stm32f1xx_hal_cortex.o(i.HAL_SYSTICK_Callback)
    i.HAL_SYSTICK_Config                     0x08002350   Section        0  stm32f1xx_hal_cortex.o(i.HAL_SYSTICK_Config)
    i.HAL_SYSTICK_IRQHandler                 0x08002378   Section        0  stm32f1xx_hal_cortex.o(i.HAL_SYSTICK_IRQHandler)
    i.HAL_TIMEx_BreakCallback                0x08002380   Section        0  stm32f1xx_hal_tim_ex.o(i.HAL_TIMEx_BreakCallback)
    i.HAL_TIMEx_CommutationCallback          0x08002382   Section        0  stm32f1xx_hal_tim_ex.o(i.HAL_TIMEx_CommutationCallback)
    i.HAL_TIMEx_MasterConfigSynchronization  0x08002384   Section        0  stm32f1xx_hal_tim_ex.o(i.HAL_TIMEx_MasterConfigSynchronization)
    i.HAL_TIM_Base_Init                      0x080023d4   Section        0  stm32f1xx_hal_tim.o(i.HAL_TIM_Base_Init)
    i.HAL_TIM_Base_MspInit                   0x0800240c   Section        0  stm32f1xx_hal_msp.o(i.HAL_TIM_Base_MspInit)
    i.HAL_TIM_Base_Start_IT                  0x08002448   Section        0  stm32f1xx_hal_tim.o(i.HAL_TIM_Base_Start_IT)
    i.HAL_TIM_ConfigClockSource              0x08002460   Section        0  stm32f1xx_hal_tim.o(i.HAL_TIM_ConfigClockSource)
    i.HAL_TIM_Encoder_Init                   0x08002550   Section        0  stm32f1xx_hal_tim.o(i.HAL_TIM_Encoder_Init)
    i.HAL_TIM_Encoder_MspInit                0x080025e8   Section        0  stm32f1xx_hal_msp.o(i.HAL_TIM_Encoder_MspInit)
    i.HAL_TIM_Encoder_Start_IT               0x0800263c   Section        0  stm32f1xx_hal_tim.o(i.HAL_TIM_Encoder_Start_IT)
    i.HAL_TIM_IC_CaptureCallback             0x08002698   Section        0  stm32f1xx_hal_tim.o(i.HAL_TIM_IC_CaptureCallback)
    i.HAL_TIM_IRQHandler                     0x0800269a   Section        0  stm32f1xx_hal_tim.o(i.HAL_TIM_IRQHandler)
    i.HAL_TIM_OC_DelayElapsedCallback        0x08002800   Section        0  stm32f1xx_hal_tim.o(i.HAL_TIM_OC_DelayElapsedCallback)
    i.HAL_TIM_PWM_PulseFinishedCallback      0x08002802   Section        0  stm32f1xx_hal_tim.o(i.HAL_TIM_PWM_PulseFinishedCallback)
    i.HAL_TIM_PeriodElapsedCallback          0x08002804   Section        0  stm32f1xx_hal_tim.o(i.HAL_TIM_PeriodElapsedCallback)
    i.HAL_TIM_TriggerCallback                0x08002806   Section        0  stm32f1xx_hal_tim.o(i.HAL_TIM_TriggerCallback)
    i.HardFault_Handler                      0x08002808   Section        0  stm32f1xx_it.o(i.HardFault_Handler)
    i.I_set_time                             0x0800280c   Section        0  main.o(i.I_set_time)
    i.I_set_time_menu                        0x080029ac   Section        0  main.o(i.I_set_time_menu)
    i.InitAll                                0x08002ac0   Section        0  main.o(i.InitAll)
    i.LCD_SPI                                0x08002b48   Section        0  main.o(i.LCD_SPI)
    i.MX_ADC1_Init                           0x08002b80   Section        0  main.o(i.MX_ADC1_Init)
    MX_ADC1_Init                             0x08002b81   Thumb Code    60  main.o(i.MX_ADC1_Init)
    i.MX_GPIO_Init                           0x08002bc4   Section        0  main.o(i.MX_GPIO_Init)
    MX_GPIO_Init                             0x08002bc5   Thumb Code   298  main.o(i.MX_GPIO_Init)
    i.MX_SPI1_Init                           0x08002d0c   Section        0  main.o(i.MX_SPI1_Init)
    MX_SPI1_Init                             0x08002d0d   Thumb Code    46  main.o(i.MX_SPI1_Init)
    i.MX_SPI2_Init                           0x08002d44   Section        0  main.o(i.MX_SPI2_Init)
    MX_SPI2_Init                             0x08002d45   Thumb Code    44  main.o(i.MX_SPI2_Init)
    i.MX_TIM1_Init                           0x08002d78   Section        0  main.o(i.MX_TIM1_Init)
    MX_TIM1_Init                             0x08002d79   Thumb Code    66  main.o(i.MX_TIM1_Init)
    i.MX_TIM4_Init                           0x08002dc4   Section        0  main.o(i.MX_TIM4_Init)
    MX_TIM4_Init                             0x08002dc5   Thumb Code    70  main.o(i.MX_TIM4_Init)
    i.MemManage_Handler                      0x08002e14   Section        0  stm32f1xx_it.o(i.MemManage_Handler)
    i.NMI_Handler                            0x08002e16   Section        0  stm32f1xx_it.o(i.NMI_Handler)
    i.NRF24L01_IRQ                           0x08002e18   Section        0  main.o(i.NRF24L01_IRQ)
    i.NRF24L01_init                          0x08002ec4   Section        0  main.o(i.NRF24L01_init)
    i.NRF24L01_power_down                    0x08003010   Section        0  main.o(i.NRF24L01_power_down)
    i.NVIC_SetPriority                       0x08003058   Section        0  stm32f1xx_hal_cortex.o(i.NVIC_SetPriority)
    NVIC_SetPriority                         0x08003059   Thumb Code    22  stm32f1xx_hal_cortex.o(i.NVIC_SetPriority)
    i.OpenMenu                               0x08003078   Section        0  main.o(i.OpenMenu)
    i.PWR_OverloadWfe                        0x0800313c   Section        0  stm32f1xx_hal_pwr.o(i.PWR_OverloadWfe)
    PWR_OverloadWfe                          0x0800313d   Thumb Code     6  stm32f1xx_hal_pwr.o(i.PWR_OverloadWfe)
    __tagsym$$noinline                       0x0800313d   Number         0  stm32f1xx_hal_pwr.o(i.PWR_OverloadWfe)
    i.PowerDown                              0x08003144   Section        0  main.o(i.PowerDown)
    i.RTC_Bcd2ToByte                         0x08003224   Section        0  stm32f1xx_hal_rtc.o(i.RTC_Bcd2ToByte)
    RTC_Bcd2ToByte                           0x08003225   Thumb Code    18  stm32f1xx_hal_rtc.o(i.RTC_Bcd2ToByte)
    i.RTC_ByteToBcd2                         0x08003236   Section        0  stm32f1xx_hal_rtc.o(i.RTC_ByteToBcd2)
    RTC_ByteToBcd2                           0x08003237   Thumb Code    22  stm32f1xx_hal_rtc.o(i.RTC_ByteToBcd2)
    i.RTC_DateUpdate                         0x0800324c   Section        0  stm32f1xx_hal_rtc.o(i.RTC_DateUpdate)
    RTC_DateUpdate                           0x0800324d   Thumb Code   174  stm32f1xx_hal_rtc.o(i.RTC_DateUpdate)
    i.RTC_EnterInitMode                      0x080032fa   Section        0  stm32f1xx_hal_rtc.o(i.RTC_EnterInitMode)
    RTC_EnterInitMode                        0x080032fb   Thumb Code    52  stm32f1xx_hal_rtc.o(i.RTC_EnterInitMode)
    i.RTC_ExitInitMode                       0x08003330   Section        0  stm32f1xx_hal_rtc.o(i.RTC_ExitInitMode)
    RTC_ExitInitMode                         0x08003331   Thumb Code    54  stm32f1xx_hal_rtc.o(i.RTC_ExitInitMode)
    i.RTC_ReadAlarmCounter                   0x08003366   Section        0  stm32f1xx_hal_rtc.o(i.RTC_ReadAlarmCounter)
    RTC_ReadAlarmCounter                     0x08003367   Thumb Code    14  stm32f1xx_hal_rtc.o(i.RTC_ReadAlarmCounter)
    i.RTC_ReadTimeCounter                    0x08003374   Section        0  stm32f1xx_hal_rtc.o(i.RTC_ReadTimeCounter)
    RTC_ReadTimeCounter                      0x08003375   Thumb Code    32  stm32f1xx_hal_rtc.o(i.RTC_ReadTimeCounter)
    i.RTC_WeekDayNum                         0x08003394   Section        0  stm32f1xx_hal_rtc.o(i.RTC_WeekDayNum)
    RTC_WeekDayNum                           0x08003395   Thumb Code    88  stm32f1xx_hal_rtc.o(i.RTC_WeekDayNum)
    i.RTC_WriteAlarmCounter                  0x080033ec   Section        0  stm32f1xx_hal_rtc.o(i.RTC_WriteAlarmCounter)
    RTC_WriteAlarmCounter                    0x080033ed   Thumb Code    40  stm32f1xx_hal_rtc.o(i.RTC_WriteAlarmCounter)
    i.RTC_WriteTimeCounter                   0x08003414   Section        0  stm32f1xx_hal_rtc.o(i.RTC_WriteTimeCounter)
    RTC_WriteTimeCounter                     0x08003415   Thumb Code    40  stm32f1xx_hal_rtc.o(i.RTC_WriteTimeCounter)
    i.ReadPackage                            0x0800343c   Section        0  main.o(i.ReadPackage)
    i.ReadTime                               0x080034dc   Section        0  main.o(i.ReadTime)
    i.SPI_WaitOnFlagUntilTimeout             0x0800351c   Section        0  stm32f1xx_hal_spi.o(i.SPI_WaitOnFlagUntilTimeout)
    SPI_WaitOnFlagUntilTimeout               0x0800351d   Thumb Code   158  stm32f1xx_hal_spi.o(i.SPI_WaitOnFlagUntilTimeout)
    i.SaveTime                               0x080035bc   Section        0  main.o(i.SaveTime)
    i.SetBacklight                           0x080035f4   Section        0  main.o(i.SetBacklight)
    i.SetID                                  0x08003664   Section        0  main.o(i.SetID)
    i.SetRxAddr                              0x08003678   Section        0  main.o(i.SetRxAddr)
    i.SetTxAddr                              0x080036b4   Section        0  main.o(i.SetTxAddr)
    i.SysTick_Handler                        0x080036f0   Section        0  stm32f1xx_it.o(i.SysTick_Handler)
    i.SystemClock_Config                     0x080036fe   Section        0  main.o(i.SystemClock_Config)
    i.SystemClock_UserConfig                 0x08003764   Section        0  main.o(i.SystemClock_UserConfig)
    i.SystemInit                             0x08003818   Section        0  system_stm32f1xx.o(i.SystemInit)
    i.TIM1_UP_TIM16_IRQHandler               0x08003864   Section        0  stm32f1xx_it.o(i.TIM1_UP_TIM16_IRQHandler)
    i.TIM4_IRQHandler                        0x08003880   Section        0  stm32f1xx_it.o(i.TIM4_IRQHandler)
    i.TIM_Base_SetConfig                     0x08003898   Section        0  stm32f1xx_hal_tim.o(i.TIM_Base_SetConfig)
    i.TIM_CCxChannelCmd                      0x08003928   Section        0  stm32f1xx_hal_tim.o(i.TIM_CCxChannelCmd)
    i.TIM_ETR_SetConfig                      0x0800393e   Section        0  stm32f1xx_hal_tim.o(i.TIM_ETR_SetConfig)
    TIM_ETR_SetConfig                        0x0800393f   Thumb Code    20  stm32f1xx_hal_tim.o(i.TIM_ETR_SetConfig)
    i.TIM_ITRx_SetConfig                     0x08003952   Section        0  stm32f1xx_hal_tim.o(i.TIM_ITRx_SetConfig)
    TIM_ITRx_SetConfig                       0x08003953   Thumb Code    16  stm32f1xx_hal_tim.o(i.TIM_ITRx_SetConfig)
    i.TIM_TI1_ConfigInputStage               0x08003962   Section        0  stm32f1xx_hal_tim.o(i.TIM_TI1_ConfigInputStage)
    TIM_TI1_ConfigInputStage                 0x08003963   Thumb Code    34  stm32f1xx_hal_tim.o(i.TIM_TI1_ConfigInputStage)
    i.TIM_TI2_ConfigInputStage               0x08003984   Section        0  stm32f1xx_hal_tim.o(i.TIM_TI2_ConfigInputStage)
    TIM_TI2_ConfigInputStage                 0x08003985   Thumb Code    36  stm32f1xx_hal_tim.o(i.TIM_TI2_ConfigInputStage)
    i.UsageFault_Handler                     0x080039a8   Section        0  stm32f1xx_it.o(i.UsageFault_Handler)
    i.WriteDistance                          0x080039ac   Section        0  main.o(i.WriteDistance)
    i.WriteGear                              0x08003a64   Section        0  main.o(i.WriteGear)
    i.WriteMenu                              0x08003b58   Section        0  main.o(i.WriteMenu)
    i.WriteOuterBattery                      0x08003c0c   Section        0  main.o(i.WriteOuterBattery)
    i.WriteSpeedOnly                         0x08003d0c   Section        0  main.o(i.WriteSpeedOnly)
    i.WriteTemp                              0x08003e14   Section        0  main.o(i.WriteTemp)
    i.WriteTime                              0x08003e9c   Section        0  main.o(i.WriteTime)
    i.WriteVoltage                           0x08003f0c   Section        0  main.o(i.WriteVoltage)
    i.__scatterload_copy                     0x08004004   Section       14  handlers.o(i.__scatterload_copy)
    i.__scatterload_null                     0x08004012   Section        2  handlers.o(i.__scatterload_null)
    i.__scatterload_zeroinit                 0x08004014   Section       14  handlers.o(i.__scatterload_zeroinit)
    i.clr_irq                                0x08004024   Section        0  main.o(i.clr_irq)
    i.color_menu                             0x08004058   Section        0  main.o(i.color_menu)
    i.colors_set                             0x0800419c   Section        0  main.o(i.colors_set)
    i.delay_us                               0x08004304   Section        0  main.o(i.delay_us)
    i.gear_menu                              0x08004318   Section        0  main.o(i.gear_menu)
    i.gear_set                               0x0800436c   Section        0  main.o(i.gear_set)
    i.lcd_SetPoint                           0x080044c4   Section        0  main.o(i.lcd_SetPoint)
    i.lcd_SetWindows                         0x08004524   Section        0  main.o(i.lcd_SetWindows)
    i.lcd_clear                              0x08004584   Section        0  main.o(i.lcd_clear)
    i.lcd_draw_rle_digit_16                  0x080045f0   Section        0  main.o(i.lcd_draw_rle_digit_16)
    i.lcd_draw_rle_digit_24                  0x08004670   Section        0  main.o(i.lcd_draw_rle_digit_24)
    i.lcd_draw_rle_picture_CT                0x080046f8   Section        0  main.o(i.lcd_draw_rle_picture_CT)
    i.lcd_draw_rle_picture_fon               0x08004768   Section        0  main.o(i.lcd_draw_rle_picture_fon)
    i.lcd_init                               0x080047e4   Section        0  main.o(i.lcd_init)
    i.lcd_off                                0x08004934   Section        0  main.o(i.lcd_off)
    i.lcd_put_char                           0x08004964   Section        0  main.o(i.lcd_put_char)
    i.lcd_put_char_xy                        0x080049e8   Section        0  main.o(i.lcd_put_char_xy)
    i.lcd_put_s                              0x08004a5c   Section        0  main.o(i.lcd_put_s)
    i.lcd_put_s_xy                           0x08004a90   Section        0  main.o(i.lcd_put_s_xy)
    i.lcd_set_dot                            0x08004ac8   Section        0  main.o(i.lcd_set_dot)
    i.main                                   0x08004af4   Section        0  main.o(i.main)
    i.out_menu                               0x08004c5c   Section        0  main.o(i.out_menu)
    i.read_irq                               0x08004d60   Section        0  main.o(i.read_irq)
    i.read_rx                                0x08004d90   Section        0  main.o(i.read_rx)
    i.rx_mode                                0x08004e28   Section        0  main.o(i.rx_mode)
    i.save_gears                             0x08004e78   Section        0  main.o(i.save_gears)
    i.soft_delay_ms                          0x08004e94   Section        0  main.o(i.soft_delay_ms)
    i.spi                                    0x08004eb0   Section        0  main.o(i.spi)
    i.time_to_string                         0x08004ed8   Section        0  main.o(i.time_to_string)
    i.wheel_set                              0x08004f20   Section        0  main.o(i.wheel_set)
    i.whell_menu                             0x08005108   Section        0  main.o(i.whell_menu)
    i.write_gear_U                           0x080051bc   Section        0  main.o(i.write_gear_U)
    .constdata                               0x0800524c   Section       16  stm32f1xx_hal_rcc.o(.constdata)
    .constdata                               0x0800525c   Section    15884  main.o(.constdata)
    .constdata                               0x08009068   Section      596  main.o(.constdata)
    .constdata                               0x080092bc   Section      354  main.o(.constdata)
    .constdata                               0x0800941e   Section      238  main.o(.constdata)
    .constdata                               0x0800950c   Section      316  main.o(.constdata)
    .constdata                               0x08009648   Section      330  main.o(.constdata)
    .constdata                               0x08009792   Section      398  main.o(.constdata)
    .constdata                               0x08009920   Section      242  main.o(.constdata)
    .constdata                               0x08009a12   Section      334  main.o(.constdata)
    .constdata                               0x08009b60   Section      288  main.o(.constdata)
    .constdata                               0x08009c80   Section      396  main.o(.constdata)
    .data                                    0x20000000   Section        1  stm32f1xx_hal_spi_ex.o(.data)
    .data                                    0x20000004   Section        4  stm32f1xx_hal.o(.data)
    uwTick                                   0x20000004   Data           4  stm32f1xx_hal.o(.data)
    .data                                    0x20000008   Section      324  main.o(.data)
    .data                                    0x2000014c   Section        4  system_stm32f1xx.o(.data)
    .bss                                     0x20000150   Section      474  main.o(.bss)
    STACK                                    0x20000330   Section     1024  startup_stm32f100xb.o(STACK)

    Global Symbols

    Symbol Name                              Value     Ov Type        Size  Object(Section)

    BuildAttributes$$THM_ISAv4$P$D$K$B$S$PE$A:L22UL41UL21$X:L11$S22US41US21$IEEE1$IW$USESV6$~STKCKD$USESV7$~SHL$OTIME$ROPI$IEEEX$EBA8$MICROLIB$REQ8$PRES8$EABIv2 0x00000000   Number         0  anon$$obj.o ABSOLUTE
    __ARM_use_no_argv                        0x00000000   Number         0  main.o ABSOLUTE
    __cpp_initialize__aeabi_                  - Undefined Weak Reference
    __cxa_finalize                            - Undefined Weak Reference
    _clock_init                               - Undefined Weak Reference
    _microlib_exit                            - Undefined Weak Reference
    __Vectors_Size                           0x00000120   Number         0  startup_stm32f100xb.o ABSOLUTE
    __Vectors                                0x08000000   Data           4  startup_stm32f100xb.o(RESET)
    __Vectors_End                            0x08000120   Data           0  startup_stm32f100xb.o(RESET)
    __main                                   0x08000121   Thumb Code     0  entry.o(.ARM.Collect$$$$00000000)
    _main_stk                                0x08000121   Thumb Code     0  entry2.o(.ARM.Collect$$$$00000001)
    _main_scatterload                        0x08000125   Thumb Code     0  entry5.o(.ARM.Collect$$$$00000004)
    __main_after_scatterload                 0x08000129   Thumb Code     0  entry5.o(.ARM.Collect$$$$00000004)
    _main_clock                              0x08000129   Thumb Code     0  entry7b.o(.ARM.Collect$$$$00000008)
    _main_cpp_init                           0x08000129   Thumb Code     0  entry8b.o(.ARM.Collect$$$$0000000A)
    _main_init                               0x08000129   Thumb Code     0  entry9a.o(.ARM.Collect$$$$0000000B)
    __rt_final_cpp                           0x08000131   Thumb Code     0  entry10a.o(.ARM.Collect$$$$0000000D)
    __rt_final_exit                          0x08000131   Thumb Code     0  entry11a.o(.ARM.Collect$$$$0000000F)
    Reset_Handler                            0x08000135   Thumb Code     8  startup_stm32f100xb.o(.text)
    SVC_Handler                              0x08000147   Thumb Code     2  startup_stm32f100xb.o(.text)
    PendSV_Handler                           0x0800014b   Thumb Code     2  startup_stm32f100xb.o(.text)
    ADC1_IRQHandler                          0x0800014f   Thumb Code     0  startup_stm32f100xb.o(.text)
    CEC_IRQHandler                           0x0800014f   Thumb Code     0  startup_stm32f100xb.o(.text)
    DMA1_Channel1_IRQHandler                 0x0800014f   Thumb Code     0  startup_stm32f100xb.o(.text)
    DMA1_Channel2_IRQHandler                 0x0800014f   Thumb Code     0  startup_stm32f100xb.o(.text)
    DMA1_Channel3_IRQHandler                 0x0800014f   Thumb Code     0  startup_stm32f100xb.o(.text)
    DMA1_Channel4_IRQHandler                 0x0800014f   Thumb Code     0  startup_stm32f100xb.o(.text)
    DMA1_Channel5_IRQHandler                 0x0800014f   Thumb Code     0  startup_stm32f100xb.o(.text)
    DMA1_Channel6_IRQHandler                 0x0800014f   Thumb Code     0  startup_stm32f100xb.o(.text)
    DMA1_Channel7_IRQHandler                 0x0800014f   Thumb Code     0  startup_stm32f100xb.o(.text)
    EXTI0_IRQHandler                         0x0800014f   Thumb Code     0  startup_stm32f100xb.o(.text)
    EXTI15_10_IRQHandler                     0x0800014f   Thumb Code     0  startup_stm32f100xb.o(.text)
    EXTI1_IRQHandler                         0x0800014f   Thumb Code     0  startup_stm32f100xb.o(.text)
    EXTI2_IRQHandler                         0x0800014f   Thumb Code     0  startup_stm32f100xb.o(.text)
    EXTI3_IRQHandler                         0x0800014f   Thumb Code     0  startup_stm32f100xb.o(.text)
    FLASH_IRQHandler                         0x0800014f   Thumb Code     0  startup_stm32f100xb.o(.text)
    I2C1_ER_IRQHandler                       0x0800014f   Thumb Code     0  startup_stm32f100xb.o(.text)
    I2C1_EV_IRQHandler                       0x0800014f   Thumb Code     0  startup_stm32f100xb.o(.text)
    I2C2_ER_IRQHandler                       0x0800014f   Thumb Code     0  startup_stm32f100xb.o(.text)
    I2C2_EV_IRQHandler                       0x0800014f   Thumb Code     0  startup_stm32f100xb.o(.text)
    PVD_IRQHandler                           0x0800014f   Thumb Code     0  startup_stm32f100xb.o(.text)
    RCC_IRQHandler                           0x0800014f   Thumb Code     0  startup_stm32f100xb.o(.text)
    RTC_Alarm_IRQHandler                     0x0800014f   Thumb Code     0  startup_stm32f100xb.o(.text)
    RTC_IRQHandler                           0x0800014f   Thumb Code     0  startup_stm32f100xb.o(.text)
    SPI1_IRQHandler                          0x0800014f   Thumb Code     0  startup_stm32f100xb.o(.text)
    SPI2_IRQHandler                          0x0800014f   Thumb Code     0  startup_stm32f100xb.o(.text)
    TAMPER_IRQHandler                        0x0800014f   Thumb Code     0  startup_stm32f100xb.o(.text)
    TIM1_BRK_TIM15_IRQHandler                0x0800014f   Thumb Code     0  startup_stm32f100xb.o(.text)
    TIM1_CC_IRQHandler                       0x0800014f   Thumb Code     0  startup_stm32f100xb.o(.text)
    TIM1_TRG_COM_TIM17_IRQHandler            0x0800014f   Thumb Code     0  startup_stm32f100xb.o(.text)
    TIM2_IRQHandler                          0x0800014f   Thumb Code     0  startup_stm32f100xb.o(.text)
    TIM3_IRQHandler                          0x0800014f   Thumb Code     0  startup_stm32f100xb.o(.text)
    TIM6_DAC_IRQHandler                      0x0800014f   Thumb Code     0  startup_stm32f100xb.o(.text)
    TIM7_IRQHandler                          0x0800014f   Thumb Code     0  startup_stm32f100xb.o(.text)
    USART1_IRQHandler                        0x0800014f   Thumb Code     0  startup_stm32f100xb.o(.text)
    USART2_IRQHandler                        0x0800014f   Thumb Code     0  startup_stm32f100xb.o(.text)
    USART3_IRQHandler                        0x0800014f   Thumb Code     0  startup_stm32f100xb.o(.text)
    WWDG_IRQHandler                          0x0800014f   Thumb Code     0  startup_stm32f100xb.o(.text)
    __aeabi_llsr                             0x08000159   Thumb Code    32  llushr.o(.text)
    _ll_ushift_r                             0x08000159   Thumb Code     0  llushr.o(.text)
    __aeabi_fmul                             0x08000179   Thumb Code   108  fmul.o(.text)
    __aeabi_dmul                             0x080001e5   Thumb Code   228  dmul.o(.text)
    __aeabi_ddiv                             0x080002c9   Thumb Code   222  ddiv.o(.text)
    __ARM_scalbn                             0x080003a7   Thumb Code    46  dscalb.o(.text)
    scalbn                                   0x080003a7   Thumb Code     0  dscalb.o(.text)
    __aeabi_ui2f                             0x080003d5   Thumb Code    10  ffltui.o(.text)
    __aeabi_ui2d                             0x080003df   Thumb Code    26  dfltui.o(.text)
    __aeabi_f2uiz                            0x080003f9   Thumb Code    40  ffixui.o(.text)
    __aeabi_d2uiz                            0x08000421   Thumb Code    50  dfixui.o(.text)
    __aeabi_f2d                              0x08000453   Thumb Code    38  f2d.o(.text)
    __aeabi_d2f                              0x08000479   Thumb Code    56  d2f.o(.text)
    __I$use$fp                               0x080004b1   Thumb Code     0  iusefp.o(.text)
    _float_round                             0x080004b1   Thumb Code    18  fepilogue.o(.text)
    _float_epilogue                          0x080004c3   Thumb Code    90  fepilogue.o(.text)
    _double_round                            0x0800051d   Thumb Code    26  depilogue.o(.text)
    _double_epilogue                         0x08000537   Thumb Code   164  depilogue.o(.text)
    __scatterload                            0x080005dd   Thumb Code    28  init.o(.text)
    __scatterload_rt2                        0x080005dd   Thumb Code     0  init.o(.text)
    __aeabi_llsl                             0x08000601   Thumb Code    30  llshl.o(.text)
    _ll_shift_l                              0x08000601   Thumb Code     0  llshl.o(.text)
    __decompress                             0x0800061f   Thumb Code     0  __dczerorl2.o(.text)
    __decompress1                            0x0800061f   Thumb Code    92  __dczerorl2.o(.text)
    ADC_ConversionStop_Disable               0x0800067d   Thumb Code    76  stm32f1xx_hal_adc.o(i.ADC_ConversionStop_Disable)
    ADC_Enable                               0x080006c9   Thumb Code   104  stm32f1xx_hal_adc.o(i.ADC_Enable)
    BusFault_Handler                         0x08000739   Thumb Code     2  stm32f1xx_it.o(i.BusFault_Handler)
    ButtonPressed                            0x0800073d   Thumb Code    88  main.o(i.ButtonPressed)
    ChangeBacklight                          0x080007a1   Thumb Code    22  main.o(i.ChangeBacklight)
    Core0                                    0x080007bd   Thumb Code    34  main.o(i.Core0)
    DebugMon_Handler                         0x080007e5   Thumb Code     2  stm32f1xx_it.o(i.DebugMon_Handler)
    EXTI4_IRQHandler                         0x080007e9   Thumb Code    24  stm32f1xx_it.o(i.EXTI4_IRQHandler)
    EXTI9_5_IRQHandler                       0x08000805   Thumb Code    38  stm32f1xx_it.o(i.EXTI9_5_IRQHandler)
    EncoderInit                              0x08000839   Thumb Code    50  main.o(i.EncoderInit)
    GUI_Line                                 0x08000875   Thumb Code   486  main.o(i.GUI_Line)
    GUI_Rectangle                            0x08000a5b   Thumb Code   128  main.o(i.GUI_Rectangle)
    GetInUmV                                 0x08000add   Thumb Code    66  main.o(i.GetInUmV)
    HAL_ADC_ConfigChannel                    0x08000b41   Thumb Code   346  stm32f1xx_hal_adc.o(i.HAL_ADC_ConfigChannel)
    HAL_ADC_Init                             0x08000ca9   Thumb Code   300  stm32f1xx_hal_adc.o(i.HAL_ADC_Init)
    HAL_ADC_MspInit                          0x08000ddd   Thumb Code    50  stm32f1xx_hal_msp.o(i.HAL_ADC_MspInit)
    HAL_ADC_Start                            0x08000e1d   Thumb Code   142  stm32f1xx_hal_adc.o(i.HAL_ADC_Start)
    HAL_Delay                                0x08000eab   Thumb Code    22  stm32f1xx_hal.o(i.HAL_Delay)
    HAL_GPIO_EXTI_Callback                   0x08000ec1   Thumb Code     2  stm32f1xx_hal_gpio.o(i.HAL_GPIO_EXTI_Callback)
    HAL_GPIO_EXTI_IRQHandler                 0x08000ec5   Thumb Code    18  stm32f1xx_hal_gpio.o(i.HAL_GPIO_EXTI_IRQHandler)
    HAL_GPIO_Init                            0x08000edd   Thumb Code   436  stm32f1xx_hal_gpio.o(i.HAL_GPIO_Init)
    HAL_GPIO_WritePin                        0x080010b5   Thumb Code    10  stm32f1xx_hal_gpio.o(i.HAL_GPIO_WritePin)
    HAL_GetTick                              0x080010c1   Thumb Code     6  stm32f1xx_hal.o(i.HAL_GetTick)
    HAL_IncTick                              0x080010cd   Thumb Code    10  stm32f1xx_hal.o(i.HAL_IncTick)
    HAL_Init                                 0x080010dd   Thumb Code    22  stm32f1xx_hal.o(i.HAL_Init)
    HAL_InitTick                             0x080010f3   Thumb Code    34  stm32f1xx_hal.o(i.HAL_InitTick)
    HAL_MspInit                              0x08001115   Thumb Code    98  stm32f1xx_hal_msp.o(i.HAL_MspInit)
    HAL_NVIC_EnableIRQ                       0x08001181   Thumb Code    24  stm32f1xx_hal_cortex.o(i.HAL_NVIC_EnableIRQ)
    HAL_NVIC_SetPriority                     0x08001199   Thumb Code    60  stm32f1xx_hal_cortex.o(i.HAL_NVIC_SetPriority)
    HAL_NVIC_SetPriorityGrouping             0x080011d9   Thumb Code    26  stm32f1xx_hal_cortex.o(i.HAL_NVIC_SetPriorityGrouping)
    HAL_PWR_EnableBkUpAccess                 0x080011fd   Thumb Code    20  stm32f1xx_hal_pwr.o(i.HAL_PWR_EnableBkUpAccess)
    HAL_PWR_EnterSTOPMode                    0x08001215   Thumb Code    60  stm32f1xx_hal_pwr.o(i.HAL_PWR_EnterSTOPMode)
    HAL_RCCEx_GetPeriphCLKFreq               0x08001259   Thumb Code   100  stm32f1xx_hal_rcc_ex.o(i.HAL_RCCEx_GetPeriphCLKFreq)
    HAL_RCCEx_PeriphCLKConfig                0x080012c1   Thumb Code   256  stm32f1xx_hal_rcc_ex.o(i.HAL_RCCEx_PeriphCLKConfig)
    HAL_RCC_ClockConfig                      0x080013cd   Thumb Code   258  stm32f1xx_hal_rcc.o(i.HAL_RCC_ClockConfig)
    HAL_RCC_GetHCLKFreq                      0x080014d5   Thumb Code    38  stm32f1xx_hal_rcc.o(i.HAL_RCC_GetHCLKFreq)
    HAL_RCC_GetPCLK2Freq                     0x08001509   Thumb Code    36  stm32f1xx_hal_rcc.o(i.HAL_RCC_GetPCLK2Freq)
    HAL_RCC_GetSysClockFreq                  0x08001535   Thumb Code   122  stm32f1xx_hal_rcc.o(i.HAL_RCC_GetSysClockFreq)
    HAL_RCC_OscConfig                        0x080015dd   Thumb Code  1606  stm32f1xx_hal_rcc.o(i.HAL_RCC_OscConfig)
    HAL_RTC_GetTime                          0x08001c23   Thumb Code   196  stm32f1xx_hal_rtc.o(i.HAL_RTC_GetTime)
    HAL_RTC_Init                             0x08001ce9   Thumb Code   154  stm32f1xx_hal_rtc.o(i.HAL_RTC_Init)
    HAL_RTC_MspInit                          0x08001d89   Thumb Code    52  stm32f1xx_hal_msp.o(i.HAL_RTC_MspInit)
    HAL_RTC_SetDate                          0x08001dc9   Thumb Code   192  stm32f1xx_hal_rtc.o(i.HAL_RTC_SetDate)
    HAL_RTC_SetTime                          0x08001e8d   Thumb Code   168  stm32f1xx_hal_rtc.o(i.HAL_RTC_SetTime)
    HAL_RTC_WaitForSynchro                   0x08001f39   Thumb Code    58  stm32f1xx_hal_rtc.o(i.HAL_RTC_WaitForSynchro)
    HAL_SPI_Init                             0x08001f75   Thumb Code   122  stm32f1xx_hal_spi_ex.o(i.HAL_SPI_Init)
    HAL_SPI_MspInit                          0x08001ff5   Thumb Code   122  stm32f1xx_hal_msp.o(i.HAL_SPI_MspInit)
    HAL_SPI_TransmitReceive                  0x08002085   Thumb Code   690  stm32f1xx_hal_spi.o(i.HAL_SPI_TransmitReceive)
    HAL_SYSTICK_CLKSourceConfig              0x08002337   Thumb Code    24  stm32f1xx_hal_cortex.o(i.HAL_SYSTICK_CLKSourceConfig)
    HAL_SYSTICK_Callback                     0x0800234f   Thumb Code     2  stm32f1xx_hal_cortex.o(i.HAL_SYSTICK_Callback)
    HAL_SYSTICK_Config                       0x08002351   Thumb Code    40  stm32f1xx_hal_cortex.o(i.HAL_SYSTICK_Config)
    HAL_SYSTICK_IRQHandler                   0x08002379   Thumb Code     8  stm32f1xx_hal_cortex.o(i.HAL_SYSTICK_IRQHandler)
    HAL_TIMEx_BreakCallback                  0x08002381   Thumb Code     2  stm32f1xx_hal_tim_ex.o(i.HAL_TIMEx_BreakCallback)
    HAL_TIMEx_CommutationCallback            0x08002383   Thumb Code     2  stm32f1xx_hal_tim_ex.o(i.HAL_TIMEx_CommutationCallback)
    HAL_TIMEx_MasterConfigSynchronization    0x08002385   Thumb Code    80  stm32f1xx_hal_tim_ex.o(i.HAL_TIMEx_MasterConfigSynchronization)
    HAL_TIM_Base_Init                        0x080023d5   Thumb Code    54  stm32f1xx_hal_tim.o(i.HAL_TIM_Base_Init)
    HAL_TIM_Base_MspInit                     0x0800240d   Thumb Code    50  stm32f1xx_hal_msp.o(i.HAL_TIM_Base_MspInit)
    HAL_TIM_Base_Start_IT                    0x08002449   Thumb Code    24  stm32f1xx_hal_tim.o(i.HAL_TIM_Base_Start_IT)
    HAL_TIM_ConfigClockSource                0x08002461   Thumb Code   240  stm32f1xx_hal_tim.o(i.HAL_TIM_ConfigClockSource)
    HAL_TIM_Encoder_Init                     0x08002551   Thumb Code   150  stm32f1xx_hal_tim.o(i.HAL_TIM_Encoder_Init)
    HAL_TIM_Encoder_MspInit                  0x080025e9   Thumb Code    70  stm32f1xx_hal_msp.o(i.HAL_TIM_Encoder_MspInit)
    HAL_TIM_Encoder_Start_IT                 0x0800263d   Thumb Code    92  stm32f1xx_hal_tim.o(i.HAL_TIM_Encoder_Start_IT)
    HAL_TIM_IC_CaptureCallback               0x08002699   Thumb Code     2  stm32f1xx_hal_tim.o(i.HAL_TIM_IC_CaptureCallback)
    HAL_TIM_IRQHandler                       0x0800269b   Thumb Code   358  stm32f1xx_hal_tim.o(i.HAL_TIM_IRQHandler)
    HAL_TIM_OC_DelayElapsedCallback          0x08002801   Thumb Code     2  stm32f1xx_hal_tim.o(i.HAL_TIM_OC_DelayElapsedCallback)
    HAL_TIM_PWM_PulseFinishedCallback        0x08002803   Thumb Code     2  stm32f1xx_hal_tim.o(i.HAL_TIM_PWM_PulseFinishedCallback)
    HAL_TIM_PeriodElapsedCallback            0x08002805   Thumb Code     2  stm32f1xx_hal_tim.o(i.HAL_TIM_PeriodElapsedCallback)
    HAL_TIM_TriggerCallback                  0x08002807   Thumb Code     2  stm32f1xx_hal_tim.o(i.HAL_TIM_TriggerCallback)
    HardFault_Handler                        0x08002809   Thumb Code     2  stm32f1xx_it.o(i.HardFault_Handler)
    I_set_time                               0x0800280d   Thumb Code   400  main.o(i.I_set_time)
    I_set_time_menu                          0x080029ad   Thumb Code   268  main.o(i.I_set_time_menu)
    InitAll                                  0x08002ac1   Thumb Code   114  main.o(i.InitAll)
    LCD_SPI                                  0x08002b49   Thumb Code    46  main.o(i.LCD_SPI)
    MemManage_Handler                        0x08002e15   Thumb Code     2  stm32f1xx_it.o(i.MemManage_Handler)
    NMI_Handler                              0x08002e17   Thumb Code     2  stm32f1xx_it.o(i.NMI_Handler)
    NRF24L01_IRQ                             0x08002e19   Thumb Code   158  main.o(i.NRF24L01_IRQ)
    NRF24L01_init                            0x08002ec5   Thumb Code   318  main.o(i.NRF24L01_init)
    NRF24L01_power_down                      0x08003011   Thumb Code    62  main.o(i.NRF24L01_power_down)
    OpenMenu                                 0x08003079   Thumb Code   188  main.o(i.OpenMenu)
    PowerDown                                0x08003145   Thumb Code   204  main.o(i.PowerDown)
    ReadPackage                              0x0800343d   Thumb Code   152  main.o(i.ReadPackage)
    ReadTime                                 0x080034dd   Thumb Code    54  main.o(i.ReadTime)
    SaveTime                                 0x080035bd   Thumb Code    46  main.o(i.SaveTime)
    SetBacklight                             0x080035f5   Thumb Code   104  main.o(i.SetBacklight)
    SetID                                    0x08003665   Thumb Code    18  main.o(i.SetID)
    SetRxAddr                                0x08003679   Thumb Code    54  main.o(i.SetRxAddr)
    SetTxAddr                                0x080036b5   Thumb Code    54  main.o(i.SetTxAddr)
    SysTick_Handler                          0x080036f1   Thumb Code    14  stm32f1xx_it.o(i.SysTick_Handler)
    SystemClock_Config                       0x080036ff   Thumb Code   102  main.o(i.SystemClock_Config)
    SystemClock_UserConfig                   0x08003765   Thumb Code   176  main.o(i.SystemClock_UserConfig)
    SystemInit                               0x08003819   Thumb Code    60  system_stm32f1xx.o(i.SystemInit)
    TIM1_UP_TIM16_IRQHandler                 0x08003865   Thumb Code    24  stm32f1xx_it.o(i.TIM1_UP_TIM16_IRQHandler)
    TIM4_IRQHandler                          0x08003881   Thumb Code    16  stm32f1xx_it.o(i.TIM4_IRQHandler)
    TIM_Base_SetConfig                       0x08003899   Thumb Code   118  stm32f1xx_hal_tim.o(i.TIM_Base_SetConfig)
    TIM_CCxChannelCmd                        0x08003929   Thumb Code    22  stm32f1xx_hal_tim.o(i.TIM_CCxChannelCmd)
    UsageFault_Handler                       0x080039a9   Thumb Code     2  stm32f1xx_it.o(i.UsageFault_Handler)
    WriteDistance                            0x080039ad   Thumb Code   174  main.o(i.WriteDistance)
    WriteGear                                0x08003a65   Thumb Code   196  main.o(i.WriteGear)
    WriteMenu                                0x08003b59   Thumb Code   168  main.o(i.WriteMenu)
    WriteOuterBattery                        0x08003c0d   Thumb Code   224  main.o(i.WriteOuterBattery)
    WriteSpeedOnly                           0x08003d0d   Thumb Code   228  main.o(i.WriteSpeedOnly)
    WriteTemp                                0x08003e15   Thumb Code   126  main.o(i.WriteTemp)
    WriteTime                                0x08003e9d   Thumb Code   108  main.o(i.WriteTime)
    WriteVoltage                             0x08003f0d   Thumb Code   242  main.o(i.WriteVoltage)
    __scatterload_copy                       0x08004005   Thumb Code    14  handlers.o(i.__scatterload_copy)
    __scatterload_null                       0x08004013   Thumb Code     2  handlers.o(i.__scatterload_null)
    __scatterload_zeroinit                   0x08004015   Thumb Code    14  handlers.o(i.__scatterload_zeroinit)
    clr_irq                                  0x08004025   Thumb Code    46  main.o(i.clr_irq)
    color_menu                               0x08004059   Thumb Code   266  main.o(i.color_menu)
    colors_set                               0x0800419d   Thumb Code   346  main.o(i.colors_set)
    delay_us                                 0x08004305   Thumb Code    18  main.o(i.delay_us)
    gear_menu                                0x08004319   Thumb Code    72  main.o(i.gear_menu)
    gear_set                                 0x0800436d   Thumb Code   320  main.o(i.gear_set)
    lcd_SetPoint                             0x080044c5   Thumb Code    92  main.o(i.lcd_SetPoint)
    lcd_SetWindows                           0x08004525   Thumb Code    96  main.o(i.lcd_SetWindows)
    lcd_clear                                0x08004585   Thumb Code    98  main.o(i.lcd_clear)
    lcd_draw_rle_digit_16                    0x080045f1   Thumb Code   124  main.o(i.lcd_draw_rle_digit_16)
    lcd_draw_rle_digit_24                    0x08004671   Thumb Code   130  main.o(i.lcd_draw_rle_digit_24)
    lcd_draw_rle_picture_CT                  0x080046f9   Thumb Code   108  main.o(i.lcd_draw_rle_picture_CT)
    lcd_draw_rle_picture_fon                 0x08004769   Thumb Code   120  main.o(i.lcd_draw_rle_picture_fon)
    lcd_init                                 0x080047e5   Thumb Code   314  main.o(i.lcd_init)
    lcd_off                                  0x08004935   Thumb Code    40  main.o(i.lcd_off)
    lcd_put_char                             0x08004965   Thumb Code   122  main.o(i.lcd_put_char)
    lcd_put_char_xy                          0x080049e9   Thumb Code   108  main.o(i.lcd_put_char_xy)
    lcd_put_s                                0x08004a5d   Thumb Code    52  main.o(i.lcd_put_s)
    lcd_put_s_xy                             0x08004a91   Thumb Code    54  main.o(i.lcd_put_s_xy)
    lcd_set_dot                              0x08004ac9   Thumb Code    40  main.o(i.lcd_set_dot)
    main                                     0x08004af5   Thumb Code   318  main.o(i.main)
    out_menu                                 0x08004c5d   Thumb Code   250  main.o(i.out_menu)
    read_irq                                 0x08004d61   Thumb Code    42  main.o(i.read_irq)
    read_rx                                  0x08004d91   Thumb Code   138  main.o(i.read_rx)
    rx_mode                                  0x08004e29   Thumb Code    70  main.o(i.rx_mode)
    save_gears                               0x08004e79   Thumb Code    28  main.o(i.save_gears)
    soft_delay_ms                            0x08004e95   Thumb Code    28  main.o(i.soft_delay_ms)
    spi                                      0x08004eb1   Thumb Code    30  main.o(i.spi)
    time_to_string                           0x08004ed9   Thumb Code    70  main.o(i.time_to_string)
    wheel_set                                0x08004f21   Thumb Code   458  main.o(i.wheel_set)
    whell_menu                               0x08005109   Thumb Code   170  main.o(i.whell_menu)
    write_gear_U                             0x080051bd   Thumb Code   138  main.o(i.write_gear_U)
    aAPBAHBPrescTable                        0x0800524c   Data          16  stm32f1xx_hal_rcc.o(.constdata)
    AA_ColorBar                              0x0800525c   Data           1  main.o(.constdata)
    init3                                    0x0800525d   Data           2  main.o(.constdata)
    fon2_ColorBar                            0x0800525f   Data           4  main.o(.constdata)
    A1_ColorBar                              0x08005263   Data           5  main.o(.constdata)
    A2_ColorBar                              0x08005268   Data           5  main.o(.constdata)
    A3_ColorBar                              0x0800526d   Data           5  main.o(.constdata)
    A4_ColorBar                              0x08005272   Data           5  main.o(.constdata)
    A5_ColorBar                              0x08005277   Data           5  main.o(.constdata)
    A6_ColorBar                              0x0800527c   Data           5  main.o(.constdata)
    A7_ColorBar                              0x08005281   Data           5  main.o(.constdata)
    A8_ColorBar                              0x08005286   Data           5  main.o(.constdata)
    SS                                       0x0800528b   Data           8  main.o(.constdata)
    ascii_8x16                               0x08005293   Data        1536  main.o(.constdata)
    init1                                    0x08005893   Data          20  main.o(.constdata)
    init2                                    0x080058a7   Data          40  main.o(.constdata)
    display_off                              0x080058cf   Data          52  main.o(.constdata)
    fon2_image                               0x08005903   Data        1384  main.o(.constdata)
    S0                                       0x08005e6b   Data         338  main.o(.constdata)
    S1                                       0x08005fbd   Data         146  main.o(.constdata)
    S2                                       0x0800604f   Data         310  main.o(.constdata)
    S3                                       0x08006185   Data         310  main.o(.constdata)
    S4                                       0x080062bb   Data         254  main.o(.constdata)
    S5                                       0x080063b9   Data         310  main.o(.constdata)
    S6                                       0x080064ef   Data         338  main.o(.constdata)
    S7                                       0x08006641   Data         198  main.o(.constdata)
    S8                                       0x08006707   Data         366  main.o(.constdata)
    S9                                       0x08006875   Data         338  main.o(.constdata)
    A1                                       0x080069c7   Data         425  main.o(.constdata)
    A2                                       0x08006b70   Data         461  main.o(.constdata)
    A3                                       0x08006d3d   Data         457  main.o(.constdata)
    A4                                       0x08006f06   Data         427  main.o(.constdata)
    A5                                       0x080070b1   Data         455  main.o(.constdata)
    A6                                       0x08007278   Data         447  main.o(.constdata)
    A7                                       0x08007437   Data         435  main.o(.constdata)
    A8                                       0x080075ea   Data         445  main.o(.constdata)
    AA                                       0x080077a7   Data         259  main.o(.constdata)
    Battery_low                              0x080078aa   Data         458  main.o(.constdata)
    Battery_0                                0x08007a74   Data         600  main.o(.constdata)
    Battery_1                                0x08007ccc   Data         828  main.o(.constdata)
    Battery_2                                0x08008008   Data        1092  main.o(.constdata)
    Battery_3                                0x0800844c   Data        1382  main.o(.constdata)
    Battery_4                                0x080089b2   Data        1656  main.o(.constdata)
    Colors                                   0x0800902a   Data          20  main.o(.constdata)
    MenuImages_22_Sizes                      0x08009040   Data          20  main.o(.constdata)
    MenuImages_16_Sizes                      0x08009054   Data          20  main.o(.constdata)
    Menu_Icon_22                             0x08009068   Data         596  main.o(.constdata)
    Menu_Icon_16                             0x080092bc   Data         354  main.o(.constdata)
    Backlight_Icon_16                        0x0800941e   Data         238  main.o(.constdata)
    Backlight_Icon_22                        0x0800950c   Data         316  main.o(.constdata)
    Power_Icon_16                            0x08009648   Data         330  main.o(.constdata)
    Power_Icon_22                            0x08009792   Data         398  main.o(.constdata)
    Light_Icon_16                            0x08009920   Data         242  main.o(.constdata)
    Light_Icon_22                            0x08009a12   Data         334  main.o(.constdata)
    Connect_Icon_16                          0x08009b60   Data         288  main.o(.constdata)
    Connect_Icon_22                          0x08009c80   Data         396  main.o(.constdata)
    Region$$Table$$Base                      0x08009e0c   Number         0  anon$$obj.o(Region$$Table)
    Region$$Table$$Limit                     0x08009e2c   Number         0  anon$$obj.o(Region$$Table)
    uCRCErrorWorkaroundCheck                 0x20000000   Data           1  stm32f1xx_hal_spi_ex.o(.data)
    TimeOut                                  0x20000008   Data           1  main.o(.data)
    TimeOutTimer                             0x20000009   Data           1  main.o(.data)
    Ready                                    0x2000000a   Data           1  main.o(.data)
    PowerDownState                           0x2000000b   Data           1  main.o(.data)
    state                                    0x2000000c   Data           1  main.o(.data)
    TransmitRepeats                          0x2000000d   Data           1  main.o(.data)
    ConnectError                             0x2000000e   Data           1  main.o(.data)
    NRF24L01_POWER                           0x2000000f   Data           1  main.o(.data)
    NRF24L01_Transmit                        0x20000010   Data           1  main.o(.data)
    NRF24L01_RX                              0x20000011   Data           1  main.o(.data)
    NRF24L01_TX                              0x20000012   Data           1  main.o(.data)
    PackageReceived                          0x20000013   Data           1  main.o(.data)
    encodermax                               0x20000014   Data           1  main.o(.data)
    encoder_cnt_pos                          0x20000015   Data           1  main.o(.data)
    menu_color                               0x20000016   Data           1  main.o(.data)
    Enter                                    0x20000017   Data           1  main.o(.data)
    menu_status                              0x20000018   Data           1  main.o(.data)
    SelectMenu                               0x20000019   Data           1  main.o(.data)
    BacklightMode                            0x2000001a   Data           1  main.o(.data)
    MenuDisplayI                             0x2000001b   Data           1  main.o(.data)
    length                                   0x2000001c   Data           1  main.o(.data)
    data                                     0x2000001d   Data           1  main.o(.data)
    InUmV                                    0x2000001e   Data           2  main.o(.data)
    wheel_diameter                           0x20000020   Data           2  main.o(.data)
    ic                                       0x20000022   Data           2  main.o(.data)
    char_code                                0x20000024   Data           2  main.o(.data)
    u16u8                                    0x20000026   Data           2  main.o(.data)
    Time                                     0x20000028   Data           3  main.o(.data)
    last_speed_percent                       0x2000002c   Data           4  main.o(.data)
    last_rpm_percent                         0x20000030   Data           4  main.o(.data)
    speed                                    0x20000034   Data           4  main.o(.data)
    wheel_length                             0x20000038   Data           4  main.o(.data)
    i                                        0x2000003c   Data           4  main.o(.data)
    ColorBar                                 0x20000040   Data           4  main.o(.data)
    u32u8                                    0x20000044   Data           4  main.o(.data)
    NRF24L01_ID                              0x20000048   Data           5  main.o(.data)
    volt_string                              0x2000004d   Data           5  main.o(.data)
    distance                                 0x20000058   Data           8  main.o(.data)
    gears                                    0x20000060   Data          18  main.o(.data)
    options                                  0x20000072   Data         176  main.o(.data)
    MenuImages_16                            0x20000124   Data          20  main.o(.data)
    MenuImages_22                            0x20000138   Data          20  main.o(.data)
    SystemCoreClock                          0x2000014c   Data           4  system_stm32f1xx.o(.data)
    hadc1                                    0x20000150   Data          48  main.o(.bss)
    hrtc                                     0x20000180   Data          20  main.o(.bss)
    hspi1                                    0x20000194   Data          88  main.o(.bss)
    hspi2                                    0x200001ec   Data          88  main.o(.bss)
    htim1                                    0x20000244   Data          60  main.o(.bss)
    htim4                                    0x20000280   Data          60  main.o(.bss)
    sConfig                                  0x200002bc   Data          36  main.o(.bss)
    buffer                                   0x200002e0   Data          33  main.o(.bss)
    package                                  0x20000304   Data          28  main.o(.bss)
    encoder                                  0x20000320   Data          10  main.o(.bss)
    __initial_sp                             0x20000730   Data           0  startup_stm32f100xb.o(STACK)



==============================================================================

Memory Map of the image

  Image Entry point : 0x08000121

  Load Region LR_IROM1 (Base: 0x08000000, Size: 0x00009f7c, Max: 0x00010000, ABSOLUTE, COMPRESSED[0x00009ec4])

    Execution Region ER_IROM1 (Base: 0x08000000, Size: 0x00009e2c, Max: 0x00010000, ABSOLUTE)

    Base Addr    Size         Type   Attr      Idx    E Section Name        Object

    0x08000000   0x00000120   Data   RO         3490    RESET               startup_stm32f100xb.o
    0x08000120   0x00000000   Code   RO         3503  * .ARM.Collect$$$$00000000  mc_w.l(entry.o)
    0x08000120   0x00000004   Code   RO         3556    .ARM.Collect$$$$00000001  mc_w.l(entry2.o)
    0x08000124   0x00000004   Code   RO         3559    .ARM.Collect$$$$00000004  mc_w.l(entry5.o)
    0x08000128   0x00000000   Code   RO         3561    .ARM.Collect$$$$00000008  mc_w.l(entry7b.o)
    0x08000128   0x00000000   Code   RO         3563    .ARM.Collect$$$$0000000A  mc_w.l(entry8b.o)
    0x08000128   0x00000008   Code   RO         3564    .ARM.Collect$$$$0000000B  mc_w.l(entry9a.o)
    0x08000130   0x00000000   Code   RO         3566    .ARM.Collect$$$$0000000D  mc_w.l(entry10a.o)
    0x08000130   0x00000000   Code   RO         3568    .ARM.Collect$$$$0000000F  mc_w.l(entry11a.o)
    0x08000130   0x00000004   Code   RO         3557    .ARM.Collect$$$$00002712  mc_w.l(entry2.o)
    0x08000134   0x00000024   Code   RO         3491    .text               startup_stm32f100xb.o
    0x08000158   0x00000020   Code   RO         3506    .text               mc_w.l(llushr.o)
    0x08000178   0x0000006c   Code   RO         3512    .text               mf_w.l(fmul.o)
    0x080001e4   0x000000e4   Code   RO         3518    .text               mf_w.l(dmul.o)
    0x080002c8   0x000000de   Code   RO         3520    .text               mf_w.l(ddiv.o)
    0x080003a6   0x0000002e   Code   RO         3522    .text               mf_w.l(dscalb.o)
    0x080003d4   0x0000000a   Code   RO         3524    .text               mf_w.l(ffltui.o)
    0x080003de   0x0000001a   Code   RO         3528    .text               mf_w.l(dfltui.o)
    0x080003f8   0x00000028   Code   RO         3530    .text               mf_w.l(ffixui.o)
    0x08000420   0x00000032   Code   RO         3534    .text               mf_w.l(dfixui.o)
    0x08000452   0x00000026   Code   RO         3536    .text               mf_w.l(f2d.o)
    0x08000478   0x00000038   Code   RO         3538    .text               mf_w.l(d2f.o)
    0x080004b0   0x00000000   Code   RO         3577    .text               mc_w.l(iusefp.o)
    0x080004b0   0x0000006c   Code   RO         3578    .text               mf_w.l(fepilogue.o)
    0x0800051c   0x000000be   Code   RO         3580    .text               mf_w.l(depilogue.o)
    0x080005da   0x00000002   PAD
    0x080005dc   0x00000024   Code   RO         3588    .text               mc_w.l(init.o)
    0x08000600   0x0000001e   Code   RO         3590    .text               mc_w.l(llshl.o)
    0x0800061e   0x0000005c   Code   RO         3604    .text               mc_w.l(__dczerorl2.o)
    0x0800067a   0x00000002   PAD
    0x0800067c   0x0000004c   Code   RO         2365    i.ADC_ConversionStop_Disable  stm32f1xx_hal_adc.o
    0x080006c8   0x00000070   Code   RO         2369    i.ADC_Enable        stm32f1xx_hal_adc.o
    0x08000738   0x00000002   Code   RO         3366    i.BusFault_Handler  stm32f1xx_it.o
    0x0800073a   0x00000002   PAD
    0x0800073c   0x00000064   Code   RO         2617    i.ButtonPressed     main.o
    0x080007a0   0x0000001c   Code   RO         2618    i.ChangeBacklight   main.o
    0x080007bc   0x00000028   Code   RO         2623    i.Core0             main.o
    0x080007e4   0x00000002   Code   RO         3367    i.DebugMon_Handler  stm32f1xx_it.o
    0x080007e6   0x00000002   PAD
    0x080007e8   0x0000001c   Code   RO         3368    i.EXTI4_IRQHandler  stm32f1xx_it.o
    0x08000804   0x00000034   Code   RO         3369    i.EXTI9_5_IRQHandler  stm32f1xx_it.o
    0x08000838   0x0000003c   Code   RO         2625    i.EncoderInit       main.o
    0x08000874   0x000001e6   Code   RO         2628    i.GUI_Line          main.o
    0x08000a5a   0x00000080   Code   RO         2629    i.GUI_Rectangle     main.o
    0x08000ada   0x00000002   PAD
    0x08000adc   0x00000064   Code   RO         2630    i.GetInUmV          main.o
    0x08000b40   0x00000168   Code   RO         2371    i.HAL_ADC_ConfigChannel  stm32f1xx_hal_adc.o
    0x08000ca8   0x00000134   Code   RO         2380    i.HAL_ADC_Init      stm32f1xx_hal_adc.o
    0x08000ddc   0x00000040   Code   RO         3283    i.HAL_ADC_MspInit   stm32f1xx_hal_msp.o
    0x08000e1c   0x0000008e   Code   RO         2386    i.HAL_ADC_Start     stm32f1xx_hal_adc.o
    0x08000eaa   0x00000016   Code   RO         2048    i.HAL_Delay         stm32f1xx_hal.o
    0x08000ec0   0x00000002   Code   RO          306    i.HAL_GPIO_EXTI_Callback  stm32f1xx_hal_gpio.o
    0x08000ec2   0x00000002   PAD
    0x08000ec4   0x00000018   Code   RO          307    i.HAL_GPIO_EXTI_IRQHandler  stm32f1xx_hal_gpio.o
    0x08000edc   0x000001d8   Code   RO          308    i.HAL_GPIO_Init     stm32f1xx_hal_gpio.o
    0x080010b4   0x0000000a   Code   RO          312    i.HAL_GPIO_WritePin  stm32f1xx_hal_gpio.o
    0x080010be   0x00000002   PAD
    0x080010c0   0x0000000c   Code   RO         2052    i.HAL_GetTick       stm32f1xx_hal.o
    0x080010cc   0x00000010   Code   RO         2053    i.HAL_IncTick       stm32f1xx_hal.o
    0x080010dc   0x00000016   Code   RO         2054    i.HAL_Init          stm32f1xx_hal.o
    0x080010f2   0x00000022   Code   RO         2055    i.HAL_InitTick      stm32f1xx_hal.o
    0x08001114   0x0000006c   Code   RO         3284    i.HAL_MspInit       stm32f1xx_hal_msp.o
    0x08001180   0x00000018   Code   RO          618    i.HAL_NVIC_EnableIRQ  stm32f1xx_hal_cortex.o
    0x08001198   0x00000040   Code   RO          624    i.HAL_NVIC_SetPriority  stm32f1xx_hal_cortex.o
    0x080011d8   0x00000024   Code   RO          625    i.HAL_NVIC_SetPriorityGrouping  stm32f1xx_hal_cortex.o
    0x080011fc   0x00000018   Code   RO          187    i.HAL_PWR_EnableBkUpAccess  stm32f1xx_hal_pwr.o
    0x08001214   0x00000044   Code   RO          194    i.HAL_PWR_EnterSTOPMode  stm32f1xx_hal_pwr.o
    0x08001258   0x00000068   Code   RO         2006    i.HAL_RCCEx_GetPeriphCLKFreq  stm32f1xx_hal_rcc_ex.o
    0x080012c0   0x0000010c   Code   RO         2007    i.HAL_RCCEx_PeriphCLKConfig  stm32f1xx_hal_rcc_ex.o
    0x080013cc   0x00000108   Code   RO         2176    i.HAL_RCC_ClockConfig  stm32f1xx_hal_rcc.o
    0x080014d4   0x00000034   Code   RO         2181    i.HAL_RCC_GetHCLKFreq  stm32f1xx_hal_rcc.o
    0x08001508   0x0000002c   Code   RO         2184    i.HAL_RCC_GetPCLK2Freq  stm32f1xx_hal_rcc.o
    0x08001534   0x000000a8   Code   RO         2185    i.HAL_RCC_GetSysClockFreq  stm32f1xx_hal_rcc.o
    0x080015dc   0x00000646   Code   RO         2188    i.HAL_RCC_OscConfig  stm32f1xx_hal_rcc.o
    0x08001c22   0x000000c4   Code   RO         1109    i.HAL_RTC_GetTime   stm32f1xx_hal_rtc.o
    0x08001ce6   0x00000002   PAD
    0x08001ce8   0x000000a0   Code   RO         1110    i.HAL_RTC_Init      stm32f1xx_hal_rtc.o
    0x08001d88   0x00000040   Code   RO         3286    i.HAL_RTC_MspInit   stm32f1xx_hal_msp.o
    0x08001dc8   0x000000c4   Code   RO         1116    i.HAL_RTC_SetDate   stm32f1xx_hal_rtc.o
    0x08001e8c   0x000000ac   Code   RO         1117    i.HAL_RTC_SetTime   stm32f1xx_hal_rtc.o
    0x08001f38   0x0000003a   Code   RO         1118    i.HAL_RTC_WaitForSynchro  stm32f1xx_hal_rtc.o
    0x08001f72   0x00000002   PAD
    0x08001f74   0x00000080   Code   RO         1069    i.HAL_SPI_Init      stm32f1xx_hal_spi_ex.o
    0x08001ff4   0x00000090   Code   RO         3288    i.HAL_SPI_MspInit   stm32f1xx_hal_msp.o
    0x08002084   0x000002b2   Code   RO          388    i.HAL_SPI_TransmitReceive  stm32f1xx_hal_spi.o
    0x08002336   0x00000018   Code   RO          627    i.HAL_SYSTICK_CLKSourceConfig  stm32f1xx_hal_cortex.o
    0x0800234e   0x00000002   Code   RO          628    i.HAL_SYSTICK_Callback  stm32f1xx_hal_cortex.o
    0x08002350   0x00000028   Code   RO          629    i.HAL_SYSTICK_Config  stm32f1xx_hal_cortex.o
    0x08002378   0x00000008   Code   RO          630    i.HAL_SYSTICK_IRQHandler  stm32f1xx_hal_cortex.o
    0x08002380   0x00000002   Code   RO          733    i.HAL_TIMEx_BreakCallback  stm32f1xx_hal_tim_ex.o
    0x08002382   0x00000002   Code   RO          734    i.HAL_TIMEx_CommutationCallback  stm32f1xx_hal_tim_ex.o
    0x08002384   0x00000050   Code   RO          750    i.HAL_TIMEx_MasterConfigSynchronization  stm32f1xx_hal_tim_ex.o
    0x080023d4   0x00000036   Code   RO         1376    i.HAL_TIM_Base_Init  stm32f1xx_hal_tim.o
    0x0800240a   0x00000002   PAD
    0x0800240c   0x0000003c   Code   RO         3290    i.HAL_TIM_Base_MspInit  stm32f1xx_hal_msp.o
    0x08002448   0x00000018   Code   RO         1381    i.HAL_TIM_Base_Start_IT  stm32f1xx_hal_tim.o
    0x08002460   0x000000f0   Code   RO         1385    i.HAL_TIM_ConfigClockSource  stm32f1xx_hal_tim.o
    0x08002550   0x00000096   Code   RO         1394    i.HAL_TIM_Encoder_Init  stm32f1xx_hal_tim.o
    0x080025e6   0x00000002   PAD
    0x080025e8   0x00000054   Code   RO         3292    i.HAL_TIM_Encoder_MspInit  stm32f1xx_hal_msp.o
    0x0800263c   0x0000005c   Code   RO         1399    i.HAL_TIM_Encoder_Start_IT  stm32f1xx_hal_tim.o
    0x08002698   0x00000002   Code   RO         1405    i.HAL_TIM_IC_CaptureCallback  stm32f1xx_hal_tim.o
    0x0800269a   0x00000166   Code   RO         1418    i.HAL_TIM_IRQHandler  stm32f1xx_hal_tim.o
    0x08002800   0x00000002   Code   RO         1421    i.HAL_TIM_OC_DelayElapsedCallback  stm32f1xx_hal_tim.o
    0x08002802   0x00000002   Code   RO         1448    i.HAL_TIM_PWM_PulseFinishedCallback  stm32f1xx_hal_tim.o
    0x08002804   0x00000002   Code   RO         1455    i.HAL_TIM_PeriodElapsedCallback  stm32f1xx_hal_tim.o
    0x08002806   0x00000002   Code   RO         1459    i.HAL_TIM_TriggerCallback  stm32f1xx_hal_tim.o
    0x08002808   0x00000002   Code   RO         3370    i.HardFault_Handler  stm32f1xx_it.o
    0x0800280a   0x00000002   PAD
    0x0800280c   0x000001a0   Code   RO         2631    i.I_set_time        main.o
    0x080029ac   0x00000114   Code   RO         2632    i.I_set_time_menu   main.o
    0x08002ac0   0x00000088   Code   RO         2633    i.InitAll           main.o
    0x08002b48   0x00000038   Code   RO         2634    i.LCD_SPI           main.o
    0x08002b80   0x00000044   Code   RO         2635    i.MX_ADC1_Init      main.o
    0x08002bc4   0x00000148   Code   RO         2636    i.MX_GPIO_Init      main.o
    0x08002d0c   0x00000038   Code   RO         2637    i.MX_SPI1_Init      main.o
    0x08002d44   0x00000034   Code   RO         2638    i.MX_SPI2_Init      main.o
    0x08002d78   0x0000004c   Code   RO         2639    i.MX_TIM1_Init      main.o
    0x08002dc4   0x00000050   Code   RO         2640    i.MX_TIM4_Init      main.o
    0x08002e14   0x00000002   Code   RO         3371    i.MemManage_Handler  stm32f1xx_it.o
    0x08002e16   0x00000002   Code   RO         3372    i.NMI_Handler       stm32f1xx_it.o
    0x08002e18   0x000000ac   Code   RO         2641    i.NRF24L01_IRQ      main.o
    0x08002ec4   0x0000014c   Code   RO         2642    i.NRF24L01_init     main.o
    0x08003010   0x00000048   Code   RO         2643    i.NRF24L01_power_down  main.o
    0x08003058   0x00000020   Code   RO          631    i.NVIC_SetPriority  stm32f1xx_hal_cortex.o
    0x08003078   0x000000c4   Code   RO         2644    i.OpenMenu          main.o
    0x0800313c   0x00000006   Code   RO          197    i.PWR_OverloadWfe   stm32f1xx_hal_pwr.o
    0x08003142   0x00000002   PAD
    0x08003144   0x000000e0   Code   RO         2645    i.PowerDown         main.o
    0x08003224   0x00000012   Code   RO         1119    i.RTC_Bcd2ToByte    stm32f1xx_hal_rtc.o
    0x08003236   0x00000016   Code   RO         1120    i.RTC_ByteToBcd2    stm32f1xx_hal_rtc.o
    0x0800324c   0x000000ae   Code   RO         1121    i.RTC_DateUpdate    stm32f1xx_hal_rtc.o
    0x080032fa   0x00000034   Code   RO         1122    i.RTC_EnterInitMode  stm32f1xx_hal_rtc.o
    0x0800332e   0x00000002   PAD
    0x08003330   0x00000036   Code   RO         1123    i.RTC_ExitInitMode  stm32f1xx_hal_rtc.o
    0x08003366   0x0000000e   Code   RO         1124    i.RTC_ReadAlarmCounter  stm32f1xx_hal_rtc.o
    0x08003374   0x00000020   Code   RO         1125    i.RTC_ReadTimeCounter  stm32f1xx_hal_rtc.o
    0x08003394   0x00000058   Code   RO         1126    i.RTC_WeekDayNum    stm32f1xx_hal_rtc.o
    0x080033ec   0x00000028   Code   RO         1127    i.RTC_WriteAlarmCounter  stm32f1xx_hal_rtc.o
    0x08003414   0x00000028   Code   RO         1128    i.RTC_WriteTimeCounter  stm32f1xx_hal_rtc.o
    0x0800343c   0x000000a0   Code   RO         2646    i.ReadPackage       main.o
    0x080034dc   0x00000040   Code   RO         2647    i.ReadTime          main.o
    0x0800351c   0x0000009e   Code   RO          410    i.SPI_WaitOnFlagUntilTimeout  stm32f1xx_hal_spi.o
    0x080035ba   0x00000002   PAD
    0x080035bc   0x00000038   Code   RO         2648    i.SaveTime          main.o
    0x080035f4   0x00000070   Code   RO         2649    i.SetBacklight      main.o
    0x08003664   0x00000012   Code   RO         2650    i.SetID             main.o
    0x08003676   0x00000002   PAD
    0x08003678   0x0000003c   Code   RO         2651    i.SetRxAddr         main.o
    0x080036b4   0x0000003c   Code   RO         2652    i.SetTxAddr         main.o
    0x080036f0   0x0000000e   Code   RO         3373    i.SysTick_Handler   stm32f1xx_it.o
    0x080036fe   0x00000066   Code   RO         2653    i.SystemClock_Config  main.o
    0x08003764   0x000000b4   Code   RO         2654    i.SystemClock_UserConfig  main.o
    0x08003818   0x0000004c   Code   RO         3455    i.SystemInit        system_stm32f1xx.o
    0x08003864   0x0000001c   Code   RO         3374    i.TIM1_UP_TIM16_IRQHandler  stm32f1xx_it.o
    0x08003880   0x00000018   Code   RO         3375    i.TIM4_IRQHandler   stm32f1xx_it.o
    0x08003898   0x00000090   Code   RO         1460    i.TIM_Base_SetConfig  stm32f1xx_hal_tim.o
    0x08003928   0x00000016   Code   RO         1461    i.TIM_CCxChannelCmd  stm32f1xx_hal_tim.o
    0x0800393e   0x00000014   Code   RO         1467    i.TIM_ETR_SetConfig  stm32f1xx_hal_tim.o
    0x08003952   0x00000010   Code   RO         1468    i.TIM_ITRx_SetConfig  stm32f1xx_hal_tim.o
    0x08003962   0x00000022   Code   RO         1474    i.TIM_TI1_ConfigInputStage  stm32f1xx_hal_tim.o
    0x08003984   0x00000024   Code   RO         1476    i.TIM_TI2_ConfigInputStage  stm32f1xx_hal_tim.o
    0x080039a8   0x00000002   Code   RO         3376    i.UsageFault_Handler  stm32f1xx_it.o
    0x080039aa   0x00000002   PAD
    0x080039ac   0x000000b8   Code   RO         2656    i.WriteDistance     main.o
    0x08003a64   0x000000f4   Code   RO         2657    i.WriteGear         main.o
    0x08003b58   0x000000b4   Code   RO         2658    i.WriteMenu         main.o
    0x08003c0c   0x00000100   Code   RO         2659    i.WriteOuterBattery  main.o
    0x08003d0c   0x00000108   Code   RO         2662    i.WriteSpeedOnly    main.o
    0x08003e14   0x00000088   Code   RO         2663    i.WriteTemp         main.o
    0x08003e9c   0x00000070   Code   RO         2664    i.WriteTime         main.o
    0x08003f0c   0x000000f8   Code   RO         2665    i.WriteVoltage      main.o
    0x08004004   0x0000000e   Code   RO         3598    i.__scatterload_copy  mc_w.l(handlers.o)
    0x08004012   0x00000002   Code   RO         3599    i.__scatterload_null  mc_w.l(handlers.o)
    0x08004014   0x0000000e   Code   RO         3600    i.__scatterload_zeroinit  mc_w.l(handlers.o)
    0x08004022   0x00000002   PAD
    0x08004024   0x00000034   Code   RO         2666    i.clr_irq           main.o
    0x08004058   0x00000144   Code   RO         2667    i.color_menu        main.o
    0x0800419c   0x00000168   Code   RO         2668    i.colors_set        main.o
    0x08004304   0x00000012   Code   RO         2669    i.delay_us          main.o
    0x08004316   0x00000002   PAD
    0x08004318   0x00000054   Code   RO         2670    i.gear_menu         main.o
    0x0800436c   0x00000158   Code   RO         2671    i.gear_set          main.o
    0x080044c4   0x00000060   Code   RO         2672    i.lcd_SetPoint      main.o
    0x08004524   0x00000060   Code   RO         2673    i.lcd_SetWindows    main.o
    0x08004584   0x0000006c   Code   RO         2674    i.lcd_clear         main.o
    0x080045f0   0x00000080   Code   RO         2677    i.lcd_draw_rle_digit_16  main.o
    0x08004670   0x00000088   Code   RO         2678    i.lcd_draw_rle_digit_24  main.o
    0x080046f8   0x00000070   Code   RO         2680    i.lcd_draw_rle_picture_CT  main.o
    0x08004768   0x0000007c   Code   RO         2681    i.lcd_draw_rle_picture_fon  main.o
    0x080047e4   0x00000150   Code   RO         2682    i.lcd_init          main.o
    0x08004934   0x00000030   Code   RO         2683    i.lcd_off           main.o
    0x08004964   0x00000084   Code   RO         2684    i.lcd_put_char      main.o
    0x080049e8   0x00000074   Code   RO         2686    i.lcd_put_char_xy   main.o
    0x08004a5c   0x00000034   Code   RO         2687    i.lcd_put_s         main.o
    0x08004a90   0x00000036   Code   RO         2689    i.lcd_put_s_xy      main.o
    0x08004ac6   0x00000002   PAD
    0x08004ac8   0x0000002c   Code   RO         2690    i.lcd_set_dot       main.o
    0x08004af4   0x00000168   Code   RO         2692    i.main              main.o
    0x08004c5c   0x00000104   Code   RO         2693    i.out_menu          main.o
    0x08004d60   0x00000030   Code   RO         2694    i.read_irq          main.o
    0x08004d90   0x00000098   Code   RO         2695    i.read_rx           main.o
    0x08004e28   0x00000050   Code   RO         2696    i.rx_mode           main.o
    0x08004e78   0x0000001c   Code   RO         2698    i.save_gears        main.o
    0x08004e94   0x0000001c   Code   RO         2702    i.soft_delay_ms     main.o
    0x08004eb0   0x00000028   Code   RO         2703    i.spi               main.o
    0x08004ed8   0x00000046   Code   RO         2704    i.time_to_string    main.o
    0x08004f1e   0x00000002   PAD
    0x08004f20   0x000001e8   Code   RO         2706    i.wheel_set         main.o
    0x08005108   0x000000b4   Code   RO         2707    i.whell_menu        main.o
    0x080051bc   0x00000090   Code   RO         2708    i.write_gear_U      main.o
    0x0800524c   0x00000010   Data   RO         2189    .constdata          stm32f1xx_hal_rcc.o
    0x0800525c   0x00003e0c   Data   RO         2712    .constdata          main.o
    0x08009068   0x00000254   Data   RO         2727    .constdata          main.o
    0x080092bc   0x00000162   Data   RO         2728    .constdata          main.o
    0x0800941e   0x000000ee   Data   RO         2729    .constdata          main.o
    0x0800950c   0x0000013c   Data   RO         2730    .constdata          main.o
    0x08009648   0x0000014a   Data   RO         2731    .constdata          main.o
    0x08009792   0x0000018e   Data   RO         2732    .constdata          main.o
    0x08009920   0x000000f2   Data   RO         2733    .constdata          main.o
    0x08009a12   0x0000014e   Data   RO         2734    .constdata          main.o
    0x08009b60   0x00000120   Data   RO         2735    .constdata          main.o
    0x08009c80   0x0000018c   Data   RO         2736    .constdata          main.o
    0x08009e0c   0x00000020   Data   RO         3596    Region$$Table       anon$$obj.o


    Execution Region RW_IRAM1 (Base: 0x20000000, Size: 0x00000730, Max: 0x00002000, ABSOLUTE, COMPRESSED[0x00000098])

    Base Addr    Size         Type   Attr      Idx    E Section Name        Object

    0x20000000   0x00000001   Data   RW         1071    .data               stm32f1xx_hal_spi_ex.o
    0x20000001   0x00000003   PAD
    0x20000004   0x00000004   Data   RW         2060    .data               stm32f1xx_hal.o
    0x20000008   0x00000144   Data   RW         2740    .data               main.o
    0x2000014c   0x00000004   Data   RW         3457    .data               system_stm32f1xx.o
    0x20000150   0x000001da   Zero   RW         2709    .bss                main.o
    0x2000032a   0x00000006   PAD
    0x20000330   0x00000400   Zero   RW         3488    STACK               startup_stm32f100xb.o


==============================================================================

Image component sizes


      Code (inc. data)   RO Data    RW Data    ZI Data      Debug   Object Name

     10560        846      19376        324        474      53325   main.o
        36          8        288          0       1024        696   startup_stm32f100xb.o
       106         12          0          4          0       3086   stm32f1xx_hal.o
       998         30          0          0          0       3985   stm32f1xx_hal_adc.o
       230         24          0          0          0      26377   stm32f1xx_hal_cortex.o
         0          0          0          0          0     213364   stm32f1xx_hal_dma.o
       508         42          0          0          0       3476   stm32f1xx_hal_gpio.o
       524         82          0          0          0       3405   stm32f1xx_hal_msp.o
        98         12          0          0          0       1375   stm32f1xx_hal_pwr.o
      2134         92         16          0          0       4749   stm32f1xx_hal_rcc.o
       372         16          0          0          0       1857   stm32f1xx_hal_rcc_ex.o
      1316         14          0          0          0       9506   stm32f1xx_hal_rtc.o
       848          0          0          0          0       2258   stm32f1xx_hal_spi.o
       128          6          0          1          0       1114   stm32f1xx_hal_spi_ex.o
      1200         26          0          0          0      10161   stm32f1xx_hal_tim.o
        84          0          0          0          0       2002   stm32f1xx_hal_tim_ex.o
       158         30          0          0          0       4172   stm32f1xx_it.o
        76         16          0          4          0       1129   system_stm32f1xx.o

    ----------------------------------------------------------------------
     19412       1256      19712        336       1504     346037   Object Totals
         0          0         32          0          0          0   (incl. Generated)
        36          0          0          3          6          0   (incl. Padding)

    ----------------------------------------------------------------------

      Code (inc. data)   RO Data    RW Data    ZI Data      Debug   Library Member Name

        92          0          0          0          0          0   __dczerorl2.o
         0          0          0          0          0          0   entry.o
         0          0          0          0          0          0   entry10a.o
         0          0          0          0          0          0   entry11a.o
         8          4          0          0          0          0   entry2.o
         4          0          0          0          0          0   entry5.o
         0          0          0          0          0          0   entry7b.o
         0          0          0          0          0          0   entry8b.o
         8          4          0          0          0          0   entry9a.o
        30          0          0          0          0          0   handlers.o
        36          8          0          0          0         68   init.o
         0          0          0          0          0          0   iusefp.o
        30          0          0          0          0         68   llshl.o
        32          0          0          0          0         68   llushr.o
        56          0          0          0          0         88   d2f.o
       222          0          0          0          0        100   ddiv.o
       190          0          0          0          0        176   depilogue.o
        50          0          0          0          0         76   dfixui.o
        26          0          0          0          0         76   dfltui.o
       228          0          0          0          0         92   dmul.o
        46          0          0          0          0         80   dscalb.o
        38          0          0          0          0         68   f2d.o
       108          0          0          0          0        168   fepilogue.o
        40          0          0          0          0         68   ffixui.o
        10          0          0          0          0         68   ffltui.o
       108          0          0          0          0         76   fmul.o

    ----------------------------------------------------------------------
      1368         16          0          0          0       1340   Library Totals
         6          0          0          0          0          0   (incl. Padding)

    ----------------------------------------------------------------------

      Code (inc. data)   RO Data    RW Data    ZI Data      Debug   Library Name

       240         16          0          0          0        204   mc_w.l
      1122          0          0          0          0       1136   mf_w.l

    ----------------------------------------------------------------------
      1368         16          0          0          0       1340   Library Totals

    ----------------------------------------------------------------------

==============================================================================


      Code (inc. data)   RO Data    RW Data    ZI Data      Debug   

     20780       1272      19712        336       1504     338485   Grand Totals
     20780       1272      19712        152       1504     338485   ELF Image Totals (compressed)
     20780       1272      19712        152          0          0   ROM Totals

==============================================================================

    Total RO  Size (Code + RO Data)                40492 (  39.54kB)
    Total RW  Size (RW Data + ZI Data)              1840 (   1.80kB)
    Total ROM Size (Code + RO Data + RW Data)      40644 (  39.69kB)

==============================================================================

