ARM Linker, 5.03 [Build 24] [MDK-ARM Professional]

==============================================================================

Section Cross References

    system_stm32f1xx.o(i.SystemCoreClockUpdate) refers to system_stm32f1xx.o(.data) for .data
    system_stm32f1xx.o(i.SystemCoreClockUpdate) refers to system_stm32f1xx.o(.constdata) for .constdata
    stm32f1xx_hal_rcc.o(i.HAL_RCC_ClockConfig) refers to stm32f1xx_hal.o(i.HAL_GetTick) for HAL_GetTick
    stm32f1xx_hal_rcc.o(i.HAL_RCC_ClockConfig) refers to stm32f1xx_hal.o(i.HAL_InitTick) for HAL_InitTick
    stm32f1xx_hal_rcc.o(i.HAL_RCC_GetHCLKFreq) refers to stm32f1xx_hal_rcc.o(i.HAL_RCC_GetSysClockFreq) for HAL_RCC_GetSysClockFreq
    stm32f1xx_hal_rcc.o(i.HAL_RCC_GetHCLKFreq) refers to stm32f1xx_hal_rcc.o(.constdata) for .constdata
    stm32f1xx_hal_rcc.o(i.HAL_RCC_GetHCLKFreq) refers to system_stm32f1xx.o(.data) for SystemCoreClock
    stm32f1xx_hal_rcc.o(i.HAL_RCC_GetPCLK1Freq) refers to stm32f1xx_hal_rcc.o(i.HAL_RCC_GetHCLKFreq) for HAL_RCC_GetHCLKFreq
    stm32f1xx_hal_rcc.o(i.HAL_RCC_GetPCLK1Freq) refers to stm32f1xx_hal_rcc.o(.constdata) for .constdata
    stm32f1xx_hal_rcc.o(i.HAL_RCC_GetPCLK2Freq) refers to stm32f1xx_hal_rcc.o(i.HAL_RCC_GetHCLKFreq) for HAL_RCC_GetHCLKFreq
    stm32f1xx_hal_rcc.o(i.HAL_RCC_GetPCLK2Freq) refers to stm32f1xx_hal_rcc.o(.constdata) for .constdata
    stm32f1xx_hal_rcc.o(i.HAL_RCC_MCOConfig) refers to stm32f1xx_hal_gpio.o(i.HAL_GPIO_Init) for HAL_GPIO_Init
    stm32f1xx_hal_rcc.o(i.HAL_RCC_NMI_IRQHandler) refers to stm32f1xx_hal_rcc.o(i.HAL_RCC_CSSCallback) for HAL_RCC_CSSCallback
    stm32f1xx_hal_rcc.o(i.HAL_RCC_OscConfig) refers to stm32f1xx_hal.o(i.HAL_GetTick) for HAL_GetTick
    stm32f1xx_hal_rcc.o(i.HAL_RCC_OscConfig) refers to stm32f1xx_hal.o(i.HAL_Delay) for HAL_Delay
    stm32f1xx_hal_pwr.o(i.HAL_PWR_EnterSTOPMode) refers to stm32f1xx_hal_pwr.o(i.PWR_OverloadWfe) for PWR_OverloadWfe
    stm32f1xx_hal_pwr.o(i.HAL_PWR_PVD_IRQHandler) refers to stm32f1xx_hal_pwr.o(i.HAL_PWR_PVDCallback) for HAL_PWR_PVDCallback
    stm32f1xx_hal_spi.o(i.HAL_SPI_DMAStop) refers to stm32f1xx_hal_dma.o(i.HAL_DMA_Abort) for HAL_DMA_Abort
    stm32f1xx_hal_spi.o(i.HAL_SPI_DeInit) refers to stm32f1xx_hal_msp.o(i.HAL_SPI_MspDeInit) for HAL_SPI_MspDeInit
    stm32f1xx_hal_spi.o(i.HAL_SPI_IRQHandler) refers to stm32f1xx_hal_spi.o(i.HAL_SPI_ErrorCallback) for HAL_SPI_ErrorCallback
    stm32f1xx_hal_spi.o(i.HAL_SPI_Init) refers to stm32f1xx_hal_msp.o(i.HAL_SPI_MspInit) for HAL_SPI_MspInit
    stm32f1xx_hal_spi.o(i.HAL_SPI_Receive) refers to stm32f1xx_hal_spi.o(i.HAL_SPI_TransmitReceive) for HAL_SPI_TransmitReceive
    stm32f1xx_hal_spi.o(i.HAL_SPI_Receive) refers to stm32f1xx_hal_spi.o(i.SPI_WaitOnFlagUntilTimeout) for SPI_WaitOnFlagUntilTimeout
    stm32f1xx_hal_spi.o(i.HAL_SPI_Receive) refers to stm32f1xx_hal_spi_ex.o(i.SPI_ISCRCErrorValid) for SPI_ISCRCErrorValid
    stm32f1xx_hal_spi.o(i.HAL_SPI_Receive_DMA) refers to stm32f1xx_hal_spi.o(i.HAL_SPI_TransmitReceive_DMA) for HAL_SPI_TransmitReceive_DMA
    stm32f1xx_hal_spi.o(i.HAL_SPI_Receive_DMA) refers to stm32f1xx_hal_dma.o(i.HAL_DMA_Start_IT) for HAL_DMA_Start_IT
    stm32f1xx_hal_spi.o(i.HAL_SPI_Receive_DMA) refers to stm32f1xx_hal_spi.o(i.SPI_DMAHalfReceiveCplt) for SPI_DMAHalfReceiveCplt
    stm32f1xx_hal_spi.o(i.HAL_SPI_Receive_DMA) refers to stm32f1xx_hal_spi.o(i.SPI_DMAReceiveCplt) for SPI_DMAReceiveCplt
    stm32f1xx_hal_spi.o(i.HAL_SPI_Receive_DMA) refers to stm32f1xx_hal_spi.o(i.SPI_DMAError) for SPI_DMAError
    stm32f1xx_hal_spi.o(i.HAL_SPI_Receive_IT) refers to stm32f1xx_hal_spi.o(i.HAL_SPI_TransmitReceive_IT) for HAL_SPI_TransmitReceive_IT
    stm32f1xx_hal_spi.o(i.HAL_SPI_Receive_IT) refers to stm32f1xx_hal_spi.o(i.SPI_RxISR) for SPI_RxISR
    stm32f1xx_hal_spi.o(i.HAL_SPI_Transmit) refers to stm32f1xx_hal_spi.o(i.SPI_WaitOnFlagUntilTimeout) for SPI_WaitOnFlagUntilTimeout
    stm32f1xx_hal_spi.o(i.HAL_SPI_TransmitReceive) refers to stm32f1xx_hal_spi.o(i.SPI_WaitOnFlagUntilTimeout) for SPI_WaitOnFlagUntilTimeout
    stm32f1xx_hal_spi.o(i.HAL_SPI_TransmitReceive_DMA) refers to stm32f1xx_hal_dma.o(i.HAL_DMA_Start_IT) for HAL_DMA_Start_IT
    stm32f1xx_hal_spi.o(i.HAL_SPI_TransmitReceive_DMA) refers to stm32f1xx_hal_spi.o(i.SPI_DMAHalfTransmitReceiveCplt) for SPI_DMAHalfTransmitReceiveCplt
    stm32f1xx_hal_spi.o(i.HAL_SPI_TransmitReceive_DMA) refers to stm32f1xx_hal_spi.o(i.SPI_DMATransmitReceiveCplt) for SPI_DMATransmitReceiveCplt
    stm32f1xx_hal_spi.o(i.HAL_SPI_TransmitReceive_DMA) refers to stm32f1xx_hal_spi.o(i.SPI_DMAError) for SPI_DMAError
    stm32f1xx_hal_spi.o(i.HAL_SPI_TransmitReceive_DMA) refers to stm32f1xx_hal_spi.o(i.SPI_DMAHalfReceiveCplt) for SPI_DMAHalfReceiveCplt
    stm32f1xx_hal_spi.o(i.HAL_SPI_TransmitReceive_DMA) refers to stm32f1xx_hal_spi.o(i.SPI_DMAReceiveCplt) for SPI_DMAReceiveCplt
    stm32f1xx_hal_spi.o(i.HAL_SPI_TransmitReceive_IT) refers to stm32f1xx_hal_spi.o(i.SPI_TxISR) for SPI_TxISR
[...]
    Removing stm32f1xx_hal_msp.o(i.HAL_SPI_MspDeInit), (40 bytes).
    Removing stm32f1xx_hal_msp.o(i.HAL_TIM_Base_MspDeInit), (120 bytes).
    Removing stm32f1xx_hal_msp.o(i.HAL_TIM_PWM_MspDeInit), (44 bytes).
    Removing stm32f1xx_it.o(.rev16_text), (4 bytes).
    Removing stm32f1xx_it.o(.revsh_text), (4 bytes).
    Removing stm32f1xx_it.o(.rrx_text), (6 bytes).
    Removing main.o(.rev16_text), (4 bytes).
    Removing main.o(.revsh_text), (4 bytes).
    Removing main.o(.rrx_text), (6 bytes).
    Removing main.o(i.ByteToHex), (36 bytes).
    Removing main.o(i.ChangeConfig), (24 bytes).
    Removing main.o(i.CheckGears), (64 bytes).
    Removing main.o(i.GPS_Procc), (2 bytes).
    Removing main.o(i.GetU), (36 bytes).
    Removing main.o(i.GreenLedState), (12 bytes).
    Removing main.o(i.RedLedState), (12 bytes).
    Removing main.o(i.RedLightState), (12 bytes).
    Removing main.o(i.StepUpValue), (6 bytes).
    Removing main.o(i.one_wire_read_byte), (30 bytes).
    Removing main.o(i.one_wire_read_mode), (16 bytes).
    Removing main.o(i.send_float), (252 bytes).
    Removing main.o(i.send_hex), (80 bytes).
    Removing main.o(i.send_msg), (144 bytes).
    Removing main.o(i.send_u32), (128 bytes).
    Removing main.o(.bss), (30 bytes).
    Removing main.o(.bss), (14 bytes).
    Removing main.o(.bss), (16 bytes).
    Removing main.o(.bss), (24 bytes).
    Removing main.o(.data), (1 bytes).
    Removing main.o(.data), (1 bytes).
    Removing main.o(.data), (1 bytes).
    Removing main.o(.data), (1 bytes).
    Removing main.o(.data), (1 bytes).
    Removing main.o(.data), (1 bytes).
    Removing main.o(.data), (1 bytes).
    Removing main.o(.data), (1 bytes).
    Removing main.o(.data), (1 bytes).
    Removing main.o(.data), (1 bytes).
    Removing main.o(.data), (1 bytes).
    Removing main.o(.data), (1 bytes).
    Removing main.o(.data), (1 bytes).
    Removing main.o(.data), (1 bytes).
    Removing main.o(.data), (2 bytes).
    Removing main.o(.data), (2 bytes).
    Removing main.o(.data), (2 bytes).
    Removing main.o(.data), (2 bytes).
    Removing main.o(.data), (4 bytes).
    Removing main.o(.data), (1 bytes).
    Removing main.o(.data), (4 bytes).
    Removing main.o(.data), (1 bytes).
    Removing main.o(.data), (1 bytes).
    Removing main.o(.data), (2 bytes).
    Removing main.o(.data), (2 bytes).
    Removing main.o(.data), (2 bytes).
    Removing main.o(.data), (2 bytes).
    Removing fmul.o(.text), (108 bytes).
    Removing dadd.o(.text), (334 bytes).
    Removing dscalb.o(.text), (46 bytes).
    Removing dflti.o(.text), (34 bytes).
    Removing cdrcmple.o(.text), (40 bytes).
    Removing dsqrt.o(.text), (162 bytes).
    Removing cdcmple.o(.text), (40 bytes).

416 unused section(s) (total 25349 bytes) removed from the image.

==============================================================================

Image Symbol Table

    Local Symbols

    Symbol Name                              Value     Ov Type        Size  Object(Section)

    ../Drivers/CMSIS/Device/ST/STM32F1xx/Source/Templates/system_stm32f1xx.c 0x00000000   Number         0  system_stm32f1xx.o ABSOLUTE
    ../Drivers/STM32F1xx_HAL_Driver/Src/stm32f1xx_hal.c 0x00000000   Number         0  stm32f1xx_hal.o ABSOLUTE
    ../Drivers/STM32F1xx_HAL_Driver/Src/stm32f1xx_hal_adc.c 0x00000000   Number         0  stm32f1xx_hal_adc.o ABSOLUTE
    ../Drivers/STM32F1xx_HAL_Driver/Src/stm32f1xx_hal_adc_ex.c 0x00000000   Number         0  stm32f1xx_hal_adc_ex.o ABSOLUTE
    ../Drivers/STM32F1xx_HAL_Driver/Src/stm32f1xx_hal_cortex.c 0x00000000   Number         0  stm32f1xx_hal_cortex.o ABSOLUTE
    ../Drivers/STM32F1xx_HAL_Driver/Src/stm32f1xx_hal_dma.c 0x00000000   Number         0  stm32f1xx_hal_dma.o ABSOLUTE
    ../Drivers/STM32F1xx_HAL_Driver/Src/stm32f1xx_hal_flash.c 0x00000000   Number         0  stm32f1xx_hal_flash.o ABSOLUTE
    ../Drivers/STM32F1xx_HAL_Driver/Src/stm32f1xx_hal_flash_ex.c 0x00000000   Number         0  stm32f1xx_hal_flash_ex.o ABSOLUTE
    ../Drivers/STM32F1xx_HAL_Driver/Src/stm32f1xx_hal_gpio.c 0x00000000   Number         0  stm32f1xx_hal_gpio.o ABSOLUTE
    ../Drivers/STM32F1xx_HAL_Driver/Src/stm32f1xx_hal_pwr.c 0x00000000   Number         0  stm32f1xx_hal_pwr.o ABSOLUTE
    ../Drivers/STM32F1xx_HAL_Driver/Src/stm32f1xx_hal_rcc.c 0x00000000   Number         0  stm32f1xx_hal_rcc.o ABSOLUTE
    ../Drivers/STM32F1xx_HAL_Driver/Src/stm32f1xx_hal_rcc_ex.c 0x00000000   Number         0  stm32f1xx_hal_rcc_ex.o ABSOLUTE
    ../Drivers/STM32F1xx_HAL_Driver/Src/stm32f1xx_hal_spi.c 0x00000000   Number         0  stm32f1xx_hal_spi.o ABSOLUTE
    ../Drivers/STM32F1xx_HAL_Driver/Src/stm32f1xx_hal_spi_ex.c 0x00000000   Number         0  stm32f1xx_hal_spi_ex.o ABSOLUTE
    ../Drivers/STM32F1xx_HAL_Driver/Src/stm32f1xx_hal_tim.c 0x00000000   Number         0  stm32f1xx_hal_tim.o ABSOLUTE
    ../Drivers/STM32F1xx_HAL_Driver/Src/stm32f1xx_hal_tim_ex.c 0x00000000   Number         0  stm32f1xx_hal_tim_ex.o ABSOLUTE
    ../Drivers/STM32F1xx_HAL_Driver/Src/stm32f1xx_hal_uart.c 0x00000000   Number         0  stm32f1xx_hal_uart.o ABSOLUTE
    ../Src/main.c                            0x00000000   Number         0  main.o ABSOLUTE
    ../Src/stm32f1xx_hal_msp.c               0x00000000   Number         0  stm32f1xx_hal_msp.o ABSOLUTE
    ../Src/stm32f1xx_it.c                    0x00000000   Number         0  stm32f1xx_it.o ABSOLUTE
    ../clib/microlib/errno.c                 0x00000000   Number         0  errno.o ABSOLUTE
    ../clib/microlib/init/entry.s            0x00000000   Number         0  entry10a.o ABSOLUTE
    ../clib/microlib/init/entry.s            0x00000000   Number         0  entry9b.o ABSOLUTE
    ../clib/microlib/init/entry.s            0x00000000   Number         0  entry9a.o ABSOLUTE
    ../clib/microlib/init/entry.s            0x00000000   Number         0  entry5.o ABSOLUTE
    ../clib/microlib/init/entry.s            0x00000000   Number         0  entry.o ABSOLUTE
    ../clib/microlib/init/entry.s            0x00000000   Number         0  entry11b.o ABSOLUTE
    ../clib/microlib/init/entry.s            0x00000000   Number         0  entry7a.o ABSOLUTE
    ../clib/microlib/init/entry.s            0x00000000   Number         0  entry7b.o ABSOLUTE
    ../clib/microlib/init/entry.s            0x00000000   Number         0  entry2.o ABSOLUTE
    ../clib/microlib/init/entry.s            0x00000000   Number         0  entry8a.o ABSOLUTE
    ../clib/microlib/init/entry.s            0x00000000   Number         0  entry8b.o ABSOLUTE
    ../clib/microlib/init/entry.s            0x00000000   Number         0  entry11a.o ABSOLUTE
    ../clib/microlib/init/entry.s            0x00000000   Number         0  entry10b.o ABSOLUTE
    ../clib/microlib/longlong.c              0x00000000   Number         0  llshl.o ABSOLUTE
    ../clib/microlib/longlong.c              0x00000000   Number         0  llushr.o ABSOLUTE
    ../clib/microlib/longlong.c              0x00000000   Number         0  llsshr.o ABSOLUTE
    ../clib/microlib/string/strlen.c         0x00000000   Number         0  strlen.o ABSOLUTE
    ../clib/microlib/stubs.s                 0x00000000   Number         0  iusefp.o ABSOLUTE
    ../fplib/microlib/d2f.c                  0x00000000   Number         0  d2f.o ABSOLUTE
    ../fplib/microlib/f2d.c                  0x00000000   Number         0  f2d.o ABSOLUTE
    ../fplib/microlib/fpadd.c                0x00000000   Number         0  dadd.o ABSOLUTE
    ../fplib/microlib/fpdiv.c                0x00000000   Number         0  fdiv.o ABSOLUTE
    ../fplib/microlib/fpdiv.c                0x00000000   Number         0  ddiv.o ABSOLUTE
    ../fplib/microlib/fpepilogue.c           0x00000000   Number         0  depilogue.o ABSOLUTE
    ../fplib/microlib/fpepilogue.c           0x00000000   Number         0  fepilogue.o ABSOLUTE
    ../fplib/microlib/fpfix.c                0x00000000   Number         0  ffixui.o ABSOLUTE
    ../fplib/microlib/fpfix.c                0x00000000   Number         0  dfixui.o ABSOLUTE
    ../fplib/microlib/fpflt.c                0x00000000   Number         0  ffltui.o ABSOLUTE
    ../fplib/microlib/fpflt.c                0x00000000   Number         0  dflti.o ABSOLUTE
    ../fplib/microlib/fpflt.c                0x00000000   Number         0  dfltui.o ABSOLUTE
    ../fplib/microlib/fpmul.c                0x00000000   Number         0  dmul.o ABSOLUTE
    ../fplib/microlib/fpmul.c                0x00000000   Number         0  fmul.o ABSOLUTE
    ../fplib/microlib/fpscalb.c              0x00000000   Number         0  fscalb.o ABSOLUTE
    ../fplib/microlib/fpscalb.c              0x00000000   Number         0  dscalb.o ABSOLUTE
    ../fplib/microlib/fpsqrt.c               0x00000000   Number         0  dsqrt.o ABSOLUTE
    ../mathlib/dunder.c                      0x00000000   Number         0  dunder.o ABSOLUTE
    ../mathlib/fpclassify.c                  0x00000000   Number         0  fpclassify.o ABSOLUTE
    ../mathlib/poly.c                        0x00000000   Number         0  poly.o ABSOLUTE
    ../mathlib/pow.c                         0x00000000   Number         0  pow_x.o ABSOLUTE
    ../mathlib/pow.c                         0x00000000   Number         0  pow.o ABSOLUTE
    ../mathlib/qnan.c                        0x00000000   Number         0  qnan.o ABSOLUTE
    ../mathlib/sqrt.c                        0x00000000   Number         0  sqrt.o ABSOLUTE
    ../mathlib/sqrt.c                        0x00000000   Number         0  sqrt_x.o ABSOLUTE
    ..\Drivers\CMSIS\Device\ST\STM32F1xx\Source\Templates\system_stm32f1xx.c 0x00000000   Number         0  system_stm32f1xx.o ABSOLUTE
    ..\Drivers\STM32F1xx_HAL_Driver\Src\stm32f1xx_hal.c 0x00000000   Number         0  stm32f1xx_hal.o ABSOLUTE
    ..\Drivers\STM32F1xx_HAL_Driver\Src\stm32f1xx_hal_adc.c 0x00000000   Number         0  stm32f1xx_hal_adc.o ABSOLUTE
    ..\Drivers\STM32F1xx_HAL_Driver\Src\stm32f1xx_hal_adc_ex.c 0x00000000   Number         0  stm32f1xx_hal_adc_ex.o ABSOLUTE
    ..\Drivers\STM32F1xx_HAL_Driver\Src\stm32f1xx_hal_cortex.c 0x00000000   Number         0  stm32f1xx_hal_cortex.o ABSOLUTE
    ..\Drivers\STM32F1xx_HAL_Driver\Src\stm32f1xx_hal_dma.c 0x00000000   Number         0  stm32f1xx_hal_dma.o ABSOLUTE
    ..\Drivers\STM32F1xx_HAL_Driver\Src\stm32f1xx_hal_flash.c 0x00000000   Number         0  stm32f1xx_hal_flash.o ABSOLUTE
    ..\Drivers\STM32F1xx_HAL_Driver\Src\stm32f1xx_hal_flash_ex.c 0x00000000   Number         0  stm32f1xx_hal_flash_ex.o ABSOLUTE
    ..\Drivers\STM32F1xx_HAL_Driver\Src\stm32f1xx_hal_gpio.c 0x00000000   Number         0  stm32f1xx_hal_gpio.o ABSOLUTE
    ..\Drivers\STM32F1xx_HAL_Driver\Src\stm32f1xx_hal_pwr.c 0x00000000   Number         0  stm32f1xx_hal_pwr.o ABSOLUTE
    ..\Drivers\STM32F1xx_HAL_Driver\Src\stm32f1xx_hal_rcc.c 0x00000000   Number         0  stm32f1xx_hal_rcc.o ABSOLUTE
    ..\Drivers\STM32F1xx_HAL_Driver\Src\stm32f1xx_hal_rcc_ex.c 0x00000000   Number         0  stm32f1xx_hal_rcc_ex.o ABSOLUTE
    ..\Drivers\STM32F1xx_HAL_Driver\Src\stm32f1xx_hal_rtc.c 0x00000000   Number         0  stm32f1xx_hal_rtc.o ABSOLUTE
    ..\Drivers\STM32F1xx_HAL_Driver\Src\stm32f1xx_hal_rtc_ex.c 0x00000000   Number         0  stm32f1xx_hal_rtc_ex.o ABSOLUTE
    ..\Drivers\STM32F1xx_HAL_Driver\Src\stm32f1xx_hal_spi.c 0x00000000   Number         0  stm32f1xx_hal_spi.o ABSOLUTE
    ..\Drivers\STM32F1xx_HAL_Driver\Src\stm32f1xx_hal_spi_ex.c 0x00000000   Number         0  stm32f1xx_hal_spi_ex.o ABSOLUTE
    ..\Drivers\STM32F1xx_HAL_Driver\Src\stm32f1xx_hal_tim.c 0x00000000   Number         0  stm32f1xx_hal_tim.o ABSOLUTE
    ..\Drivers\STM32F1xx_HAL_Driver\Src\stm32f1xx_hal_tim_ex.c 0x00000000   Number         0  stm32f1xx_hal_tim_ex.o ABSOLUTE
    ..\Drivers\STM32F1xx_HAL_Driver\Src\stm32f1xx_hal_uart.c 0x00000000   Number         0  stm32f1xx_hal_uart.o ABSOLUTE
    ..\Src\main.c                            0x00000000   Number         0  main.o ABSOLUTE
    ..\Src\stm32f1xx_hal_msp.c               0x00000000   Number         0  stm32f1xx_hal_msp.o ABSOLUTE
    ..\Src\stm32f1xx_it.c                    0x00000000   Number         0  stm32f1xx_it.o ABSOLUTE
    ..\\Drivers\\STM32F1xx_HAL_Driver\\Src\\stm32f1xx_hal_rtc.c 0x00000000   Number         0  stm32f1xx_hal_rtc.o ABSOLUTE
    ..\\Drivers\\STM32F1xx_HAL_Driver\\Src\\stm32f1xx_hal_rtc_ex.c 0x00000000   Number         0  stm32f1xx_hal_rtc_ex.o ABSOLUTE
    cdcmple.s                                0x00000000   Number         0  cdcmple.o ABSOLUTE
    cdrcmple.s                               0x00000000   Number         0  cdrcmple.o ABSOLUTE
    dc.s                                     0x00000000   Number         0  dc.o ABSOLUTE
    handlers.s                               0x00000000   Number         0  handlers.o ABSOLUTE
    init.s                                   0x00000000   Number         0  init.o ABSOLUTE
    startup_stm32f100xb.s                    0x00000000   Number         0  startup_stm32f100xb.o ABSOLUTE
    RESET                                    0x08000000   Section      288  startup_stm32f100xb.o(RESET)
    .ARM.Collect$$$$00000000                 0x08000120   Section        0  entry.o(.ARM.Collect$$$$00000000)
    .ARM.Collect$$$$00000001                 0x08000120   Section        4  entry2.o(.ARM.Collect$$$$00000001)
    .ARM.Collect$$$$00000004                 0x08000124   Section        4  entry5.o(.ARM.Collect$$$$00000004)
    .ARM.Collect$$$$00000008                 0x08000128   Section        0  entry7b.o(.ARM.Collect$$$$00000008)
    .ARM.Collect$$$$0000000A                 0x08000128   Section        0  entry8b.o(.ARM.Collect$$$$0000000A)
    .ARM.Collect$$$$0000000B                 0x08000128   Section        8  entry9a.o(.ARM.Collect$$$$0000000B)
    .ARM.Collect$$$$0000000D                 0x08000130   Section        0  entry10a.o(.ARM.Collect$$$$0000000D)
    .ARM.Collect$$$$0000000F                 0x08000130   Section        0  entry11a.o(.ARM.Collect$$$$0000000F)
    .ARM.Collect$$$$00002712                 0x08000130   Section        4  entry2.o(.ARM.Collect$$$$00002712)
    __lit__00000000                          0x08000130   Data           4  entry2.o(.ARM.Collect$$$$00002712)
    .text                                    0x08000134   Section       36  startup_stm32f100xb.o(.text)
    .text                                    0x08000158   Section        0  llushr.o(.text)
    .text                                    0x08000178   Section        0  fdiv.o(.text)
    .text                                    0x080001f8   Section        0  fscalb.o(.text)
    .text                                    0x08000210   Section        0  dmul.o(.text)
    .text                                    0x080002f4   Section        0  ddiv.o(.text)
    .text                                    0x080003d2   Section        0  ffltui.o(.text)
    .text                                    0x080003dc   Section        0  dfltui.o(.text)
    .text                                    0x080003f6   Section        0  ffixui.o(.text)
    .text                                    0x0800041e   Section        0  dfixui.o(.text)
    .text                                    0x08000450   Section        0  f2d.o(.text)
    .text                                    0x08000476   Section        0  d2f.o(.text)
    .text                                    0x080004ae   Section        0  iusefp.o(.text)
    .text                                    0x080004ae   Section        0  fepilogue.o(.text)
    .text                                    0x0800051a   Section        0  depilogue.o(.text)
    .text                                    0x080005d8   Section       36  init.o(.text)
    .text                                    0x080005fc   Section        0  llshl.o(.text)
    i.ADC_ConversionStop_Disable             0x0800061c   Section        0  stm32f1xx_hal_adc.o(i.ADC_ConversionStop_Disable)
    i.ADC_DMAConvCplt                        0x08000668   Section        0  stm32f1xx_hal_adc.o(i.ADC_DMAConvCplt)
    i.ADC_DMAError                           0x080006b6   Section        0  stm32f1xx_hal_adc.o(i.ADC_DMAError)
    i.ADC_DMAHalfConvCplt                    0x080006d0   Section        0  stm32f1xx_hal_adc.o(i.ADC_DMAHalfConvCplt)
    i.ADC_Enable                             0x080006dc   Section        0  stm32f1xx_hal_adc.o(i.ADC_Enable)
    i.BusFault_Handler                       0x0800074c   Section        0  stm32f1xx_it.o(i.BusFault_Handler)
    i.CheckBKUP                              0x08000750   Section        0  main.o(i.CheckBKUP)
    i.CheckButtons                           0x080007c0   Section        0  main.o(i.CheckButtons)
    i.Core0                                  0x080007fc   Section        0  main.o(i.Core0)
    i.Core1                                  0x0800081c   Section        0  main.o(i.Core1)
    i.Core2A                                 0x0800087c   Section        0  main.o(i.Core2A)
    i.Core2B                                 0x080008f4   Section        0  main.o(i.Core2B)
    i.Core2C                                 0x08000a1c   Section        0  main.o(i.Core2C)
    i.DMA1_Channel1_IRQHandler               0x08000a40   Section        0  stm32f1xx_it.o(i.DMA1_Channel1_IRQHandler)
    i.DMA_SetConfig                          0x08000a4c   Section        0  stm32f1xx_hal_dma.o(i.DMA_SetConfig)
    DMA_SetConfig                            0x08000a4d   Thumb Code    30  stm32f1xx_hal_dma.o(i.DMA_SetConfig)
    i.DS18B20_GetFloatTemp                   0x08000a6a   Section        0  main.o(i.DS18B20_GetFloatTemp)
    i.DS18B20_Init                           0x08000a98   Section        0  main.o(i.DS18B20_Init)
    i.DS18B20_ReadTemp                       0x08000afc   Section        0  main.o(i.DS18B20_ReadTemp)
    i.DS18B20_Start                          0x08000b3c   Section        0  main.o(i.DS18B20_Start)
    i.DebugMon_Handler                       0x08000b64   Section        0  stm32f1xx_it.o(i.DebugMon_Handler)
    i.EXTI15_10_IRQHandler                   0x08000b68   Section        0  stm32f1xx_it.o(i.EXTI15_10_IRQHandler)
    i.EXTI9_5_IRQHandler                     0x08000c3c   Section        0  stm32f1xx_it.o(i.EXTI9_5_IRQHandler)
    i.GetImA                                 0x08000c5c   Section        0  main.o(i.GetImA)
    i.GetR1dU                                0x08000cb4   Section        0  main.o(i.GetR1dU)
    i.GetUmv                                 0x08000cf0   Section        0  main.o(i.GetUmv)
    i.GreenLedInvState                       0x08000d44   Section        0  main.o(i.GreenLedInvState)
    i.GreenLedSetState                       0x08000d58   Section        0  main.o(i.GreenLedSetState)
    i.HAL_ADC_ConfigChannel                  0x08000d78   Section        0  stm32f1xx_hal_adc.o(i.HAL_ADC_ConfigChannel)
    i.HAL_ADC_ConvCpltCallback               0x08000ee0   Section        0  stm32f1xx_hal_adc.o(i.HAL_ADC_ConvCpltCallback)
    i.HAL_ADC_ConvHalfCpltCallback           0x08000ee2   Section        0  stm32f1xx_hal_adc.o(i.HAL_ADC_ConvHalfCpltCallback)
    i.HAL_ADC_ErrorCallback                  0x08000ee4   Section        0  stm32f1xx_hal_adc.o(i.HAL_ADC_ErrorCallback)
    i.HAL_ADC_Init                           0x08000ee8   Section        0  stm32f1xx_hal_adc.o(i.HAL_ADC_Init)
    i.HAL_ADC_MspInit                        0x0800101c   Section        0  stm32f1xx_hal_msp.o(i.HAL_ADC_MspInit)
    i.HAL_ADC_Start_DMA                      0x0800109c   Section        0  stm32f1xx_hal_adc.o(i.HAL_ADC_Start_DMA)
    i.HAL_DMA_IRQHandler                     0x0800116c   Section        0  stm32f1xx_hal_dma.o(i.HAL_DMA_IRQHandler)
    i.HAL_DMA_Init                           0x080013d8   Section        0  stm32f1xx_hal_dma.o(i.HAL_DMA_Init)
    i.HAL_DMA_Start_IT                       0x08001428   Section        0  stm32f1xx_hal_dma.o(i.HAL_DMA_Start_IT)
    i.HAL_Delay                              0x08001480   Section        0  stm32f1xx_hal.o(i.HAL_Delay)
    i.HAL_GPIO_EXTI_Callback                 0x08001496   Section        0  stm32f1xx_hal_gpio.o(i.HAL_GPIO_EXTI_Callback)
    i.HAL_GPIO_EXTI_IRQHandler               0x08001498   Section        0  stm32f1xx_hal_gpio.o(i.HAL_GPIO_EXTI_IRQHandler)
    i.HAL_GPIO_Init                          0x080014b0   Section        0  stm32f1xx_hal_gpio.o(i.HAL_GPIO_Init)
    i.HAL_GPIO_WritePin                      0x08001688   Section        0  stm32f1xx_hal_gpio.o(i.HAL_GPIO_WritePin)
    i.HAL_GetTick                            0x08001694   Section        0  stm32f1xx_hal.o(i.HAL_GetTick)
    i.HAL_IncTick                            0x080016a0   Section        0  stm32f1xx_hal.o(i.HAL_IncTick)
    i.HAL_Init                               0x080016b0   Section        0  stm32f1xx_hal.o(i.HAL_Init)
    i.HAL_InitTick                           0x080016c6   Section        0  stm32f1xx_hal.o(i.HAL_InitTick)
    i.HAL_MspInit                            0x080016e8   Section        0  stm32f1xx_hal_msp.o(i.HAL_MspInit)
    i.HAL_NVIC_EnableIRQ                     0x08001754   Section        0  stm32f1xx_hal_cortex.o(i.HAL_NVIC_EnableIRQ)
    i.HAL_NVIC_SetPriority                   0x0800176c   Section        0  stm32f1xx_hal_cortex.o(i.HAL_NVIC_SetPriority)
    i.HAL_NVIC_SetPriorityGrouping           0x080017ac   Section        0  stm32f1xx_hal_cortex.o(i.HAL_NVIC_SetPriorityGrouping)
    i.HAL_PWR_EnableBkUpAccess               0x080017d0   Section        0  stm32f1xx_hal_pwr.o(i.HAL_PWR_EnableBkUpAccess)
    i.HAL_PWR_EnterSTANDBYMode               0x080017e8   Section        0  stm32f1xx_hal_pwr.o(i.HAL_PWR_EnterSTANDBYMode)
    i.HAL_RCCEx_GetPeriphCLKFreq             0x08001808   Section        0  stm32f1xx_hal_rcc_ex.o(i.HAL_RCCEx_GetPeriphCLKFreq)
    i.HAL_RCCEx_PeriphCLKConfig              0x08001874   Section        0  stm32f1xx_hal_rcc_ex.o(i.HAL_RCCEx_PeriphCLKConfig)
    i.HAL_RCC_ClockConfig                    0x08001980   Section        0  stm32f1xx_hal_rcc.o(i.HAL_RCC_ClockConfig)
    i.HAL_RCC_GetHCLKFreq                    0x08001a88   Section        0  stm32f1xx_hal_rcc.o(i.HAL_RCC_GetHCLKFreq)
    i.HAL_RCC_GetPCLK2Freq                   0x08001abc   Section        0  stm32f1xx_hal_rcc.o(i.HAL_RCC_GetPCLK2Freq)
    i.HAL_RCC_GetSysClockFreq                0x08001ae8   Section        0  stm32f1xx_hal_rcc.o(i.HAL_RCC_GetSysClockFreq)
    i.HAL_RCC_OscConfig                      0x08001b94   Section        0  stm32f1xx_hal_rcc.o(i.HAL_RCC_OscConfig)
    i.HAL_RTCEx_BKUPRead                     0x080021dc   Section        0  stm32f1xx_hal_rtc_ex.o(i.HAL_RTCEx_BKUPRead)
    i.HAL_RTCEx_BKUPWrite                    0x080021ec   Section        0  stm32f1xx_hal_rtc_ex.o(i.HAL_RTCEx_BKUPWrite)
    i.HAL_RTC_Init                           0x080021fc   Section        0  stm32f1xx_hal_rtc.o(i.HAL_RTC_Init)
    i.HAL_RTC_MspInit                        0x0800229c   Section        0  stm32f1xx_hal_msp.o(i.HAL_RTC_MspInit)
    i.HAL_RTC_SetDate                        0x080022dc   Section        0  stm32f1xx_hal_rtc.o(i.HAL_RTC_SetDate)
    i.HAL_RTC_SetTime                        0x080023a0   Section        0  stm32f1xx_hal_rtc.o(i.HAL_RTC_SetTime)
    i.HAL_RTC_WaitForSynchro                 0x0800244c   Section        0  stm32f1xx_hal_rtc.o(i.HAL_RTC_WaitForSynchro)
    i.HAL_SPI_Init                           0x08002488   Section        0  stm32f1xx_hal_spi_ex.o(i.HAL_SPI_Init)
    i.HAL_SPI_MspInit                        0x08002508   Section        0  stm32f1xx_hal_msp.o(i.HAL_SPI_MspInit)
    i.HAL_SPI_TransmitReceive                0x0800256c   Section        0  stm32f1xx_hal_spi.o(i.HAL_SPI_TransmitReceive)
    i.HAL_SYSTICK_CLKSourceConfig            0x0800281e   Section        0  stm32f1xx_hal_cortex.o(i.HAL_SYSTICK_CLKSourceConfig)
    i.HAL_SYSTICK_Callback                   0x08002836   Section        0  stm32f1xx_hal_cortex.o(i.HAL_SYSTICK_Callback)
    i.HAL_SYSTICK_Config                     0x08002838   Section        0  stm32f1xx_hal_cortex.o(i.HAL_SYSTICK_Config)
    i.HAL_SYSTICK_IRQHandler                 0x08002860   Section        0  stm32f1xx_hal_cortex.o(i.HAL_SYSTICK_IRQHandler)
    i.HAL_TIMEx_BreakCallback                0x08002868   Section        0  stm32f1xx_hal_tim_ex.o(i.HAL_TIMEx_BreakCallback)
    i.HAL_TIMEx_CommutationCallback          0x0800286a   Section        0  stm32f1xx_hal_tim_ex.o(i.HAL_TIMEx_CommutationCallback)
    i.HAL_TIMEx_ConfigBreakDeadTime          0x0800286c   Section        0  stm32f1xx_hal_tim_ex.o(i.HAL_TIMEx_ConfigBreakDeadTime)
    i.HAL_TIMEx_MasterConfigSynchronization  0x080028ae   Section        0  stm32f1xx_hal_tim_ex.o(i.HAL_TIMEx_MasterConfigSynchronization)
    i.HAL_TIM_Base_Init                      0x080028fe   Section        0  stm32f1xx_hal_tim.o(i.HAL_TIM_Base_Init)
    i.HAL_TIM_Base_MspInit                   0x08002934   Section        0  stm32f1xx_hal_msp.o(i.HAL_TIM_Base_MspInit)
    i.HAL_TIM_Base_Start_IT                  0x08002a00   Section        0  stm32f1xx_hal_tim.o(i.HAL_TIM_Base_Start_IT)
    i.HAL_TIM_ConfigClockSource              0x08002a18   Section        0  stm32f1xx_hal_tim.o(i.HAL_TIM_ConfigClockSource)
    i.HAL_TIM_IC_CaptureCallback             0x08002b08   Section        0  stm32f1xx_hal_tim.o(i.HAL_TIM_IC_CaptureCallback)
    i.HAL_TIM_IRQHandler                     0x08002b0a   Section        0  stm32f1xx_hal_tim.o(i.HAL_TIM_IRQHandler)
    i.HAL_TIM_MspPostInit                    0x08002c70   Section        0  stm32f1xx_hal_msp.o(i.HAL_TIM_MspPostInit)
    i.HAL_TIM_OC_DelayElapsedCallback        0x08002cc8   Section        0  stm32f1xx_hal_tim.o(i.HAL_TIM_OC_DelayElapsedCallback)
    i.HAL_TIM_PWM_ConfigChannel              0x08002cca   Section        0  stm32f1xx_hal_tim.o(i.HAL_TIM_PWM_ConfigChannel)
    i.HAL_TIM_PWM_Init                       0x08002d98   Section        0  stm32f1xx_hal_tim.o(i.HAL_TIM_PWM_Init)
    i.HAL_TIM_PWM_MspInit                    0x08002dd0   Section        0  stm32f1xx_hal_msp.o(i.HAL_TIM_PWM_MspInit)
    i.HAL_TIM_PWM_PulseFinishedCallback      0x08002e0c   Section        0  stm32f1xx_hal_tim.o(i.HAL_TIM_PWM_PulseFinishedCallback)
    i.HAL_TIM_PWM_Start                      0x08002e10   Section        0  stm32f1xx_hal_tim.o(i.HAL_TIM_PWM_Start)
    i.HAL_TIM_PWM_Stop                       0x08002e5c   Section        0  stm32f1xx_hal_tim.o(i.HAL_TIM_PWM_Stop)
    i.HAL_TIM_PeriodElapsedCallback          0x08002ecc   Section        0  stm32f1xx_hal_tim.o(i.HAL_TIM_PeriodElapsedCallback)
    i.HAL_TIM_TriggerCallback                0x08002ece   Section        0  stm32f1xx_hal_tim.o(i.HAL_TIM_TriggerCallback)
    i.HardFault_Handler                      0x08002ed0   Section        0  stm32f1xx_it.o(i.HardFault_Handler)
    i.LoadConfig                             0x08002ed4   Section        0  main.o(i.LoadConfig)
    i.MX_ADC1_Init                           0x08002f50   Section        0  main.o(i.MX_ADC1_Init)
    MX_ADC1_Init                             0x08002f51   Thumb Code   150  main.o(i.MX_ADC1_Init)
    i.MX_GPIO_Init                           0x08002ff0   Section        0  main.o(i.MX_GPIO_Init)
    MX_GPIO_Init                             0x08002ff1   Thumb Code   276  main.o(i.MX_GPIO_Init)
    i.MX_SPI1_Init                           0x08003118   Section        0  main.o(i.MX_SPI1_Init)
    MX_SPI1_Init                             0x08003119   Thumb Code    46  main.o(i.MX_SPI1_Init)
    i.MX_TIM15_Init                          0x08003150   Section        0  main.o(i.MX_TIM15_Init)
    MX_TIM15_Init                            0x08003151   Thumb Code   114  main.o(i.MX_TIM15_Init)
    i.MX_TIM1_Init                           0x080031cc   Section        0  main.o(i.MX_TIM1_Init)
    MX_TIM1_Init                             0x080031cd   Thumb Code    66  main.o(i.MX_TIM1_Init)
    i.MX_TIM2_Init                           0x08003218   Section        0  main.o(i.MX_TIM2_Init)
    MX_TIM2_Init                             0x08003219   Thumb Code    82  main.o(i.MX_TIM2_Init)
    i.MemManage_Handler                      0x08003270   Section        0  stm32f1xx_it.o(i.MemManage_Handler)
    i.NMI_Handler                            0x08003272   Section        0  stm32f1xx_it.o(i.NMI_Handler)
    i.NRF24L01_IRQ                           0x08003274   Section        0  main.o(i.NRF24L01_IRQ)
    i.NRF24L01_init                          0x080033a4   Section        0  main.o(i.NRF24L01_init)
    i.NRF24L01_power_down                    0x080034d8   Section        0  main.o(i.NRF24L01_power_down)
    i.NVIC_SetPriority                       0x08003524   Section        0  stm32f1xx_hal_cortex.o(i.NVIC_SetPriority)
    NVIC_SetPriority                         0x08003525   Thumb Code    22  stm32f1xx_hal_cortex.o(i.NVIC_SetPriority)
    i.ProcessRequest                         0x08003544   Section        0  main.o(i.ProcessRequest)
    i.RTC_Bcd2ToByte                         0x080035d0   Section        0  stm32f1xx_hal_rtc.o(i.RTC_Bcd2ToByte)
    RTC_Bcd2ToByte                           0x080035d1   Thumb Code    18  stm32f1xx_hal_rtc.o(i.RTC_Bcd2ToByte)
    i.RTC_EnterInitMode                      0x080035e2   Section        0  stm32f1xx_hal_rtc.o(i.RTC_EnterInitMode)
    RTC_EnterInitMode                        0x080035e3   Thumb Code    52  stm32f1xx_hal_rtc.o(i.RTC_EnterInitMode)
    i.RTC_ExitInitMode                       0x08003618   Section        0  stm32f1xx_hal_rtc.o(i.RTC_ExitInitMode)
    RTC_ExitInitMode                         0x08003619   Thumb Code    54  stm32f1xx_hal_rtc.o(i.RTC_ExitInitMode)
    i.RTC_ReadAlarmCounter                   0x0800364e   Section        0  stm32f1xx_hal_rtc.o(i.RTC_ReadAlarmCounter)
    RTC_ReadAlarmCounter                     0x0800364f   Thumb Code    14  stm32f1xx_hal_rtc.o(i.RTC_ReadAlarmCounter)
    i.RTC_ReadTimeCounter                    0x0800365c   Section        0  stm32f1xx_hal_rtc.o(i.RTC_ReadTimeCounter)
    RTC_ReadTimeCounter                      0x0800365d   Thumb Code    32  stm32f1xx_hal_rtc.o(i.RTC_ReadTimeCounter)
    i.RTC_WeekDayNum                         0x0800367c   Section        0  stm32f1xx_hal_rtc.o(i.RTC_WeekDayNum)
    RTC_WeekDayNum                           0x0800367d   Thumb Code    88  stm32f1xx_hal_rtc.o(i.RTC_WeekDayNum)
    i.RTC_WriteAlarmCounter                  0x080036d4   Section        0  stm32f1xx_hal_rtc.o(i.RTC_WriteAlarmCounter)
    RTC_WriteAlarmCounter                    0x080036d5   Thumb Code    40  stm32f1xx_hal_rtc.o(i.RTC_WriteAlarmCounter)
    i.RTC_WriteTimeCounter                   0x080036fc   Section        0  stm32f1xx_hal_rtc.o(i.RTC_WriteTimeCounter)
    RTC_WriteTimeCounter                     0x080036fd   Thumb Code    40  stm32f1xx_hal_rtc.o(i.RTC_WriteTimeCounter)
    i.RedLedInvState                         0x08003724   Section        0  main.o(i.RedLedInvState)
    i.RedLedSetState                         0x08003738   Section        0  main.o(i.RedLedSetState)
    i.RedLightInvState                       0x08003758   Section        0  main.o(i.RedLightInvState)
    i.RedLightSetState                       0x0800376c   Section        0  main.o(i.RedLightSetState)
    i.SPI_WaitOnFlagUntilTimeout             0x0800378c   Section        0  stm32f1xx_hal_spi.o(i.SPI_WaitOnFlagUntilTimeout)
    SPI_WaitOnFlagUntilTimeout               0x0800378d   Thumb Code   158  stm32f1xx_hal_spi.o(i.SPI_WaitOnFlagUntilTimeout)
    i.SaveConfig                             0x0800382c   Section        0  main.o(i.SaveConfig)
    i.SendFullInfo                           0x080038d8   Section        0  main.o(i.SendFullInfo)
    i.SendInfo                               0x08003900   Section        0  main.o(i.SendInfo)
    i.SetID                                  0x08003a54   Section        0  main.o(i.SetID)
    i.StabI_Procc                            0x08003ad4   Section        0  main.o(i.StabI_Procc)
    i.StabU_Procc                            0x08003b34   Section        0  main.o(i.StabU_Procc)
    i.StepUpDownState                        0x08003b74   Section        0  main.o(i.StepUpDownState)
    i.StepUpDownValue_dec                    0x08003bac   Section        0  main.o(i.StepUpDownValue_dec)
    i.StepUpDownValue_inc                    0x08003bc8   Section        0  main.o(i.StepUpDownValue_inc)
    i.StepUpState                            0x08003bea   Section        0  main.o(i.StepUpState)
    i.StepUpValue_dec                        0x08003c0e   Section        0  main.o(i.StepUpValue_dec)
    i.StepUpValue_inc                        0x08003c22   Section        0  main.o(i.StepUpValue_inc)
    i.SysTick_Handler                        0x08003c3a   Section        0  stm32f1xx_it.o(i.SysTick_Handler)
    i.SystemClock_Config                     0x08003c48   Section        0  main.o(i.SystemClock_Config)
    i.SystemInit                             0x08003cb8   Section        0  system_stm32f1xx.o(i.SystemInit)
    i.TIM1_UP_TIM16_IRQHandler               0x08003d04   Section        0  stm32f1xx_it.o(i.TIM1_UP_TIM16_IRQHandler)
    i.TIM3_IRQHandler                        0x08003d20   Section        0  stm32f1xx_it.o(i.TIM3_IRQHandler)
    i.TIM4_IRQHandler                        0x08003d5c   Section        0  stm32f1xx_it.o(i.TIM4_IRQHandler)
    i.TIM6_DAC_IRQHandler                    0x08003d98   Section        0  stm32f1xx_it.o(i.TIM6_DAC_IRQHandler)
    i.TIM_Base_SetConfig                     0x08003dbc   Section        0  stm32f1xx_hal_tim.o(i.TIM_Base_SetConfig)
    i.TIM_CCxChannelCmd                      0x08003e4c   Section        0  stm32f1xx_hal_tim.o(i.TIM_CCxChannelCmd)
    i.TIM_ETR_SetConfig                      0x08003e62   Section        0  stm32f1xx_hal_tim.o(i.TIM_ETR_SetConfig)
    TIM_ETR_SetConfig                        0x08003e63   Thumb Code    20  stm32f1xx_hal_tim.o(i.TIM_ETR_SetConfig)
    i.TIM_ITRx_SetConfig                     0x08003e76   Section        0  stm32f1xx_hal_tim.o(i.TIM_ITRx_SetConfig)
    TIM_ITRx_SetConfig                       0x08003e77   Thumb Code    16  stm32f1xx_hal_tim.o(i.TIM_ITRx_SetConfig)
    i.TIM_OC1_SetConfig                      0x08003e88   Section        0  stm32f1xx_hal_tim.o(i.TIM_OC1_SetConfig)
    TIM_OC1_SetConfig                        0x08003e89   Thumb Code   112  stm32f1xx_hal_tim.o(i.TIM_OC1_SetConfig)
    i.TIM_OC2_SetConfig                      0x08003f08   Section        0  stm32f1xx_hal_tim.o(i.TIM_OC2_SetConfig)
    i.TIM_OC3_SetConfig                      0x08003f80   Section        0  stm32f1xx_hal_tim.o(i.TIM_OC3_SetConfig)
    TIM_OC3_SetConfig                        0x08003f81   Thumb Code   102  stm32f1xx_hal_tim.o(i.TIM_OC3_SetConfig)
    i.TIM_OC4_SetConfig                      0x08003ff8   Section        0  stm32f1xx_hal_tim.o(i.TIM_OC4_SetConfig)
    TIM_OC4_SetConfig                        0x08003ff9   Thumb Code    82  stm32f1xx_hal_tim.o(i.TIM_OC4_SetConfig)
    i.TIM_TI1_ConfigInputStage               0x0800405c   Section        0  stm32f1xx_hal_tim.o(i.TIM_TI1_ConfigInputStage)
    TIM_TI1_ConfigInputStage                 0x0800405d   Thumb Code    34  stm32f1xx_hal_tim.o(i.TIM_TI1_ConfigInputStage)
    i.TIM_TI2_ConfigInputStage               0x0800407e   Section        0  stm32f1xx_hal_tim.o(i.TIM_TI2_ConfigInputStage)
    TIM_TI2_ConfigInputStage                 0x0800407f   Thumb Code    36  stm32f1xx_hal_tim.o(i.TIM_TI2_ConfigInputStage)
    i.UsageFault_Handler                     0x080040a2   Section        0  stm32f1xx_it.o(i.UsageFault_Handler)
    i.__scatterload_copy                     0x080040a4   Section       14  handlers.o(i.__scatterload_copy)
    i.__scatterload_null                     0x080040b2   Section        2  handlers.o(i.__scatterload_null)
    i.__scatterload_zeroinit                 0x080040b4   Section       14  handlers.o(i.__scatterload_zeroinit)
    i.clr_irq                                0x080040c4   Section        0  main.o(i.clr_irq)
    i.delay_ms                               0x080040fc   Section        0  main.o(i.delay_ms)
    i.delay_us                               0x08004118   Section        0  main.o(i.delay_us)
    i.main                                   0x08004130   Section        0  main.o(i.main)
    i.one_wire_read_bit                      0x080043d0   Section        0  main.o(i.one_wire_read_bit)
    i.one_wire_reset                         0x0800442c   Section        0  main.o(i.one_wire_reset)
    i.one_wire_write_bit                     0x08004498   Section        0  main.o(i.one_wire_write_bit)
    i.one_wire_write_byte                    0x080044c8   Section        0  main.o(i.one_wire_write_byte)
    i.one_wire_write_mode                    0x080044e8   Section        0  main.o(i.one_wire_write_mode)
    i.read_irq                               0x080044f8   Section        0  main.o(i.read_irq)
    i.read_rx                                0x0800452c   Section        0  main.o(i.read_rx)
    i.rx_mode                                0x080045c8   Section        0  main.o(i.rx_mode)
    i.send_data                              0x0800461c   Section        0  main.o(i.send_data)
    i.spi                                    0x080046b8   Section        0  main.o(i.spi)
    i.tx_mode                                0x080046e0   Section        0  main.o(i.tx_mode)
    .constdata                               0x08004740   Section       16  stm32f1xx_hal_rcc.o(.constdata)
    .data                                    0x20000000   Section        4  system_stm32f1xx.o(.data)
    .data                                    0x20000004   Section        4  stm32f1xx_hal.o(.data)
    uwTick                                   0x20000004   Data           4  stm32f1xx_hal.o(.data)
    .data                                    0x20000008   Section        1  stm32f1xx_hal_spi_ex.o(.data)
    .data                                    0x2000000c   Section       12  stm32f1xx_it.o(.data)
    .data                                    0x20000018   Section      128  main.o(.data)
    .bss                                     0x20000098   Section      872  main.o(.bss)
    STACK                                    0x20000400   Section     1024  startup_stm32f100xb.o(STACK)

    Global Symbols

    Symbol Name                              Value     Ov Type        Size  Object(Section)

    BuildAttributes$$THM_ISAv4$P$D$K$B$S$PE$A:L22UL41UL21$X:L11$S22US41US21$IEEE1$IW$USESV6$~STKCKD$USESV7$~SHL$OTIME$ROPI$IEEEX$EBA8$MICROLIB$REQ8$PRES8$EABIv2 0x00000000   Number         0  anon$$obj.o ABSOLUTE
    __ARM_use_no_argv                        0x00000000   Number         0  main.o ABSOLUTE
    __cpp_initialize__aeabi_                  - Undefined Weak Reference
    __cxa_finalize                            - Undefined Weak Reference
    __decompress                              - Undefined Weak Reference
    _clock_init                               - Undefined Weak Reference
    _microlib_exit                            - Undefined Weak Reference
    __Vectors_Size                           0x00000120   Number         0  startup_stm32f100xb.o ABSOLUTE
    __Vectors                                0x08000000   Data           4  startup_stm32f100xb.o(RESET)
    __Vectors_End                            0x08000120   Data           0  startup_stm32f100xb.o(RESET)
    __main                                   0x08000121   Thumb Code     0  entry.o(.ARM.Collect$$$$00000000)
    _main_stk                                0x08000121   Thumb Code     0  entry2.o(.ARM.Collect$$$$00000001)
    _main_scatterload                        0x08000125   Thumb Code     0  entry5.o(.ARM.Collect$$$$00000004)
    __main_after_scatterload                 0x08000129   Thumb Code     0  entry5.o(.ARM.Collect$$$$00000004)
    _main_clock                              0x08000129   Thumb Code     0  entry7b.o(.ARM.Collect$$$$00000008)
    _main_cpp_init                           0x08000129   Thumb Code     0  entry8b.o(.ARM.Collect$$$$0000000A)
    _main_init                               0x08000129   Thumb Code     0  entry9a.o(.ARM.Collect$$$$0000000B)
    __rt_final_cpp                           0x08000131   Thumb Code     0  entry10a.o(.ARM.Collect$$$$0000000D)
    __rt_final_exit                          0x08000131   Thumb Code     0  entry11a.o(.ARM.Collect$$$$0000000F)
    Reset_Handler                            0x08000135   Thumb Code     8  startup_stm32f100xb.o(.text)
    SVC_Handler                              0x08000147   Thumb Code     2  startup_stm32f100xb.o(.text)
    PendSV_Handler                           0x0800014b   Thumb Code     2  startup_stm32f100xb.o(.text)
    ADC1_IRQHandler                          0x0800014f   Thumb Code     0  startup_stm32f100xb.o(.text)
    CEC_IRQHandler                           0x0800014f   Thumb Code     0  startup_stm32f100xb.o(.text)
    DMA1_Channel2_IRQHandler                 0x0800014f   Thumb Code     0  startup_stm32f100xb.o(.text)
    DMA1_Channel3_IRQHandler                 0x0800014f   Thumb Code     0  startup_stm32f100xb.o(.text)
    DMA1_Channel4_IRQHandler                 0x0800014f   Thumb Code     0  startup_stm32f100xb.o(.text)
    DMA1_Channel5_IRQHandler                 0x0800014f   Thumb Code     0  startup_stm32f100xb.o(.text)
    DMA1_Channel6_IRQHandler                 0x0800014f   Thumb Code     0  startup_stm32f100xb.o(.text)
    DMA1_Channel7_IRQHandler                 0x0800014f   Thumb Code     0  startup_stm32f100xb.o(.text)
    EXTI0_IRQHandler                         0x0800014f   Thumb Code     0  startup_stm32f100xb.o(.text)
    EXTI1_IRQHandler                         0x0800014f   Thumb Code     0  startup_stm32f100xb.o(.text)
    EXTI2_IRQHandler                         0x0800014f   Thumb Code     0  startup_stm32f100xb.o(.text)
    EXTI3_IRQHandler                         0x0800014f   Thumb Code     0  startup_stm32f100xb.o(.text)
    EXTI4_IRQHandler                         0x0800014f   Thumb Code     0  startup_stm32f100xb.o(.text)
    FLASH_IRQHandler                         0x0800014f   Thumb Code     0  startup_stm32f100xb.o(.text)
    I2C1_ER_IRQHandler                       0x0800014f   Thumb Code     0  startup_stm32f100xb.o(.text)
    I2C1_EV_IRQHandler                       0x0800014f   Thumb Code     0  startup_stm32f100xb.o(.text)
    I2C2_ER_IRQHandler                       0x0800014f   Thumb Code     0  startup_stm32f100xb.o(.text)
    I2C2_EV_IRQHandler                       0x0800014f   Thumb Code     0  startup_stm32f100xb.o(.text)
    PVD_IRQHandler                           0x0800014f   Thumb Code     0  startup_stm32f100xb.o(.text)
    RCC_IRQHandler                           0x0800014f   Thumb Code     0  startup_stm32f100xb.o(.text)
    RTC_Alarm_IRQHandler                     0x0800014f   Thumb Code     0  startup_stm32f100xb.o(.text)
    RTC_IRQHandler                           0x0800014f   Thumb Code     0  startup_stm32f100xb.o(.text)
    SPI1_IRQHandler                          0x0800014f   Thumb Code     0  startup_stm32f100xb.o(.text)
    SPI2_IRQHandler                          0x0800014f   Thumb Code     0  startup_stm32f100xb.o(.text)
    TAMPER_IRQHandler                        0x0800014f   Thumb Code     0  startup_stm32f100xb.o(.text)
    TIM1_BRK_TIM15_IRQHandler                0x0800014f   Thumb Code     0  startup_stm32f100xb.o(.text)
    TIM1_CC_IRQHandler                       0x0800014f   Thumb Code     0  startup_stm32f100xb.o(.text)
    TIM1_TRG_COM_TIM17_IRQHandler            0x0800014f   Thumb Code     0  startup_stm32f100xb.o(.text)
    TIM2_IRQHandler                          0x0800014f   Thumb Code     0  startup_stm32f100xb.o(.text)
    TIM7_IRQHandler                          0x0800014f   Thumb Code     0  startup_stm32f100xb.o(.text)
    USART1_IRQHandler                        0x0800014f   Thumb Code     0  startup_stm32f100xb.o(.text)
    USART2_IRQHandler                        0x0800014f   Thumb Code     0  startup_stm32f100xb.o(.text)
    USART3_IRQHandler                        0x0800014f   Thumb Code     0  startup_stm32f100xb.o(.text)
    WWDG_IRQHandler                          0x0800014f   Thumb Code     0  startup_stm32f100xb.o(.text)
    __aeabi_llsr                             0x08000159   Thumb Code    32  llushr.o(.text)
    _ll_ushift_r                             0x08000159   Thumb Code     0  llushr.o(.text)
    __aeabi_fdiv                             0x08000179   Thumb Code   128  fdiv.o(.text)
    __ARM_scalbnf                            0x080001f9   Thumb Code    24  fscalb.o(.text)
    scalbnf                                  0x080001f9   Thumb Code     0  fscalb.o(.text)
    __aeabi_dmul                             0x08000211   Thumb Code   228  dmul.o(.text)
    __aeabi_ddiv                             0x080002f5   Thumb Code   222  ddiv.o(.text)
    __aeabi_ui2f                             0x080003d3   Thumb Code    10  ffltui.o(.text)
    __aeabi_ui2d                             0x080003dd   Thumb Code    26  dfltui.o(.text)
    __aeabi_f2uiz                            0x080003f7   Thumb Code    40  ffixui.o(.text)
    __aeabi_d2uiz                            0x0800041f   Thumb Code    50  dfixui.o(.text)
    __aeabi_f2d                              0x08000451   Thumb Code    38  f2d.o(.text)
    __aeabi_d2f                              0x08000477   Thumb Code    56  d2f.o(.text)
    __I$use$fp                               0x080004af   Thumb Code     0  iusefp.o(.text)
    _float_round                             0x080004af   Thumb Code    18  fepilogue.o(.text)
    _float_epilogue                          0x080004c1   Thumb Code    90  fepilogue.o(.text)
    _double_round                            0x0800051b   Thumb Code    26  depilogue.o(.text)
    _double_epilogue                         0x08000535   Thumb Code   164  depilogue.o(.text)
    __scatterload                            0x080005d9   Thumb Code    28  init.o(.text)
    __scatterload_rt2                        0x080005d9   Thumb Code     0  init.o(.text)
    __aeabi_llsl                             0x080005fd   Thumb Code    30  llshl.o(.text)
    _ll_shift_l                              0x080005fd   Thumb Code     0  llshl.o(.text)
    ADC_ConversionStop_Disable               0x0800061d   Thumb Code    76  stm32f1xx_hal_adc.o(i.ADC_ConversionStop_Disable)
    ADC_DMAConvCplt                          0x08000669   Thumb Code    78  stm32f1xx_hal_adc.o(i.ADC_DMAConvCplt)
    ADC_DMAError                             0x080006b7   Thumb Code    26  stm32f1xx_hal_adc.o(i.ADC_DMAError)
    ADC_DMAHalfConvCplt                      0x080006d1   Thumb Code    10  stm32f1xx_hal_adc.o(i.ADC_DMAHalfConvCplt)
    ADC_Enable                               0x080006dd   Thumb Code   104  stm32f1xx_hal_adc.o(i.ADC_Enable)
    BusFault_Handler                         0x0800074d   Thumb Code     2  stm32f1xx_it.o(i.BusFault_Handler)
    CheckBKUP                                0x08000751   Thumb Code   106  main.o(i.CheckBKUP)
    CheckButtons                             0x080007c1   Thumb Code    52  main.o(i.CheckButtons)
    Core0                                    0x080007fd   Thumb Code    28  main.o(i.Core0)
    Core1                                    0x0800081d   Thumb Code    86  main.o(i.Core1)
    Core2A                                   0x0800087d   Thumb Code   112  main.o(i.Core2A)
    Core2B                                   0x080008f5   Thumb Code   278  main.o(i.Core2B)
    Core2C                                   0x08000a1d   Thumb Code    32  main.o(i.Core2C)
    DMA1_Channel1_IRQHandler                 0x08000a41   Thumb Code     6  stm32f1xx_it.o(i.DMA1_Channel1_IRQHandler)
    DS18B20_GetFloatTemp                     0x08000a6b   Thumb Code    46  main.o(i.DS18B20_GetFloatTemp)
    DS18B20_Init                             0x08000a99   Thumb Code    92  main.o(i.DS18B20_Init)
    DS18B20_ReadTemp                         0x08000afd   Thumb Code    58  main.o(i.DS18B20_ReadTemp)
    DS18B20_Start                            0x08000b3d   Thumb Code    36  main.o(i.DS18B20_Start)
    DebugMon_Handler                         0x08000b65   Thumb Code     2  stm32f1xx_it.o(i.DebugMon_Handler)
    EXTI15_10_IRQHandler                     0x08000b69   Thumb Code   172  stm32f1xx_it.o(i.EXTI15_10_IRQHandler)
    EXTI9_5_IRQHandler                       0x08000c3d   Thumb Code    26  stm32f1xx_it.o(i.EXTI9_5_IRQHandler)
    GetImA                                   0x08000c5d   Thumb Code    74  main.o(i.GetImA)
    GetR1dU                                  0x08000cb5   Thumb Code    48  main.o(i.GetR1dU)
    GetUmv                                   0x08000cf1   Thumb Code    72  main.o(i.GetUmv)
    GreenLedInvState                         0x08000d45   Thumb Code    16  main.o(i.GreenLedInvState)
    GreenLedSetState                         0x08000d59   Thumb Code    24  main.o(i.GreenLedSetState)
    HAL_ADC_ConfigChannel                    0x08000d79   Thumb Code   346  stm32f1xx_hal_adc.o(i.HAL_ADC_ConfigChannel)
    HAL_ADC_ConvCpltCallback                 0x08000ee1   Thumb Code     2  stm32f1xx_hal_adc.o(i.HAL_ADC_ConvCpltCallback)
    HAL_ADC_ConvHalfCpltCallback             0x08000ee3   Thumb Code     2  stm32f1xx_hal_adc.o(i.HAL_ADC_ConvHalfCpltCallback)
    HAL_ADC_ErrorCallback                    0x08000ee5   Thumb Code     2  stm32f1xx_hal_adc.o(i.HAL_ADC_ErrorCallback)
    HAL_ADC_Init                             0x08000ee9   Thumb Code   300  stm32f1xx_hal_adc.o(i.HAL_ADC_Init)
    HAL_ADC_MspInit                          0x0800101d   Thumb Code   104  stm32f1xx_hal_msp.o(i.HAL_ADC_MspInit)
    HAL_ADC_Start_DMA                        0x0800109d   Thumb Code   194  stm32f1xx_hal_adc.o(i.HAL_ADC_Start_DMA)
    HAL_DMA_IRQHandler                       0x0800116d   Thumb Code   616  stm32f1xx_hal_dma.o(i.HAL_DMA_IRQHandler)
    HAL_DMA_Init                             0x080013d9   Thumb Code    80  stm32f1xx_hal_dma.o(i.HAL_DMA_Init)
    HAL_DMA_Start_IT                         0x08001429   Thumb Code    88  stm32f1xx_hal_dma.o(i.HAL_DMA_Start_IT)
    HAL_Delay                                0x08001481   Thumb Code    22  stm32f1xx_hal.o(i.HAL_Delay)
    HAL_GPIO_EXTI_Callback                   0x08001497   Thumb Code     2  stm32f1xx_hal_gpio.o(i.HAL_GPIO_EXTI_Callback)
    HAL_GPIO_EXTI_IRQHandler                 0x08001499   Thumb Code    18  stm32f1xx_hal_gpio.o(i.HAL_GPIO_EXTI_IRQHandler)
    HAL_GPIO_Init                            0x080014b1   Thumb Code   436  stm32f1xx_hal_gpio.o(i.HAL_GPIO_Init)
    HAL_GPIO_WritePin                        0x08001689   Thumb Code    10  stm32f1xx_hal_gpio.o(i.HAL_GPIO_WritePin)
    HAL_GetTick                              0x08001695   Thumb Code     6  stm32f1xx_hal.o(i.HAL_GetTick)
    HAL_IncTick                              0x080016a1   Thumb Code    10  stm32f1xx_hal.o(i.HAL_IncTick)
    HAL_Init                                 0x080016b1   Thumb Code    22  stm32f1xx_hal.o(i.HAL_Init)
    HAL_InitTick                             0x080016c7   Thumb Code    34  stm32f1xx_hal.o(i.HAL_InitTick)
    HAL_MspInit                              0x080016e9   Thumb Code    98  stm32f1xx_hal_msp.o(i.HAL_MspInit)
    HAL_NVIC_EnableIRQ                       0x08001755   Thumb Code    24  stm32f1xx_hal_cortex.o(i.HAL_NVIC_EnableIRQ)
    HAL_NVIC_SetPriority                     0x0800176d   Thumb Code    60  stm32f1xx_hal_cortex.o(i.HAL_NVIC_SetPriority)
    HAL_NVIC_SetPriorityGrouping             0x080017ad   Thumb Code    26  stm32f1xx_hal_cortex.o(i.HAL_NVIC_SetPriorityGrouping)
    HAL_PWR_EnableBkUpAccess                 0x080017d1   Thumb Code    20  stm32f1xx_hal_pwr.o(i.HAL_PWR_EnableBkUpAccess)
    HAL_PWR_EnterSTANDBYMode                 0x080017e9   Thumb Code    24  stm32f1xx_hal_pwr.o(i.HAL_PWR_EnterSTANDBYMode)
    HAL_RCCEx_GetPeriphCLKFreq               0x08001809   Thumb Code    98  stm32f1xx_hal_rcc_ex.o(i.HAL_RCCEx_GetPeriphCLKFreq)
    HAL_RCCEx_PeriphCLKConfig                0x08001875   Thumb Code   256  stm32f1xx_hal_rcc_ex.o(i.HAL_RCCEx_PeriphCLKConfig)
    HAL_RCC_ClockConfig                      0x08001981   Thumb Code   258  stm32f1xx_hal_rcc.o(i.HAL_RCC_ClockConfig)
    HAL_RCC_GetHCLKFreq                      0x08001a89   Thumb Code    38  stm32f1xx_hal_rcc.o(i.HAL_RCC_GetHCLKFreq)
    HAL_RCC_GetPCLK2Freq                     0x08001abd   Thumb Code    36  stm32f1xx_hal_rcc.o(i.HAL_RCC_GetPCLK2Freq)
    HAL_RCC_GetSysClockFreq                  0x08001ae9   Thumb Code   126  stm32f1xx_hal_rcc.o(i.HAL_RCC_GetSysClockFreq)
    HAL_RCC_OscConfig                        0x08001b95   Thumb Code  1606  stm32f1xx_hal_rcc.o(i.HAL_RCC_OscConfig)
    HAL_RTCEx_BKUPRead                       0x080021dd   Thumb Code    10  stm32f1xx_hal_rtc_ex.o(i.HAL_RTCEx_BKUPRead)
    HAL_RTCEx_BKUPWrite                      0x080021ed   Thumb Code    12  stm32f1xx_hal_rtc_ex.o(i.HAL_RTCEx_BKUPWrite)
    HAL_RTC_Init                             0x080021fd   Thumb Code   154  stm32f1xx_hal_rtc.o(i.HAL_RTC_Init)
    HAL_RTC_MspInit                          0x0800229d   Thumb Code    52  stm32f1xx_hal_msp.o(i.HAL_RTC_MspInit)
    HAL_RTC_SetDate                          0x080022dd   Thumb Code   192  stm32f1xx_hal_rtc.o(i.HAL_RTC_SetDate)
    HAL_RTC_SetTime                          0x080023a1   Thumb Code   168  stm32f1xx_hal_rtc.o(i.HAL_RTC_SetTime)
    HAL_RTC_WaitForSynchro                   0x0800244d   Thumb Code    58  stm32f1xx_hal_rtc.o(i.HAL_RTC_WaitForSynchro)
    HAL_SPI_Init                             0x08002489   Thumb Code   122  stm32f1xx_hal_spi_ex.o(i.HAL_SPI_Init)
    HAL_SPI_MspInit                          0x08002509   Thumb Code    84  stm32f1xx_hal_msp.o(i.HAL_SPI_MspInit)
    HAL_SPI_TransmitReceive                  0x0800256d   Thumb Code   690  stm32f1xx_hal_spi.o(i.HAL_SPI_TransmitReceive)
    HAL_SYSTICK_CLKSourceConfig              0x0800281f   Thumb Code    24  stm32f1xx_hal_cortex.o(i.HAL_SYSTICK_CLKSourceConfig)
    HAL_SYSTICK_Callback                     0x08002837   Thumb Code     2  stm32f1xx_hal_cortex.o(i.HAL_SYSTICK_Callback)
    HAL_SYSTICK_Config                       0x08002839   Thumb Code    40  stm32f1xx_hal_cortex.o(i.HAL_SYSTICK_Config)
    HAL_SYSTICK_IRQHandler                   0x08002861   Thumb Code     8  stm32f1xx_hal_cortex.o(i.HAL_SYSTICK_IRQHandler)
    HAL_TIMEx_BreakCallback                  0x08002869   Thumb Code     2  stm32f1xx_hal_tim_ex.o(i.HAL_TIMEx_BreakCallback)
    HAL_TIMEx_CommutationCallback            0x0800286b   Thumb Code     2  stm32f1xx_hal_tim_ex.o(i.HAL_TIMEx_CommutationCallback)
    HAL_TIMEx_ConfigBreakDeadTime            0x0800286d   Thumb Code    66  stm32f1xx_hal_tim_ex.o(i.HAL_TIMEx_ConfigBreakDeadTime)
    HAL_TIMEx_MasterConfigSynchronization    0x080028af   Thumb Code    80  stm32f1xx_hal_tim_ex.o(i.HAL_TIMEx_MasterConfigSynchronization)
    HAL_TIM_Base_Init                        0x080028ff   Thumb Code    54  stm32f1xx_hal_tim.o(i.HAL_TIM_Base_Init)
    HAL_TIM_Base_MspInit                     0x08002935   Thumb Code   180  stm32f1xx_hal_msp.o(i.HAL_TIM_Base_MspInit)
    HAL_TIM_Base_Start_IT                    0x08002a01   Thumb Code    24  stm32f1xx_hal_tim.o(i.HAL_TIM_Base_Start_IT)
    HAL_TIM_ConfigClockSource                0x08002a19   Thumb Code   240  stm32f1xx_hal_tim.o(i.HAL_TIM_ConfigClockSource)
    HAL_TIM_IC_CaptureCallback               0x08002b09   Thumb Code     2  stm32f1xx_hal_tim.o(i.HAL_TIM_IC_CaptureCallback)
    HAL_TIM_IRQHandler                       0x08002b0b   Thumb Code   358  stm32f1xx_hal_tim.o(i.HAL_TIM_IRQHandler)
    HAL_TIM_MspPostInit                      0x08002c71   Thumb Code    70  stm32f1xx_hal_msp.o(i.HAL_TIM_MspPostInit)
    HAL_TIM_OC_DelayElapsedCallback          0x08002cc9   Thumb Code     2  stm32f1xx_hal_tim.o(i.HAL_TIM_OC_DelayElapsedCallback)
    HAL_TIM_PWM_ConfigChannel                0x08002ccb   Thumb Code   206  stm32f1xx_hal_tim.o(i.HAL_TIM_PWM_ConfigChannel)
    HAL_TIM_PWM_Init                         0x08002d99   Thumb Code    54  stm32f1xx_hal_tim.o(i.HAL_TIM_PWM_Init)
    HAL_TIM_PWM_MspInit                      0x08002dd1   Thumb Code    52  stm32f1xx_hal_msp.o(i.HAL_TIM_PWM_MspInit)
    HAL_TIM_PWM_PulseFinishedCallback        0x08002e0d   Thumb Code     2  stm32f1xx_hal_tim.o(i.HAL_TIM_PWM_PulseFinishedCallback)
    HAL_TIM_PWM_Start                        0x08002e11   Thumb Code    60  stm32f1xx_hal_tim.o(i.HAL_TIM_PWM_Start)
    HAL_TIM_PWM_Stop                         0x08002e5d   Thumb Code    96  stm32f1xx_hal_tim.o(i.HAL_TIM_PWM_Stop)
    HAL_TIM_PeriodElapsedCallback            0x08002ecd   Thumb Code     2  stm32f1xx_hal_tim.o(i.HAL_TIM_PeriodElapsedCallback)
    HAL_TIM_TriggerCallback                  0x08002ecf   Thumb Code     2  stm32f1xx_hal_tim.o(i.HAL_TIM_TriggerCallback)
    HardFault_Handler                        0x08002ed1   Thumb Code     2  stm32f1xx_it.o(i.HardFault_Handler)
    LoadConfig                               0x08002ed5   Thumb Code   110  main.o(i.LoadConfig)
    MemManage_Handler                        0x08003271   Thumb Code     2  stm32f1xx_it.o(i.MemManage_Handler)
    NMI_Handler                              0x08003273   Thumb Code     2  stm32f1xx_it.o(i.NMI_Handler)
    NRF24L01_IRQ                             0x08003275   Thumb Code   292  main.o(i.NRF24L01_IRQ)
    NRF24L01_init                            0x080033a5   Thumb Code   300  main.o(i.NRF24L01_init)
    NRF24L01_power_down                      0x080034d9   Thumb Code    68  main.o(i.NRF24L01_power_down)
    ProcessRequest                           0x08003545   Thumb Code   130  main.o(i.ProcessRequest)
    RedLedInvState                           0x08003725   Thumb Code    16  main.o(i.RedLedInvState)
    RedLedSetState                           0x08003739   Thumb Code    24  main.o(i.RedLedSetState)
    RedLightInvState                         0x08003759   Thumb Code    16  main.o(i.RedLightInvState)
    RedLightSetState                         0x0800376d   Thumb Code    24  main.o(i.RedLightSetState)
    SaveConfig                               0x0800382d   Thumb Code   160  main.o(i.SaveConfig)
    SendFullInfo                             0x080038d9   Thumb Code    34  main.o(i.SendFullInfo)
    SendInfo                                 0x08003901   Thumb Code   322  main.o(i.SendInfo)
    SetID                                    0x08003a55   Thumb Code   124  main.o(i.SetID)
    StabI_Procc                              0x08003ad5   Thumb Code    96  main.o(i.StabI_Procc)
    StabU_Procc                              0x08003b35   Thumb Code    64  main.o(i.StabU_Procc)
    StepUpDownState                          0x08003b75   Thumb Code    56  main.o(i.StepUpDownState)
    StepUpDownValue_dec                      0x08003bad   Thumb Code    28  main.o(i.StepUpDownValue_dec)
    StepUpDownValue_inc                      0x08003bc9   Thumb Code    34  main.o(i.StepUpDownValue_inc)
    StepUpState                              0x08003beb   Thumb Code    36  main.o(i.StepUpState)
    StepUpValue_dec                          0x08003c0f   Thumb Code    20  main.o(i.StepUpValue_dec)
    StepUpValue_inc                          0x08003c23   Thumb Code    24  main.o(i.StepUpValue_inc)
    SysTick_Handler                          0x08003c3b   Thumb Code    14  stm32f1xx_it.o(i.SysTick_Handler)
    SystemClock_Config                       0x08003c49   Thumb Code   112  main.o(i.SystemClock_Config)
    SystemInit                               0x08003cb9   Thumb Code    60  system_stm32f1xx.o(i.SystemInit)
    TIM1_UP_TIM16_IRQHandler                 0x08003d05   Thumb Code    24  stm32f1xx_it.o(i.TIM1_UP_TIM16_IRQHandler)
    TIM3_IRQHandler                          0x08003d21   Thumb Code    44  stm32f1xx_it.o(i.TIM3_IRQHandler)
    TIM4_IRQHandler                          0x08003d5d   Thumb Code    44  stm32f1xx_it.o(i.TIM4_IRQHandler)
    TIM6_DAC_IRQHandler                      0x08003d99   Thumb Code    32  stm32f1xx_it.o(i.TIM6_DAC_IRQHandler)
    TIM_Base_SetConfig                       0x08003dbd   Thumb Code   118  stm32f1xx_hal_tim.o(i.TIM_Base_SetConfig)
    TIM_CCxChannelCmd                        0x08003e4d   Thumb Code    22  stm32f1xx_hal_tim.o(i.TIM_CCxChannelCmd)
    TIM_OC2_SetConfig                        0x08003f09   Thumb Code   104  stm32f1xx_hal_tim.o(i.TIM_OC2_SetConfig)
    UsageFault_Handler                       0x080040a3   Thumb Code     2  stm32f1xx_it.o(i.UsageFault_Handler)
    __scatterload_copy                       0x080040a5   Thumb Code    14  handlers.o(i.__scatterload_copy)
    __scatterload_null                       0x080040b3   Thumb Code     2  handlers.o(i.__scatterload_null)
    __scatterload_zeroinit                   0x080040b5   Thumb Code    14  handlers.o(i.__scatterload_zeroinit)
    clr_irq                                  0x080040c5   Thumb Code    50  main.o(i.clr_irq)
    delay_ms                                 0x080040fd   Thumb Code    28  main.o(i.delay_ms)
    delay_us                                 0x08004119   Thumb Code    18  main.o(i.delay_us)
    main                                     0x08004131   Thumb Code   618  main.o(i.main)
    one_wire_read_bit                        0x080043d1   Thumb Code    86  main.o(i.one_wire_read_bit)
    one_wire_reset                           0x0800442d   Thumb Code   102  main.o(i.one_wire_reset)
    one_wire_write_bit                       0x08004499   Thumb Code    42  main.o(i.one_wire_write_bit)
    one_wire_write_byte                      0x080044c9   Thumb Code    30  main.o(i.one_wire_write_byte)
    one_wire_write_mode                      0x080044e9   Thumb Code     8  main.o(i.one_wire_write_mode)
    read_irq                                 0x080044f9   Thumb Code    46  main.o(i.read_irq)
    read_rx                                  0x0800452d   Thumb Code   144  main.o(i.read_rx)
    rx_mode                                  0x080045c9   Thumb Code    74  main.o(i.rx_mode)
    send_data                                0x0800461d   Thumb Code   148  main.o(i.send_data)
    spi                                      0x080046b9   Thumb Code    30  main.o(i.spi)
    tx_mode                                  0x080046e1   Thumb Code    86  main.o(i.tx_mode)
    aAPBAHBPrescTable                        0x08004740   Data          16  stm32f1xx_hal_rcc.o(.constdata)
    Region$$Table$$Base                      0x08004750   Number         0  anon$$obj.o(Region$$Table)
    Region$$Table$$Limit                     0x08004770   Number         0  anon$$obj.o(Region$$Table)
    SystemCoreClock                          0x20000000   Data           4  system_stm32f1xx.o(.data)
    uCRCErrorWorkaroundCheck                 0x20000008   Data           1  stm32f1xx_hal_spi_ex.o(.data)
    rpm_1_flag                               0x2000000c   Data           1  stm32f1xx_it.o(.data)
    rpm_2_flag                               0x2000000d   Data           1  stm32f1xx_it.o(.data)
    rpm_1_stop                               0x2000000e   Data           1  stm32f1xx_it.o(.data)
    rpm_2_stop                               0x2000000f   Data           1  stm32f1xx_it.o(.data)
    rpm_1_cnt                                0x20000010   Data           4  stm32f1xx_it.o(.data)
    rpm_2_cnt                                0x20000014   Data           4  stm32f1xx_it.o(.data)
    DS_State                                 0x20000018   Data           1  main.o(.data)
    green_led_state                          0x20000019   Data           1  main.o(.data)
    red_light_state                          0x2000001a   Data           1  main.o(.data)
    red_led_state                            0x2000001b   Data           1  main.o(.data)
    state                                    0x2000001c   Data           1  main.o(.data)
    TransmitRepeats                          0x2000001d   Data           1  main.o(.data)
    NRF24L01_POWER                           0x2000001e   Data           1  main.o(.data)
    NRF24L01_Transmit                        0x2000001f   Data           1  main.o(.data)
    NRF24L01_RX                              0x20000020   Data           1  main.o(.data)
    NRF24L01_TX                              0x20000021   Data           1  main.o(.data)
    Core2C_flag                              0x20000022   Data           1  main.o(.data)
    LcdChangeBacklight                       0x20000023   Data           1  main.o(.data)
    button_pressed                           0x20000024   Data           1  main.o(.data)
    Gear                                     0x20000025   Data           1  main.o(.data)
    Ready                                    0x20000026   Data           1  main.o(.data)
    Saved                                    0x20000027   Data           1  main.o(.data)
    length                                   0x20000028   Data           1  main.o(.data)
    data                                     0x20000029   Data           1  main.o(.data)
    SYS_FCLK                                 0x2000002a   Data           1  main.o(.data)
    u8bits                                   0x2000002b   Data           1  main.o(.data)
    GearU                                    0x2000002c   Data           2  main.o(.data)
    u16u8                                    0x2000002e   Data           2  main.o(.data)
    rpm_1                                    0x20000030   Data           4  main.o(.data)
    rpm_2                                    0x20000034   Data           4  main.o(.data)
    i                                        0x20000038   Data           4  main.o(.data)
    Uglobal                                  0x2000003c   Data           4  main.o(.data)
    I                                        0x20000040   Data           4  main.o(.data)
    rev_count_1                              0x20000044   Data           4  main.o(.data)
    rev_count_2                              0x20000048   Data           4  main.o(.data)
    Temperature                              0x2000004c   Data           4  main.o(.data)
    u32u16                                   0x20000050   Data           4  main.o(.data)
    u32u8                                    0x20000054   Data           4  main.o(.data)
    NRF24L01_ID                              0x20000058   Data           5  main.o(.data)
    button_action                            0x2000005d   Data           5  main.o(.data)
    CHx_Koef                                 0x20000064   Data          32  main.o(.data)
    buttons                                  0x20000084   Data          20  main.o(.data)
    adc_value                                0x20000098   Data          16  main.o(.bss)
    ds_pin_read                              0x200000a8   Data          16  main.o(.bss)
    ds_pin_write                             0x200000b8   Data          16  main.o(.bss)
    hadc1                                    0x200000c8   Data          48  main.o(.bss)
    hdma_adc1                                0x200000f8   Data          56  main.o(.bss)
    hrtc                                     0x20000130   Data          20  main.o(.bss)
    hspi1                                    0x20000144   Data          88  main.o(.bss)
    htim1                                    0x2000019c   Data          60  main.o(.bss)
    htim2                                    0x200001d8   Data          60  main.o(.bss)
    htim3                                    0x20000214   Data          60  main.o(.bss)
    htim4                                    0x20000250   Data          60  main.o(.bss)
    htim6                                    0x2000028c   Data          60  main.o(.bss)
    htim7                                    0x200002c8   Data          60  main.o(.bss)
    htim15                                   0x20000304   Data          60  main.o(.bss)
    buffer                                   0x20000340   Data          33  main.o(.bss)
    info_buffer                              0x20000361   Data          33  main.o(.bss)
    gear_ranges                              0x20000382   Data          18  main.o(.bss)
    StabU1                                   0x20000394   Data          24  main.o(.bss)
    StabU2                                   0x200003ac   Data          24  main.o(.bss)
    StabI1                                   0x200003c4   Data          48  main.o(.bss)
    power                                    0x200003f4   Data          12  main.o(.bss)
    __initial_sp                             0x20000800   Data           0  startup_stm32f100xb.o(STACK)



==============================================================================

Memory Map of the image

  Image Entry point : 0x08000121

  Load Region LR_IROM1 (Base: 0x08000000, Size: 0x00004808, Max: 0x00010000, ABSOLUTE)

    Execution Region ER_IROM1 (Base: 0x08000000, Size: 0x00004770, Max: 0x00010000, ABSOLUTE)

    Base Addr    Size         Type   Attr      Idx    E Section Name        Object

    0x08000000   0x00000120   Data   RO         2668    RESET               startup_stm32f100xb.o
    0x08000120   0x00000000   Code   RO         3372  * .ARM.Collect$$$$00000000  mc_w.l(entry.o)
    0x08000120   0x00000004   Code   RO         3416    .ARM.Collect$$$$00000001  mc_w.l(entry2.o)
    0x08000124   0x00000004   Code   RO         3419    .ARM.Collect$$$$00000004  mc_w.l(entry5.o)
    0x08000128   0x00000000   Code   RO         3421    .ARM.Collect$$$$00000008  mc_w.l(entry7b.o)
    0x08000128   0x00000000   Code   RO         3423    .ARM.Collect$$$$0000000A  mc_w.l(entry8b.o)
    0x08000128   0x00000008   Code   RO         3424    .ARM.Collect$$$$0000000B  mc_w.l(entry9a.o)
    0x08000130   0x00000000   Code   RO         3426    .ARM.Collect$$$$0000000D  mc_w.l(entry10a.o)
    0x08000130   0x00000000   Code   RO         3428    .ARM.Collect$$$$0000000F  mc_w.l(entry11a.o)
    0x08000130   0x00000004   Code   RO         3417    .ARM.Collect$$$$00002712  mc_w.l(entry2.o)
    0x08000134   0x00000024   Code   RO         2669    .text               startup_stm32f100xb.o
    0x08000158   0x00000020   Code   RO         3375    .text               mc_w.l(llushr.o)
    0x08000178   0x00000080   Code   RO         3381    .text               mf_w.l(fdiv.o)
    0x080001f8   0x00000018   Code   RO         3383    .text               mf_w.l(fscalb.o)
    0x08000210   0x000000e4   Code   RO         3385    .text               mf_w.l(dmul.o)
    0x080002f4   0x000000de   Code   RO         3387    .text               mf_w.l(ddiv.o)
    0x080003d2   0x0000000a   Code   RO         3389    .text               mf_w.l(ffltui.o)
    0x080003dc   0x0000001a   Code   RO         3391    .text               mf_w.l(dfltui.o)
    0x080003f6   0x00000028   Code   RO         3393    .text               mf_w.l(ffixui.o)
    0x0800041e   0x00000032   Code   RO         3395    .text               mf_w.l(dfixui.o)
    0x08000450   0x00000026   Code   RO         3397    .text               mf_w.l(f2d.o)
    0x08000476   0x00000038   Code   RO         3399    .text               mf_w.l(d2f.o)
    0x080004ae   0x00000000   Code   RO         3437    .text               mc_w.l(iusefp.o)
    0x080004ae   0x0000006c   Code   RO         3438    .text               mf_w.l(fepilogue.o)
    0x0800051a   0x000000be   Code   RO         3440    .text               mf_w.l(depilogue.o)
    0x080005d8   0x00000024   Code   RO         3450    .text               mc_w.l(init.o)
    0x080005fc   0x0000001e   Code   RO         3452    .text               mc_w.l(llshl.o)
    0x0800061a   0x00000002   PAD
    0x0800061c   0x0000004c   Code   RO         1879    i.ADC_ConversionStop_Disable  stm32f1xx_hal_adc.o
    0x08000668   0x0000004e   Code   RO         1880    i.ADC_DMAConvCplt   stm32f1xx_hal_adc.o
    0x080006b6   0x0000001a   Code   RO         1881    i.ADC_DMAError      stm32f1xx_hal_adc.o
    0x080006d0   0x0000000a   Code   RO         1882    i.ADC_DMAHalfConvCplt  stm32f1xx_hal_adc.o
    0x080006da   0x00000002   PAD
    0x080006dc   0x00000070   Code   RO         1883    i.ADC_Enable        stm32f1xx_hal_adc.o
    0x0800074c   0x00000002   Code   RO         2767    i.BusFault_Handler  stm32f1xx_it.o
    0x0800074e   0x00000002   PAD
    0x08000750   0x00000070   Code   RO         2881    i.CheckBKUP         main.o
    0x080007c0   0x0000003c   Code   RO         2882    i.CheckButtons      main.o
    0x080007fc   0x00000020   Code   RO         2884    i.Core0             main.o
    0x0800081c   0x00000060   Code   RO         2885    i.Core1             main.o
    0x0800087c   0x00000078   Code   RO         2886    i.Core2A            main.o
    0x080008f4   0x00000128   Code   RO         2887    i.Core2B            main.o
    0x08000a1c   0x00000024   Code   RO         2888    i.Core2C            main.o
    0x08000a40   0x0000000c   Code   RO         2768    i.DMA1_Channel1_IRQHandler  stm32f1xx_it.o
    0x08000a4c   0x0000001e   Code   RO         1748    i.DMA_SetConfig     stm32f1xx_hal_dma.o
    0x08000a6a   0x0000002e   Code   RO         2889    i.DS18B20_GetFloatTemp  main.o
    0x08000a98   0x00000064   Code   RO         2890    i.DS18B20_Init      main.o
    0x08000afc   0x00000040   Code   RO         2891    i.DS18B20_ReadTemp  main.o
    0x08000b3c   0x00000028   Code   RO         2892    i.DS18B20_Start     main.o
    0x08000b64   0x00000002   Code   RO         2769    i.DebugMon_Handler  stm32f1xx_it.o
    0x08000b66   0x00000002   PAD
    0x08000b68   0x000000d4   Code   RO         2770    i.EXTI15_10_IRQHandler  stm32f1xx_it.o
    0x08000c3c   0x00000020   Code   RO         2771    i.EXTI9_5_IRQHandler  stm32f1xx_it.o
    0x08000c5c   0x00000058   Code   RO         2894    i.GetImA            main.o
    0x08000cb4   0x0000003c   Code   RO         2895    i.GetR1dU           main.o
    0x08000cf0   0x00000054   Code   RO         2897    i.GetUmv            main.o
    0x08000d44   0x00000014   Code   RO         2898    i.GreenLedInvState  main.o
    0x08000d58   0x00000020   Code   RO         2899    i.GreenLedSetState  main.o
    0x08000d78   0x00000168   Code   RO         1885    i.HAL_ADC_ConfigChannel  stm32f1xx_hal_adc.o
    0x08000ee0   0x00000002   Code   RO         1886    i.HAL_ADC_ConvCpltCallback  stm32f1xx_hal_adc.o
    0x08000ee2   0x00000002   Code   RO         1887    i.HAL_ADC_ConvHalfCpltCallback  stm32f1xx_hal_adc.o
    0x08000ee4   0x00000002   Code   RO         1889    i.HAL_ADC_ErrorCallback  stm32f1xx_hal_adc.o
    0x08000ee6   0x00000002   PAD
    0x08000ee8   0x00000134   Code   RO         1894    i.HAL_ADC_Init      stm32f1xx_hal_adc.o
    0x0800101c   0x00000080   Code   RO         2677    i.HAL_ADC_MspInit   stm32f1xx_hal_msp.o
    0x0800109c   0x000000d0   Code   RO         1901    i.HAL_ADC_Start_DMA  stm32f1xx_hal_adc.o
    0x0800116c   0x0000026c   Code   RO         1753    i.HAL_DMA_IRQHandler  stm32f1xx_hal_dma.o
    0x080013d8   0x00000050   Code   RO         1754    i.HAL_DMA_Init      stm32f1xx_hal_dma.o
    0x08001428   0x00000058   Code   RO         1757    i.HAL_DMA_Start_IT  stm32f1xx_hal_dma.o
    0x08001480   0x00000016   Code   RO         1322    i.HAL_Delay         stm32f1xx_hal.o
    0x08001496   0x00000002   Code   RO         1683    i.HAL_GPIO_EXTI_Callback  stm32f1xx_hal_gpio.o
    0x08001498   0x00000018   Code   RO         1684    i.HAL_GPIO_EXTI_IRQHandler  stm32f1xx_hal_gpio.o
    0x080014b0   0x000001d8   Code   RO         1685    i.HAL_GPIO_Init     stm32f1xx_hal_gpio.o
    0x08001688   0x0000000a   Code   RO         1689    i.HAL_GPIO_WritePin  stm32f1xx_hal_gpio.o
    0x08001692   0x00000002   PAD
    0x08001694   0x0000000c   Code   RO         1326    i.HAL_GetTick       stm32f1xx_hal.o
    0x080016a0   0x00000010   Code   RO         1327    i.HAL_IncTick       stm32f1xx_hal.o
    0x080016b0   0x00000016   Code   RO         1328    i.HAL_Init          stm32f1xx_hal.o
    0x080016c6   0x00000022   Code   RO         1329    i.HAL_InitTick      stm32f1xx_hal.o
    0x080016e8   0x0000006c   Code   RO         2678    i.HAL_MspInit       stm32f1xx_hal_msp.o
    0x08001754   0x00000018   Code   RO         2061    i.HAL_NVIC_EnableIRQ  stm32f1xx_hal_cortex.o
    0x0800176c   0x00000040   Code   RO         2067    i.HAL_NVIC_SetPriority  stm32f1xx_hal_cortex.o
    0x080017ac   0x00000024   Code   RO         2068    i.HAL_NVIC_SetPriorityGrouping  stm32f1xx_hal_cortex.o
    0x080017d0   0x00000018   Code   RO          249    i.HAL_PWR_EnableBkUpAccess  stm32f1xx_hal_pwr.o
    0x080017e8   0x00000020   Code   RO          255    i.HAL_PWR_EnterSTANDBYMode  stm32f1xx_hal_pwr.o
    0x08001808   0x0000006c   Code   RO         1844    i.HAL_RCCEx_GetPeriphCLKFreq  stm32f1xx_hal_rcc_ex.o
    0x08001874   0x0000010c   Code   RO         1845    i.HAL_RCCEx_PeriphCLKConfig  stm32f1xx_hal_rcc_ex.o
    0x08001980   0x00000108   Code   RO          134    i.HAL_RCC_ClockConfig  stm32f1xx_hal_rcc.o
    0x08001a88   0x00000034   Code   RO          139    i.HAL_RCC_GetHCLKFreq  stm32f1xx_hal_rcc.o
    0x08001abc   0x0000002c   Code   RO          142    i.HAL_RCC_GetPCLK2Freq  stm32f1xx_hal_rcc.o
    0x08001ae8   0x000000ac   Code   RO          143    i.HAL_RCC_GetSysClockFreq  stm32f1xx_hal_rcc.o
    0x08001b94   0x00000646   Code   RO          146    i.HAL_RCC_OscConfig  stm32f1xx_hal_rcc.o
    0x080021da   0x00000002   PAD
    0x080021dc   0x00000010   Code   RO         2567    i.HAL_RTCEx_BKUPRead  stm32f1xx_hal_rtc_ex.o
    0x080021ec   0x00000010   Code   RO         2568    i.HAL_RTCEx_BKUPWrite  stm32f1xx_hal_rtc_ex.o
    0x080021fc   0x000000a0   Code   RO         2405    i.HAL_RTC_Init      stm32f1xx_hal_rtc.o
    0x0800229c   0x00000040   Code   RO         2680    i.HAL_RTC_MspInit   stm32f1xx_hal_msp.o
    0x080022dc   0x000000c4   Code   RO         2411    i.HAL_RTC_SetDate   stm32f1xx_hal_rtc.o
    0x080023a0   0x000000ac   Code   RO         2412    i.HAL_RTC_SetTime   stm32f1xx_hal_rtc.o
    0x0800244c   0x0000003a   Code   RO         2413    i.HAL_RTC_WaitForSynchro  stm32f1xx_hal_rtc.o
    0x08002486   0x00000002   PAD
    0x08002488   0x00000080   Code   RO         2176    i.HAL_SPI_Init      stm32f1xx_hal_spi_ex.o
    0x08002508   0x00000064   Code   RO         2682    i.HAL_SPI_MspInit   stm32f1xx_hal_msp.o
    0x0800256c   0x000002b2   Code   RO          384    i.HAL_SPI_TransmitReceive  stm32f1xx_hal_spi.o
    0x0800281e   0x00000018   Code   RO         2070    i.HAL_SYSTICK_CLKSourceConfig  stm32f1xx_hal_cortex.o
    0x08002836   0x00000002   Code   RO         2071    i.HAL_SYSTICK_Callback  stm32f1xx_hal_cortex.o
    0x08002838   0x00000028   Code   RO         2072    i.HAL_SYSTICK_Config  stm32f1xx_hal_cortex.o
    0x08002860   0x00000008   Code   RO         2073    i.HAL_SYSTICK_IRQHandler  stm32f1xx_hal_cortex.o
    0x08002868   0x00000002   Code   RO         1449    i.HAL_TIMEx_BreakCallback  stm32f1xx_hal_tim_ex.o
    0x0800286a   0x00000002   Code   RO         1450    i.HAL_TIMEx_CommutationCallback  stm32f1xx_hal_tim_ex.o
    0x0800286c   0x00000042   Code   RO         1451    i.HAL_TIMEx_ConfigBreakDeadTime  stm32f1xx_hal_tim_ex.o
    0x080028ae   0x00000050   Code   RO         1466    i.HAL_TIMEx_MasterConfigSynchronization  stm32f1xx_hal_tim_ex.o
    0x080028fe   0x00000036   Code   RO          614    i.HAL_TIM_Base_Init  stm32f1xx_hal_tim.o
    0x08002934   0x000000cc   Code   RO         2684    i.HAL_TIM_Base_MspInit  stm32f1xx_hal_msp.o
    0x08002a00   0x00000018   Code   RO          619    i.HAL_TIM_Base_Start_IT  stm32f1xx_hal_tim.o
    0x08002a18   0x000000f0   Code   RO          623    i.HAL_TIM_ConfigClockSource  stm32f1xx_hal_tim.o
    0x08002b08   0x00000002   Code   RO          643    i.HAL_TIM_IC_CaptureCallback  stm32f1xx_hal_tim.o
    0x08002b0a   0x00000166   Code   RO          656    i.HAL_TIM_IRQHandler  stm32f1xx_hal_tim.o
    0x08002c70   0x00000058   Code   RO         2685    i.HAL_TIM_MspPostInit  stm32f1xx_hal_msp.o
    0x08002cc8   0x00000002   Code   RO          659    i.HAL_TIM_OC_DelayElapsedCallback  stm32f1xx_hal_tim.o
    0x08002cca   0x000000ce   Code   RO          680    i.HAL_TIM_PWM_ConfigChannel  stm32f1xx_hal_tim.o
    0x08002d98   0x00000036   Code   RO          683    i.HAL_TIM_PWM_Init  stm32f1xx_hal_tim.o
    0x08002dce   0x00000002   PAD
    0x08002dd0   0x0000003c   Code   RO         2687    i.HAL_TIM_PWM_MspInit  stm32f1xx_hal_msp.o
    0x08002e0c   0x00000002   Code   RO          686    i.HAL_TIM_PWM_PulseFinishedCallback  stm32f1xx_hal_tim.o
    0x08002e0e   0x00000002   PAD
    0x08002e10   0x0000004c   Code   RO          687    i.HAL_TIM_PWM_Start  stm32f1xx_hal_tim.o
    0x08002e5c   0x00000070   Code   RO          690    i.HAL_TIM_PWM_Stop  stm32f1xx_hal_tim.o
    0x08002ecc   0x00000002   Code   RO          693    i.HAL_TIM_PeriodElapsedCallback  stm32f1xx_hal_tim.o
    0x08002ece   0x00000002   Code   RO          697    i.HAL_TIM_TriggerCallback  stm32f1xx_hal_tim.o
    0x08002ed0   0x00000002   Code   RO         2772    i.HardFault_Handler  stm32f1xx_it.o
    0x08002ed2   0x00000002   PAD
    0x08002ed4   0x0000007c   Code   RO         2901    i.LoadConfig        main.o
    0x08002f50   0x000000a0   Code   RO         2902    i.MX_ADC1_Init      main.o
    0x08002ff0   0x00000128   Code   RO         2903    i.MX_GPIO_Init      main.o
    0x08003118   0x00000038   Code   RO         2904    i.MX_SPI1_Init      main.o
    0x08003150   0x0000007c   Code   RO         2905    i.MX_TIM15_Init     main.o
    0x080031cc   0x0000004c   Code   RO         2906    i.MX_TIM1_Init      main.o
    0x08003218   0x00000058   Code   RO         2907    i.MX_TIM2_Init      main.o
    0x08003270   0x00000002   Code   RO         2773    i.MemManage_Handler  stm32f1xx_it.o
    0x08003272   0x00000002   Code   RO         2774    i.NMI_Handler       stm32f1xx_it.o
    0x08003274   0x00000130   Code   RO         2908    i.NRF24L01_IRQ      main.o
    0x080033a4   0x00000134   Code   RO         2909    i.NRF24L01_init     main.o
    0x080034d8   0x0000004c   Code   RO         2910    i.NRF24L01_power_down  main.o
    0x08003524   0x00000020   Code   RO         2074    i.NVIC_SetPriority  stm32f1xx_hal_cortex.o
    0x08003544   0x0000008c   Code   RO         2911    i.ProcessRequest    main.o
    0x080035d0   0x00000012   Code   RO         2414    i.RTC_Bcd2ToByte    stm32f1xx_hal_rtc.o
    0x080035e2   0x00000034   Code   RO         2417    i.RTC_EnterInitMode  stm32f1xx_hal_rtc.o
    0x08003616   0x00000002   PAD
    0x08003618   0x00000036   Code   RO         2418    i.RTC_ExitInitMode  stm32f1xx_hal_rtc.o
    0x0800364e   0x0000000e   Code   RO         2419    i.RTC_ReadAlarmCounter  stm32f1xx_hal_rtc.o
    0x0800365c   0x00000020   Code   RO         2420    i.RTC_ReadTimeCounter  stm32f1xx_hal_rtc.o
    0x0800367c   0x00000058   Code   RO         2421    i.RTC_WeekDayNum    stm32f1xx_hal_rtc.o
    0x080036d4   0x00000028   Code   RO         2422    i.RTC_WriteAlarmCounter  stm32f1xx_hal_rtc.o
    0x080036fc   0x00000028   Code   RO         2423    i.RTC_WriteTimeCounter  stm32f1xx_hal_rtc.o
    0x08003724   0x00000014   Code   RO         2912    i.RedLedInvState    main.o
    0x08003738   0x00000020   Code   RO         2913    i.RedLedSetState    main.o
    0x08003758   0x00000014   Code   RO         2915    i.RedLightInvState  main.o
    0x0800376c   0x00000020   Code   RO         2916    i.RedLightSetState  main.o
    0x0800378c   0x0000009e   Code   RO          406    i.SPI_WaitOnFlagUntilTimeout  stm32f1xx_hal_spi.o
    0x0800382a   0x00000002   PAD
    0x0800382c   0x000000ac   Code   RO         2918    i.SaveConfig        main.o
    0x080038d8   0x00000028   Code   RO         2919    i.SendFullInfo      main.o
    0x08003900   0x00000154   Code   RO         2920    i.SendInfo          main.o
    0x08003a54   0x00000080   Code   RO         2921    i.SetID             main.o
    0x08003ad4   0x00000060   Code   RO         2922    i.StabI_Procc       main.o
    0x08003b34   0x00000040   Code   RO         2923    i.StabU_Procc       main.o
    0x08003b74   0x00000038   Code   RO         2924    i.StepUpDownState   main.o
    0x08003bac   0x0000001c   Code   RO         2925    i.StepUpDownValue_dec  main.o
    0x08003bc8   0x00000022   Code   RO         2926    i.StepUpDownValue_inc  main.o
    0x08003bea   0x00000024   Code   RO         2927    i.StepUpState       main.o
    0x08003c0e   0x00000014   Code   RO         2929    i.StepUpValue_dec   main.o
    0x08003c22   0x00000018   Code   RO         2930    i.StepUpValue_inc   main.o
    0x08003c3a   0x0000000e   Code   RO         2775    i.SysTick_Handler   stm32f1xx_it.o
    0x08003c48   0x00000070   Code   RO         2931    i.SystemClock_Config  main.o
    0x08003cb8   0x0000004c   Code   RO            5    i.SystemInit        system_stm32f1xx.o
    0x08003d04   0x0000001c   Code   RO         2776    i.TIM1_UP_TIM16_IRQHandler  stm32f1xx_it.o
    0x08003d20   0x0000003c   Code   RO         2777    i.TIM3_IRQHandler   stm32f1xx_it.o
    0x08003d5c   0x0000003c   Code   RO         2778    i.TIM4_IRQHandler   stm32f1xx_it.o
    0x08003d98   0x00000024   Code   RO         2779    i.TIM6_DAC_IRQHandler  stm32f1xx_it.o
    0x08003dbc   0x00000090   Code   RO          698    i.TIM_Base_SetConfig  stm32f1xx_hal_tim.o
    0x08003e4c   0x00000016   Code   RO          699    i.TIM_CCxChannelCmd  stm32f1xx_hal_tim.o
    0x08003e62   0x00000014   Code   RO          705    i.TIM_ETR_SetConfig  stm32f1xx_hal_tim.o
    0x08003e76   0x00000010   Code   RO          706    i.TIM_ITRx_SetConfig  stm32f1xx_hal_tim.o
    0x08003e86   0x00000002   PAD
    0x08003e88   0x00000080   Code   RO          707    i.TIM_OC1_SetConfig  stm32f1xx_hal_tim.o
    0x08003f08   0x00000078   Code   RO          708    i.TIM_OC2_SetConfig  stm32f1xx_hal_tim.o
    0x08003f80   0x00000078   Code   RO          709    i.TIM_OC3_SetConfig  stm32f1xx_hal_tim.o
    0x08003ff8   0x00000064   Code   RO          710    i.TIM_OC4_SetConfig  stm32f1xx_hal_tim.o
    0x0800405c   0x00000022   Code   RO          712    i.TIM_TI1_ConfigInputStage  stm32f1xx_hal_tim.o
    0x0800407e   0x00000024   Code   RO          714    i.TIM_TI2_ConfigInputStage  stm32f1xx_hal_tim.o
    0x080040a2   0x00000002   Code   RO         2780    i.UsageFault_Handler  stm32f1xx_it.o
    0x080040a4   0x0000000e   Code   RO         3462    i.__scatterload_copy  mc_w.l(handlers.o)
    0x080040b2   0x00000002   Code   RO         3463    i.__scatterload_null  mc_w.l(handlers.o)
    0x080040b4   0x0000000e   Code   RO         3464    i.__scatterload_zeroinit  mc_w.l(handlers.o)
    0x080040c2   0x00000002   PAD
    0x080040c4   0x00000038   Code   RO         2932    i.clr_irq           main.o
    0x080040fc   0x0000001c   Code   RO         2933    i.delay_ms          main.o
    0x08004118   0x00000018   Code   RO         2934    i.delay_us          main.o
    0x08004130   0x000002a0   Code   RO         2935    i.main              main.o
    0x080043d0   0x0000005c   Code   RO         2936    i.one_wire_read_bit  main.o
    0x0800442c   0x0000006c   Code   RO         2939    i.one_wire_reset    main.o
    0x08004498   0x00000030   Code   RO         2940    i.one_wire_write_bit  main.o
    0x080044c8   0x0000001e   Code   RO         2941    i.one_wire_write_byte  main.o
    0x080044e6   0x00000002   PAD
    0x080044e8   0x00000010   Code   RO         2942    i.one_wire_write_mode  main.o
    0x080044f8   0x00000034   Code   RO         2943    i.read_irq          main.o
    0x0800452c   0x0000009c   Code   RO         2944    i.read_rx           main.o
    0x080045c8   0x00000054   Code   RO         2945    i.rx_mode           main.o
    0x0800461c   0x0000009c   Code   RO         2946    i.send_data         main.o
    0x080046b8   0x00000028   Code   RO         2951    i.spi               main.o
    0x080046e0   0x00000060   Code   RO         2952    i.tx_mode           main.o
    0x08004740   0x00000010   Data   RO          147    .constdata          stm32f1xx_hal_rcc.o
    0x08004750   0x00000020   Data   RO         3460    Region$$Table       anon$$obj.o


    Execution Region RW_IRAM1 (Base: 0x20000000, Size: 0x00000800, Max: 0x00002000, ABSOLUTE)

    Base Addr    Size         Type   Attr      Idx    E Section Name        Object

    0x20000000   0x00000004   Data   RW            7    .data               system_stm32f1xx.o
    0x20000004   0x00000004   Data   RW         1334    .data               stm32f1xx_hal.o
    0x20000008   0x00000001   Data   RW         2178    .data               stm32f1xx_hal_spi_ex.o
    0x20000009   0x00000003   PAD
    0x2000000c   0x0000000c   Data   RW         2781    .data               stm32f1xx_it.o
    0x20000018   0x00000080   Data   RW         2959    .data               main.o
    0x20000098   0x00000368   Zero   RW         2953    .bss                main.o
    0x20000400   0x00000400   Zero   RW         2666    STACK               startup_stm32f100xb.o


==============================================================================

Image component sizes


      Code (inc. data)   RO Data    RW Data    ZI Data      Debug   Object Name

      5950        468          0        128        872      36363   main.o
        36          8        288          0       1024        712   startup_stm32f100xb.o
       106         12          0          4          0       3270   stm32f1xx_hal.o
      1184         44          0          0          0       7250   stm32f1xx_hal_adc.o
       230         24          0          0          0      26629   stm32f1xx_hal_cortex.o
       818          4          0          0          0       3135   stm32f1xx_hal_dma.o
       508         42          0          0          0       3612   stm32f1xx_hal_gpio.o
       752        112          0          0          0       4311   stm32f1xx_hal_msp.o
        56         12          0          0          0        946   stm32f1xx_hal_pwr.o
      2138         92         16          0          0       4957   stm32f1xx_hal_rcc.o
       376         22          0          0          0       1933   stm32f1xx_hal_rcc_ex.o
       924         14          0          0          0       7984   stm32f1xx_hal_rtc.o
        32         10          0          0          0       1443   stm32f1xx_hal_rtc_ex.o
       848          0          0          0          0       2338   stm32f1xx_hal_spi.o
       128          6          0          1          0       1198   stm32f1xx_hal_spi_ex.o
      1874        126          0          0          0      14229   stm32f1xx_hal_tim.o
       150          0          0          0          0       2766   stm32f1xx_hal_tim_ex.o
       466         92          0         12          0       6373   stm32f1xx_it.o
        76         16          0          4          0     217961   system_stm32f1xx.o

    ----------------------------------------------------------------------
     16680       1104        336        152       1896     347410   Object Totals
         0          0         32          0          0          0   (incl. Generated)
        28          0          0          3          0          0   (incl. Padding)

    ----------------------------------------------------------------------

      Code (inc. data)   RO Data    RW Data    ZI Data      Debug   Library Member Name

         0          0          0          0          0          0   entry.o
         0          0          0          0          0          0   entry10a.o
         0          0          0          0          0          0   entry11a.o
         8          4          0          0          0          0   entry2.o
         4          0          0          0          0          0   entry5.o
         0          0          0          0          0          0   entry7b.o
         0          0          0          0          0          0   entry8b.o
         8          4          0          0          0          0   entry9a.o
        30          0          0          0          0          0   handlers.o
        36          8          0          0          0         68   init.o
         0          0          0          0          0          0   iusefp.o
        30          0          0          0          0         68   llshl.o
        32          0          0          0          0         68   llushr.o
        56          0          0          0          0         88   d2f.o
       222          0          0          0          0        100   ddiv.o
       190          0          0          0          0        176   depilogue.o
        50          0          0          0          0         76   dfixui.o
        26          0          0          0          0         76   dfltui.o
       228          0          0          0          0         92   dmul.o
        38          0          0          0          0         68   f2d.o
       128          0          0          0          0         88   fdiv.o
       108          0          0          0          0        168   fepilogue.o
        40          0          0          0          0         68   ffixui.o
        10          0          0          0          0         68   ffltui.o
        24          0          0          0          0         68   fscalb.o

    ----------------------------------------------------------------------
      1272         16          0          0          0       1340   Library Totals
         4          0          0          0          0          0   (incl. Padding)

    ----------------------------------------------------------------------

      Code (inc. data)   RO Data    RW Data    ZI Data      Debug   Library Name

       148         16          0          0          0        204   mc_w.l
      1120          0          0          0          0       1136   mf_w.l

    ----------------------------------------------------------------------
      1272         16          0          0          0       1340   Library Totals

    ----------------------------------------------------------------------

==============================================================================


      Code (inc. data)   RO Data    RW Data    ZI Data      Debug   

     17952       1120        336        152       1896     339494   Grand Totals
     17952       1120        336        152       1896     339494   ELF Image Totals
     17952       1120        336        152          0          0   ROM Totals

==============================================================================

    Total RO  Size (Code + RO Data)                18288 (  17.86kB)
    Total RW  Size (RW Data + ZI Data)              2048 (   2.00kB)
    Total ROM Size (Code + RO Data + RW Data)      18440 (  18.01kB)

==============================================================================

