<html>
<body>
<pre>
<h1>µVision Build Log</h1>
<h2>Project:</h2>
C:\main\MC\Driver\MDK-ARM\Driver.uvproj
Project File Date:  07/30/2016

<h2>Output:</h2>
Build target 'Driver'
compiling main.c...
linking...
Program Size: Code=17736 RO-data=336 RW-data=152 ZI-data=1896  
FromELF: creating hex file...
"Driver\Driver.axf" - 0 Error(s), 0 Warning(s).
Load "Driver\\Driver.axf" 
Erase Done.
Programming Done.
Verify OK.
</pre>
</body>
</html>

Error: Flash Download failed  -  Target DLL has been cancelled
Load "Driver\\Driver.axf" 
Erase Done.
Programming Done.
Verify OK.
